Archive member included to satisfy reference by file (symbol)

C:/Users/backu/.pico-sdk/toolchain/14_2_Rel1/bin/../lib/gcc/arm-none-eabi/14.2.1/thumb/v8-m.main+fp/softfp\libm.a(libm_a-wf_sqrt.o)
                              CMakeFiles/LogicAnalyzer.dir/C_/Users/backu/.pico-sdk/sdk/2.2.0/src/rp2_common/pico_float/float_math.c.obj (sqrtf)
C:/Users/backu/.pico-sdk/toolchain/14_2_Rel1/bin/../lib/gcc/arm-none-eabi/14.2.1/thumb/v8-m.main+fp/softfp\libm.a(libm_a-ef_sqrt.o)
                              C:/Users/backu/.pico-sdk/toolchain/14_2_Rel1/bin/../lib/gcc/arm-none-eabi/14.2.1/thumb/v8-m.main+fp/softfp\libm.a(libm_a-wf_sqrt.o) (__ieee754_sqrtf)
C:/Users/backu/.pico-sdk/toolchain/14_2_Rel1/bin/../lib/gcc/arm-none-eabi/14.2.1/thumb/v8-m.main+fp/softfp\libgcc.a(_arm_addsubdf3.o)
                              CMakeFiles/LogicAnalyzer.dir/LogicAnalyzer.c.obj (__aeabi_f2d)
C:/Users/backu/.pico-sdk/toolchain/14_2_Rel1/bin/../lib/gcc/arm-none-eabi/14.2.1/thumb/v8-m.main+fp/softfp\libgcc.a(_aeabi_ldivmod.o)
                              CMakeFiles/LogicAnalyzer.dir/C_/Users/backu/.pico-sdk/sdk/2.2.0/src/common/pico_time/time.c.obj (__aeabi_ldivmod)
C:/Users/backu/.pico-sdk/toolchain/14_2_Rel1/bin/../lib/gcc/arm-none-eabi/14.2.1/thumb/v8-m.main+fp/softfp\libgcc.a(_aeabi_uldivmod.o)
                              CMakeFiles/LogicAnalyzer.dir/C_/Users/backu/.pico-sdk/sdk/2.2.0/src/rp2_common/hardware_clocks/clocks.c.obj (__aeabi_uldivmod)
C:/Users/backu/.pico-sdk/toolchain/14_2_Rel1/bin/../lib/gcc/arm-none-eabi/14.2.1/thumb/v8-m.main+fp/softfp\libgcc.a(_udivmoddi4.o)
                              C:/Users/backu/.pico-sdk/toolchain/14_2_Rel1/bin/../lib/gcc/arm-none-eabi/14.2.1/thumb/v8-m.main+fp/softfp\libgcc.a(_aeabi_ldivmod.o) (__udivmoddi4)
C:/Users/backu/.pico-sdk/toolchain/14_2_Rel1/bin/../lib/gcc/arm-none-eabi/14.2.1/thumb/v8-m.main+fp/softfp\libgcc.a(_dvmd_tls.o)
                              C:/Users/backu/.pico-sdk/toolchain/14_2_Rel1/bin/../lib/gcc/arm-none-eabi/14.2.1/thumb/v8-m.main+fp/softfp\libgcc.a(_aeabi_ldivmod.o) (__aeabi_ldiv0)
C:/Users/backu/.pico-sdk/toolchain/14_2_Rel1/bin/../lib/gcc/arm-none-eabi/14.2.1/thumb/v8-m.main+fp/softfp\libg.a(libc_a-atoi.o)
                              CMakeFiles/LogicAnalyzer.dir/C_/Users/backu/.pico-sdk/sdk/2.2.0/lib/lwip/src/core/netif.c.obj (atoi)
C:/Users/backu/.pico-sdk/toolchain/14_2_Rel1/bin/../lib/gcc/arm-none-eabi/14.2.1/thumb/v8-m.main+fp/softfp\libg.a(libc_a-calloc.o)
                              CMakeFiles/LogicAnalyzer.dir/C_/Users/backu/.pico-sdk/sdk/2.2.0/src/rp2_common/pico_malloc/malloc.c.obj (calloc)
C:/Users/backu/.pico-sdk/toolchain/14_2_Rel1/bin/../lib/gcc/arm-none-eabi/14.2.1/thumb/v8-m.main+fp/softfp\libg.a(libc_a-callocr.o)
                              C:/Users/backu/.pico-sdk/toolchain/14_2_Rel1/bin/../lib/gcc/arm-none-eabi/14.2.1/thumb/v8-m.main+fp/softfp\libg.a(libc_a-calloc.o) (_calloc_r)
C:/Users/backu/.pico-sdk/toolchain/14_2_Rel1/bin/../lib/gcc/arm-none-eabi/14.2.1/thumb/v8-m.main+fp/softfp\libg.a(libc_a-malloc.o)
                              CMakeFiles/LogicAnalyzer.dir/C_/Users/backu/.pico-sdk/sdk/2.2.0/src/rp2_common/pico_malloc/malloc.c.obj (malloc)
C:/Users/backu/.pico-sdk/toolchain/14_2_Rel1/bin/../lib/gcc/arm-none-eabi/14.2.1/thumb/v8-m.main+fp/softfp\libg.a(libc_a-mallocr.o)
                              C:/Users/backu/.pico-sdk/toolchain/14_2_Rel1/bin/../lib/gcc/arm-none-eabi/14.2.1/thumb/v8-m.main+fp/softfp\libg.a(libc_a-callocr.o) (_malloc_r)
C:/Users/backu/.pico-sdk/toolchain/14_2_Rel1/bin/../lib/gcc/arm-none-eabi/14.2.1/thumb/v8-m.main+fp/softfp\libg.a(libc_a-mlock.o)
                              C:/Users/backu/.pico-sdk/toolchain/14_2_Rel1/bin/../lib/gcc/arm-none-eabi/14.2.1/thumb/v8-m.main+fp/softfp\libg.a(libc_a-mallocr.o) (__malloc_lock)
C:/Users/backu/.pico-sdk/toolchain/14_2_Rel1/bin/../lib/gcc/arm-none-eabi/14.2.1/thumb/v8-m.main+fp/softfp\libg.a(libc_a-realloc.o)
                              CMakeFiles/LogicAnalyzer.dir/C_/Users/backu/.pico-sdk/sdk/2.2.0/src/rp2_common/pico_malloc/malloc.c.obj (realloc)
C:/Users/backu/.pico-sdk/toolchain/14_2_Rel1/bin/../lib/gcc/arm-none-eabi/14.2.1/thumb/v8-m.main+fp/softfp\libg.a(libc_a-reallocr.o)
                              C:/Users/backu/.pico-sdk/toolchain/14_2_Rel1/bin/../lib/gcc/arm-none-eabi/14.2.1/thumb/v8-m.main+fp/softfp\libg.a(libc_a-realloc.o) (_realloc_r)
C:/Users/backu/.pico-sdk/toolchain/14_2_Rel1/bin/../lib/gcc/arm-none-eabi/14.2.1/thumb/v8-m.main+fp/softfp\libg.a(libc_a-strtol.o)
                              C:/Users/backu/.pico-sdk/toolchain/14_2_Rel1/bin/../lib/gcc/arm-none-eabi/14.2.1/thumb/v8-m.main+fp/softfp\libg.a(libc_a-atoi.o) (_strtol_r)
C:/Users/backu/.pico-sdk/toolchain/14_2_Rel1/bin/../lib/gcc/arm-none-eabi/14.2.1/thumb/v8-m.main+fp/softfp\libg.a(libc_a-ctype_.o)
                              CMakeFiles/LogicAnalyzer.dir/C_/Users/backu/.pico-sdk/sdk/2.2.0/lib/tinyusb/src/tusb.c.obj (_ctype_)
[...]
Memory Configuration

Name             Origin             Length             Attributes
FLASH            0x10000000         0x00400000         xr
RAM              0x20000000         0x00080000         xrw
SCRATCH_X        0x20080000         0x00001000         xrw
SCRATCH_Y        0x20081000         0x00001000         xrw
*default*        0x00000000         0xffffffff

Linker script and memory map

LOAD C:/Users/backu/.pico-sdk/toolchain/14_2_Rel1/bin/../lib/gcc/arm-none-eabi/14.2.1/thumb/v8-m.main+fp/softfp/crti.o
LOAD C:/Users/backu/.pico-sdk/toolchain/14_2_Rel1/bin/../lib/gcc/arm-none-eabi/14.2.1/thumb/v8-m.main+fp/softfp/crtbegin.o
LOAD C:/Users/backu/.pico-sdk/toolchain/14_2_Rel1/bin/../lib/gcc/arm-none-eabi/14.2.1/thumb/v8-m.main+fp/softfp/crt0.o

.flash_begin    0x10000000        0x0
                0x10000000                        __flash_binary_start = .

.text           0x10000000    0x16bdc
                0x10000000                        __logical_binary_start = .
 *(.vectors)
 .vectors       0x10000000      0x124 CMakeFiles/LogicAnalyzer.dir/C_/Users/backu/.pico-sdk/sdk/2.2.0/src/rp2_common/pico_crt0/crt0.S.obj
                0x10000000                __VECTOR_TABLE
                0x10000000                __vectors
                0x10000110                __unhandled_user_irq
                0x10000110                TIMER1_IRQ_1_Handler
                0x10000110                TIMER0_IRQ_1_Handler
                0x10000110                TRNG_IRQ_Handler
                0x10000110                isr_irq49
                0x10000110                PLL_SYS_IRQ_Handler
                0x10000110                TIMER1_IRQ_2_Handler
                0x10000110                TIMER0_IRQ_3_Handler
                0x10000110                IO_IRQ_BANK0_Handler
                0x10000110                BusFault_Handler
                0x10000110                PIO0_IRQ_0_Handler
                0x10000110                USBCTRL_IRQ_Handler
                0x10000110                SPI1_IRQ_Handler
                0x10000110                POWMAN_IRQ_POW_Handler
                0x10000110                DMA_IRQ_2_Handler
                0x10000110                PIO1_IRQ_1_Handler
                0x10000110                POWMAN_IRQ_TIMER_Handler
                0x10000110                DMA_IRQ_1_Handler
                0x10000110                SIO_IRQ_FIFO_Handler
                0x10000110                UsageFault_Handler
                0x10000110                PLL_USB_IRQ_Handler
                0x10000110                UART0_IRQ_Handler
                0x10000110                I2C1_IRQ_Handler
                0x10000110                IO_IRQ_BANK0_NS_Handler
                0x10000110                isr_irq48
                0x10000110                PIO2_IRQ_1_Handler
                0x10000110                PWM_IRQ_WRAP_0_Handler
                0x10000110                isr_irq50
                0x10000110                TIMER1_IRQ_0_Handler
                0x10000110                isr_irq40
                0x10000110                SPI0_IRQ_Handler
                0x10000110                PWM_IRQ_WRAP_1_Handler
                0x10000110                SIO_IRQ_BELL_Handler
                0x10000110                isr_irq41
                0x10000110                OTP_IRQ_Handler
                0x10000110                IO_IRQ_QSPI_NS_Handler
                0x10000110                TIMER0_IRQ_0_Handler
                0x10000110                PIO0_IRQ_1_Handler
                0x10000110                I2C0_IRQ_Handler
                0x10000110                SIO_IRQ_FIFO_NS_Handler
                0x10000110                SecureFault_Handler
                0x10000110                SIO_IRQ_BELL_NS_Handler
                0x10000110                SIO_IRQ_MTIMECMP_Handler
                0x10000110                TIMER0_IRQ_2_Handler
                0x10000110                __vectors_end
                0x10000110                UART1_IRQ_Handler
                0x10000110                __default_isrs_start
                0x10000110                DMA_IRQ_0_Handler
                0x10000110                CLOCKS_IRQ_Handler
                0x10000110                PIO1_IRQ_0_Handler
                0x10000110                MemManage_Handler
                0x10000110                DebugMon_Handler
                0x10000110                PIO2_IRQ_0_Handler
                0x10000110                isr_irq46
                0x10000110                ADC_IRQ_FIFO_Handler
                0x10000110                isr_irq47
                0x10000110                isr_irq51
                0x10000110                IO_IRQ_QSPI_Handler
                0x10000110                TIMER1_IRQ_3_Handler
                0x10000110                DMA_IRQ_3_Handler
                0x10000116                unhandled_user_irq_num_in_r0
                0x10000118                isr_invalid
                0x1000011a                NMI_Handler
                0x1000011c                HardFault_Handler
                0x1000011e                SVC_Handler
                0x10000120                PendSV_Handler
                0x10000122                SysTick_Handler
                0x10000124                __default_isrs_end
 *(.binary_info_header)
 .binary_info_header
                0x10000124       0x14 CMakeFiles/LogicAnalyzer.dir/C_/Users/backu/.pico-sdk/sdk/2.2.0/src/rp2_common/pico_crt0/crt0.S.obj
                0x10000138                        __binary_info_header_end = .
 *(.embedded_block)
 .embedded_block
                0x10000138       0x14 CMakeFiles/LogicAnalyzer.dir/C_/Users/backu/.pico-sdk/sdk/2.2.0/src/rp2_common/pico_crt0/crt0.S.obj
                0x1000014c                        __embedded_block_end = .
 *(.reset)
 .reset         0x1000014c       0x98 CMakeFiles/LogicAnalyzer.dir/C_/Users/backu/.pico-sdk/sdk/2.2.0/src/rp2_common/pico_crt0/crt0.S.obj
                0x1000014c                _entry_point
 *(.init)
 .init          0x100001e4        0x4 C:/Users/backu/.pico-sdk/toolchain/14_2_Rel1/bin/../lib/gcc/arm-none-eabi/14.2.1/thumb/v8-m.main+fp/softfp/crti.o
                0x100001e4                _init
 SORT_BY_NAME(REVERSE(*libgcc.a:cmse_nonsecure_call.o))()
 *(EXCLUDE_FILE(*libm.a: *libc.a:*lib_a-mem*.o *libgcc.a:) .text*)
 .text.register_tm_clones
                0x100001e8       0x28 C:/Users/backu/.pico-sdk/toolchain/14_2_Rel1/bin/../lib/gcc/arm-none-eabi/14.2.1/thumb/v8-m.main+fp/softfp/crtbegin.o
 .text.frame_dummy
                0x10000210       0x24 C:/Users/backu/.pico-sdk/toolchain/14_2_Rel1/bin/../lib/gcc/arm-none-eabi/14.2.1/thumb/v8-m.main+fp/softfp/crtbegin.o
 .text.queue_get_level
                0x10000234       0x42 CMakeFiles/LogicAnalyzer.dir/Event_Machine.c.obj
 .text.queue_init
                0x10000276       0x1a CMakeFiles/LogicAnalyzer.dir/Event_Machine.c.obj
 .text.event_machine_init
                0x10000290       0x12 CMakeFiles/LogicAnalyzer.dir/Event_Machine.c.obj
                0x10000290                event_machine_init
 .text.event_has_events
                0x100002a2        0x4 CMakeFiles/LogicAnalyzer.dir/Event_Machine.c.obj
                0x100002a2                event_has_events
 .text.event_push
                0x100002a6        0x8 CMakeFiles/LogicAnalyzer.dir/Event_Machine.c.obj
                0x100002a6                event_push
 .text.event_process_queue
                0x100002ae       0x32 CMakeFiles/LogicAnalyzer.dir/Event_Machine.c.obj
                0x100002ae                event_process_queue
 .text.set_sys_clock_khz
                0x100002e0       0x38 CMakeFiles/LogicAnalyzer.dir/LogicAnalyzer.c.obj
 .text.storeSettings
                0x10000318       0x8c CMakeFiles/LogicAnalyzer.dir/LogicAnalyzer.c.obj
                0x10000318                storeSettings
 .text.sendResponse
                0x100003a4       0x48 CMakeFiles/LogicAnalyzer.dir/LogicAnalyzer.c.obj
                0x100003a4                sendResponse
 .text.cdc_transfer
                0x100003ec       0x5a CMakeFiles/LogicAnalyzer.dir/LogicAnalyzer.c.obj
                0x100003ec                cdc_transfer
 *fill*         0x10000446        0x2 
 .text.processData
                0x10000448      0x40c CMakeFiles/LogicAnalyzer.dir/LogicAnalyzer.c.obj
                0x10000448                processData
 .text.processUSBInput
                0x10000854       0x32 CMakeFiles/LogicAnalyzer.dir/LogicAnalyzer.c.obj
                0x10000854                processUSBInput
 .text.purgeUSBData
                0x10000886       0x10 CMakeFiles/LogicAnalyzer.dir/LogicAnalyzer.c.obj
                0x10000886                purgeUSBData
 *fill*         0x10000896        0x2 
 .text.sendPowerStatus
                0x10000898       0x60 CMakeFiles/LogicAnalyzer.dir/LogicAnalyzer.c.obj
                0x10000898                sendPowerStatus
 .text.wifiEvent
                0x100008f8       0x78 CMakeFiles/LogicAnalyzer.dir/LogicAnalyzer.c.obj
                0x100008f8                wifiEvent
 .text.processWiFiInput
                0x10000970       0x40 CMakeFiles/LogicAnalyzer.dir/LogicAnalyzer.c.obj
                0x10000970                processWiFiInput
 .text.processInput
                0x100009b0       0x1c CMakeFiles/LogicAnalyzer.dir/LogicAnalyzer.c.obj
                0x100009b0                processInput
 .text.processCancel
                0x100009cc       0x1c CMakeFiles/LogicAnalyzer.dir/LogicAnalyzer.c.obj
                0x100009cc                processCancel
 .text.main     0x100009e8      0x2cc CMakeFiles/LogicAnalyzer.dir/LogicAnalyzer.c.obj
                0x100009e8                main
 .text.sm_config_set_clkdiv
                0x10000cb4       0x5c CMakeFiles/LogicAnalyzer.dir/LogicAnalyzer_Capture.c.obj
 .text.pio_get_default_sm_config
                0x10000d10       0x24 CMakeFiles/LogicAnalyzer.dir/LogicAnalyzer_Capture.c.obj
 .text.BLAST_CAPTURE_program_get_default_config
                0x10000d34       0x20 CMakeFiles/LogicAnalyzer.dir/LogicAnalyzer_Capture.c.obj
 .text.POSITIVE_CAPTURE_program_get_default_config
                0x10000d54       0x22 CMakeFiles/LogicAnalyzer.dir/LogicAnalyzer_Capture.c.obj
 .text.NEGATIVE_CAPTURE_program_get_default_config
                0x10000d76       0x22 CMakeFiles/LogicAnalyzer.dir/LogicAnalyzer_Capture.c.obj
 .text.POSITIVE_CAPTURE_MEASUREBURSTS_program_get_default_config
                0x10000d98       0x22 CMakeFiles/LogicAnalyzer.dir/LogicAnalyzer_Capture.c.obj
 .text.NEGATIVE_CAPTURE_MEASUREBURSTS_program_get_default_config
                0x10000dba       0x22 CMakeFiles/LogicAnalyzer.dir/LogicAnalyzer_Capture.c.obj
 .text.COMPLEX_CAPTURE_program_get_default_config
                0x10000ddc       0x22 CMakeFiles/LogicAnalyzer.dir/LogicAnalyzer_Capture.c.obj
 .text.FAST_CAPTURE_program_get_default_config
                0x10000dfe       0x22 CMakeFiles/LogicAnalyzer.dir/LogicAnalyzer_Capture.c.obj
 .text.COMPLEX_TRIGGER_program_get_default_config
                0x10000e20       0x22 CMakeFiles/LogicAnalyzer.dir/LogicAnalyzer_Capture.c.obj
 .text.FAST_TRIGGER_program_get_default_config
                0x10000e42       0x34 CMakeFiles/LogicAnalyzer.dir/LogicAnalyzer_Capture.c.obj
 *fill*         0x10000e76        0x2 
 .text.blast_capture_completed
                0x10000e78       0xa0 CMakeFiles/LogicAnalyzer.dir/LogicAnalyzer_Capture.c.obj
                0x10000e78                blast_capture_completed
 .text.channel_config_set_chain_to
                0x10000f18       0x30 CMakeFiles/LogicAnalyzer.dir/LogicAnalyzer_Capture.c.obj
 .text.dma_channel_get_default_config
                0x10000f48       0x78 CMakeFiles/LogicAnalyzer.dir/LogicAnalyzer_Capture.c.obj
 .text.channel_config_set_transfer_data_size
                0x10000fc0       0x30 CMakeFiles/LogicAnalyzer.dir/LogicAnalyzer_Capture.c.obj
 .text.channel_config_set_dreq
                0x10000ff0       0x30 CMakeFiles/LogicAnalyzer.dir/LogicAnalyzer_Capture.c.obj
 .text.create_fast_trigger_program
                0x10001020       0x4c CMakeFiles/LogicAnalyzer.dir/LogicAnalyzer_Capture.c.obj
                0x10001020                create_fast_trigger_program
 .text.find_capture_tail
                0x1000106c       0x80 CMakeFiles/LogicAnalyzer.dir/LogicAnalyzer_Capture.c.obj
                0x1000106c                find_capture_tail
 .text.disable_gpios
                0x100010ec       0x40 CMakeFiles/LogicAnalyzer.dir/LogicAnalyzer_Capture.c.obj
                0x100010ec                disable_gpios
 .text.abort_DMAs
                0x1000112c       0x94 CMakeFiles/LogicAnalyzer.dir/LogicAnalyzer_Capture.c.obj
                0x1000112c                abort_DMAs
 .text.complex_capture_completed
                0x100011c0       0xa8 CMakeFiles/LogicAnalyzer.dir/LogicAnalyzer_Capture.c.obj
                0x100011c0                complex_capture_completed
 .text.simple_capture_completed
                0x10001268       0xdc CMakeFiles/LogicAnalyzer.dir/LogicAnalyzer_Capture.c.obj
                0x10001268                simple_capture_completed
 .text.fast_capture_completed
                0x10001344       0x98 CMakeFiles/LogicAnalyzer.dir/LogicAnalyzer_Capture.c.obj
                0x10001344                fast_capture_completed
 .text.check_fast_interrupt
                0x100013dc       0x28 CMakeFiles/LogicAnalyzer.dir/LogicAnalyzer_Capture.c.obj
                0x100013dc                check_fast_interrupt
 .text.configureBlastDMA
                0x10001404       0xcc CMakeFiles/LogicAnalyzer.dir/LogicAnalyzer_Capture.c.obj
                0x10001404                configureBlastDMA
 .text.configureCaptureDMAs
                0x100014d0      0x170 CMakeFiles/LogicAnalyzer.dir/LogicAnalyzer_Capture.c.obj
                0x100014d0                configureCaptureDMAs
 .text.StopCapture
                0x10001640       0x68 CMakeFiles/LogicAnalyzer.dir/LogicAnalyzer_Capture.c.obj
                0x10001640                StopCapture
 .text.StartCaptureFast
                0x100016a8      0x3bc CMakeFiles/LogicAnalyzer.dir/LogicAnalyzer_Capture.c.obj
                0x100016a8                StartCaptureFast
 .text.StartCaptureComplex
                0x10001a64      0x3f8 CMakeFiles/LogicAnalyzer.dir/LogicAnalyzer_Capture.c.obj
                0x10001a64                StartCaptureComplex
 .text.StartCaptureBlast
                0x10001e5c      0x284 CMakeFiles/LogicAnalyzer.dir/LogicAnalyzer_Capture.c.obj
                0x10001e5c                StartCaptureBlast
 .text.StartCaptureSimple
                0x100020e0      0x3d8 CMakeFiles/LogicAnalyzer.dir/LogicAnalyzer_Capture.c.obj
                0x100020e0                StartCaptureSimple
 .text.IsCapturing
                0x100024b8       0x10 CMakeFiles/LogicAnalyzer.dir/LogicAnalyzer_Capture.c.obj
                0x100024b8                IsCapturing
 .text.GetBuffer
                0x100024c8      0x2b4 CMakeFiles/LogicAnalyzer.dir/LogicAnalyzer_Capture.c.obj
                0x100024c8                GetBuffer
 .text.GetTimestamps
                0x1000277c       0x14 CMakeFiles/LogicAnalyzer.dir/LogicAnalyzer_Capture.c.obj
                0x1000277c                GetTimestamps
 .text.adc_gpio_init
                0x10002790       0x1e CMakeFiles/LogicAnalyzer.dir/LogicAnalyzer_WiFi.c.obj
 *fill*         0x100027ae        0x2 
 .text.acceptConnection
                0x100027b0       0x74 CMakeFiles/LogicAnalyzer.dir/LogicAnalyzer_WiFi.c.obj
                0x100027b0                acceptConnection
 .text.getPowerStatus
                0x10002824       0xbc CMakeFiles/LogicAnalyzer.dir/LogicAnalyzer_WiFi.c.obj
                0x10002824                getPowerStatus
 .text.readSettings
                0x100028e0       0x18 CMakeFiles/LogicAnalyzer.dir/LogicAnalyzer_WiFi.c.obj
                0x100028e0                readSettings
 .text.stopServer
                0x100028f8       0x18 CMakeFiles/LogicAnalyzer.dir/LogicAnalyzer_WiFi.c.obj
                0x100028f8                stopServer
 .text.killClient
                0x10002910       0x3c CMakeFiles/LogicAnalyzer.dir/LogicAnalyzer_WiFi.c.obj
                0x10002910                killClient
 .text.serverError
                0x1000294c       0x20 CMakeFiles/LogicAnalyzer.dir/LogicAnalyzer_WiFi.c.obj
                0x1000294c                serverError
 .text.serverReceiveData
                0x1000296c       0x78 CMakeFiles/LogicAnalyzer.dir/LogicAnalyzer_WiFi.c.obj
                0x1000296c                serverReceiveData
 .text.sendData
                0x100029e4       0x50 CMakeFiles/LogicAnalyzer.dir/LogicAnalyzer_WiFi.c.obj
                0x100029e4                sendData
 .text.tryStartServer
                0x10002a34       0x48 CMakeFiles/LogicAnalyzer.dir/LogicAnalyzer_WiFi.c.obj
                0x10002a34                tryStartServer
 .text.tryConnectAP
                0x10002a7c       0x4c CMakeFiles/LogicAnalyzer.dir/LogicAnalyzer_WiFi.c.obj
                0x10002a7c                tryConnectAP
 .text.disconnectAP
                0x10002ac8       0x24 CMakeFiles/LogicAnalyzer.dir/LogicAnalyzer_WiFi.c.obj
                0x10002ac8                disconnectAP
 .text.frontendEvent
                0x10002aec       0x50 CMakeFiles/LogicAnalyzer.dir/LogicAnalyzer_WiFi.c.obj
                0x10002aec                frontendEvent
 .text.processWifiMachine
                0x10002b3c       0xbc CMakeFiles/LogicAnalyzer.dir/LogicAnalyzer_WiFi.c.obj
                0x10002b3c                processWifiMachine
 .text.runWiFiCore
                0x10002bf8       0x5c CMakeFiles/LogicAnalyzer.dir/LogicAnalyzer_WiFi.c.obj
                0x10002bf8                runWiFiCore
 .text._gpio_set_irq_enabled
                0x10002c54       0x38 CMakeFiles/LogicAnalyzer.dir/C_/Users/backu/.pico-sdk/sdk/2.2.0/src/rp2_common/hardware_gpio/gpio.c.obj
 .text.gpio_set_function
                0x10002c8c       0x38 CMakeFiles/LogicAnalyzer.dir/C_/Users/backu/.pico-sdk/sdk/2.2.0/src/rp2_common/hardware_gpio/gpio.c.obj
                0x10002c8c                gpio_set_function
 .text.gpio_set_pulls
                0x10002cc4       0x38 CMakeFiles/LogicAnalyzer.dir/C_/Users/backu/.pico-sdk/sdk/2.2.0/src/rp2_common/hardware_gpio/gpio.c.obj
                0x10002cc4                gpio_set_pulls
 .text.gpio_set_inover
                0x10002cfc       0x1e CMakeFiles/LogicAnalyzer.dir/C_/Users/backu/.pico-sdk/sdk/2.2.0/src/rp2_common/hardware_gpio/gpio.c.obj
                0x10002cfc                gpio_set_inover
 *fill*         0x10002d1a        0x2 
 .text.gpio_set_input_hysteresis_enabled
                0x10002d1c       0x28 CMakeFiles/LogicAnalyzer.dir/C_/Users/backu/.pico-sdk/sdk/2.2.0/src/rp2_common/hardware_gpio/gpio.c.obj
                0x10002d1c                gpio_set_input_hysteresis_enabled
 .text.gpio_set_irq_enabled
                0x10002d44       0x50 CMakeFiles/LogicAnalyzer.dir/C_/Users/backu/.pico-sdk/sdk/2.2.0/src/rp2_common/hardware_gpio/gpio.c.obj
                0x10002d44                gpio_set_irq_enabled
 .text.gpio_add_raw_irq_handler_with_order_priority_masked
                0x10002d94       0x40 CMakeFiles/LogicAnalyzer.dir/C_/Users/backu/.pico-sdk/sdk/2.2.0/src/rp2_common/hardware_gpio/gpio.c.obj
                0x10002d94                gpio_add_raw_irq_handler_with_order_priority_masked
 .text.gpio_remove_raw_irq_handler_masked
                0x10002dd4       0x4c CMakeFiles/LogicAnalyzer.dir/C_/Users/backu/.pico-sdk/sdk/2.2.0/src/rp2_common/hardware_gpio/gpio.c.obj
                0x10002dd4                gpio_remove_raw_irq_handler_masked
 .text.gpio_set_input_enabled
                0x10002e20       0x28 CMakeFiles/LogicAnalyzer.dir/C_/Users/backu/.pico-sdk/sdk/2.2.0/src/rp2_common/hardware_gpio/gpio.c.obj
                0x10002e20                gpio_set_input_enabled
 .text.gpio_init
                0x10002e48       0x16 CMakeFiles/LogicAnalyzer.dir/C_/Users/backu/.pico-sdk/sdk/2.2.0/src/rp2_common/hardware_gpio/gpio.c.obj
                0x10002e48                gpio_init
 .text.gpio_deinit
                0x10002e5e        0xa CMakeFiles/LogicAnalyzer.dir/C_/Users/backu/.pico-sdk/sdk/2.2.0/src/rp2_common/hardware_gpio/gpio.c.obj
                0x10002e5e                gpio_deinit
 .text.panic    0x10002e68       0x30 CMakeFiles/LogicAnalyzer.dir/C_/Users/backu/.pico-sdk/sdk/2.2.0/src/rp2_common/pico_platform_panic/panic.c.obj
                0x10002e68                panic
 .text.hw_claim_lock
                0x10002e98       0x24 CMakeFiles/LogicAnalyzer.dir/C_/Users/backu/.pico-sdk/sdk/2.2.0/src/common/hardware_claim/claim.c.obj
                0x10002e98                hw_claim_lock
 .text.hw_claim_unlock
                0x10002ebc       0x14 CMakeFiles/LogicAnalyzer.dir/C_/Users/backu/.pico-sdk/sdk/2.2.0/src/common/hardware_claim/claim.c.obj
                0x10002ebc                hw_claim_unlock
 .text.hw_claim_or_assert
                0x10002ed0       0x32 CMakeFiles/LogicAnalyzer.dir/C_/Users/backu/.pico-sdk/sdk/2.2.0/src/common/hardware_claim/claim.c.obj
                0x10002ed0                hw_claim_or_assert
 .text.hw_claim_unused_from_range
                0x10002f02       0x4e CMakeFiles/LogicAnalyzer.dir/C_/Users/backu/.pico-sdk/sdk/2.2.0/src/common/hardware_claim/claim.c.obj
                0x10002f02                hw_claim_unused_from_range
 .text.hw_claim_clear
                0x10002f50       0x40 CMakeFiles/LogicAnalyzer.dir/C_/Users/backu/.pico-sdk/sdk/2.2.0/src/common/hardware_claim/claim.c.obj
                0x10002f50                hw_claim_clear
 .text.next_striped_spin_lock_num
                0x10002f90       0x1c CMakeFiles/LogicAnalyzer.dir/C_/Users/backu/.pico-sdk/sdk/2.2.0/src/rp2_common/hardware_sync/sync.c.obj
                0x10002f90                next_striped_spin_lock_num
 .text.spin_lock_claim_unused
                0x10002fac       0x24 CMakeFiles/LogicAnalyzer.dir/C_/Users/backu/.pico-sdk/sdk/2.2.0/src/rp2_common/hardware_sync/sync.c.obj
                0x10002fac                spin_lock_claim_unused
 .text.spinlock_set_extexclall
                0x10002fd0        0xe CMakeFiles/LogicAnalyzer.dir/C_/Users/backu/.pico-sdk/sdk/2.2.0/src/rp2_common/hardware_sync_spin_lock/sync_spin_lock.c.obj
 *fill*         0x10002fde        0x2 
 .text.spin_locks_reset
                0x10002fe0       0x1c CMakeFiles/LogicAnalyzer.dir/C_/Users/backu/.pico-sdk/sdk/2.2.0/src/rp2_common/hardware_sync_spin_lock/sync_spin_lock.c.obj
                0x10002fe0                spin_locks_reset
 .text.set_raw_irq_handler_and_unlock
                0x10002ffc       0x24 CMakeFiles/LogicAnalyzer.dir/C_/Users/backu/.pico-sdk/sdk/2.2.0/src/rp2_common/hardware_irq/irq.c.obj
 .text.nvic_ipr0
                0x10003020        0x8 CMakeFiles/LogicAnalyzer.dir/C_/Users/backu/.pico-sdk/sdk/2.2.0/src/rp2_common/hardware_irq/irq.c.obj
 .text.runtime_init_per_core_irq_priorities
                0x10003028       0x1c CMakeFiles/LogicAnalyzer.dir/C_/Users/backu/.pico-sdk/sdk/2.2.0/src/rp2_common/hardware_irq/irq.c.obj
                0x10003028                runtime_init_per_core_irq_priorities
 .text.resolve_j_16
                0x10003044       0x40 CMakeFiles/LogicAnalyzer.dir/C_/Users/backu/.pico-sdk/sdk/2.2.0/src/rp2_common/hardware_irq/irq.c.obj
 .text.make_j_16
                0x10003084       0x3c CMakeFiles/LogicAnalyzer.dir/C_/Users/backu/.pico-sdk/sdk/2.2.0/src/rp2_common/hardware_irq/irq.c.obj
 .text.insert_bl_32
                0x100030c0       0x3c CMakeFiles/LogicAnalyzer.dir/C_/Users/backu/.pico-sdk/sdk/2.2.0/src/rp2_common/hardware_irq/irq.c.obj
 .text.irq_is_enabled
                0x100030fc       0x20 CMakeFiles/LogicAnalyzer.dir/C_/Users/backu/.pico-sdk/sdk/2.2.0/src/rp2_common/hardware_irq/irq.c.obj
                0x100030fc                irq_is_enabled
 .text.irq_set_mask_n_enabled
                0x1000311c       0x20 CMakeFiles/LogicAnalyzer.dir/C_/Users/backu/.pico-sdk/sdk/2.2.0/src/rp2_common/hardware_irq/irq.c.obj
                0x1000311c                irq_set_mask_n_enabled
 .text.irq_set_enabled
                0x1000313c       0x14 CMakeFiles/LogicAnalyzer.dir/C_/Users/backu/.pico-sdk/sdk/2.2.0/src/rp2_common/hardware_irq/irq.c.obj
                0x1000313c                irq_set_enabled
 .text.irq_set_pending
                0x10003150       0x18 CMakeFiles/LogicAnalyzer.dir/C_/Users/backu/.pico-sdk/sdk/2.2.0/src/rp2_common/hardware_irq/irq.c.obj
                0x10003150                irq_set_pending
 .text.irq_get_vtable_handler
                0x10003168       0x10 CMakeFiles/LogicAnalyzer.dir/C_/Users/backu/.pico-sdk/sdk/2.2.0/src/rp2_common/hardware_irq/irq.c.obj
                0x10003168                irq_get_vtable_handler
 .text.irq_has_shared_handler
                0x10003178       0x18 CMakeFiles/LogicAnalyzer.dir/C_/Users/backu/.pico-sdk/sdk/2.2.0/src/rp2_common/hardware_irq/irq.c.obj
                0x10003178                irq_has_shared_handler
 .text.irq_has_handler
                0x10003190       0x20 CMakeFiles/LogicAnalyzer.dir/C_/Users/backu/.pico-sdk/sdk/2.2.0/src/rp2_common/hardware_irq/irq.c.obj
                0x10003190                irq_has_handler
 .text.irq_set_exclusive_handler
                0x100031b0       0x60 CMakeFiles/LogicAnalyzer.dir/C_/Users/backu/.pico-sdk/sdk/2.2.0/src/rp2_common/hardware_irq/irq.c.obj
                0x100031b0                irq_set_exclusive_handler
 .text.irq_add_shared_handler
                0x10003210      0x234 CMakeFiles/LogicAnalyzer.dir/C_/Users/backu/.pico-sdk/sdk/2.2.0/src/rp2_common/hardware_irq/irq.c.obj
                0x10003210                irq_add_shared_handler
 .text.irq_remove_handler
                0x10003444      0x178 CMakeFiles/LogicAnalyzer.dir/C_/Users/backu/.pico-sdk/sdk/2.2.0/src/rp2_common/hardware_irq/irq.c.obj
                0x10003444                irq_remove_handler
 .text.irq_set_priority
                0x100035bc       0x2a CMakeFiles/LogicAnalyzer.dir/C_/Users/backu/.pico-sdk/sdk/2.2.0/src/rp2_common/hardware_irq/irq.c.obj
                0x100035bc                irq_set_priority
 *fill*         0x100035e6        0x2 
 .text.irq_add_tail_to_free_list
                0x100035e8       0xf8 CMakeFiles/LogicAnalyzer.dir/C_/Users/backu/.pico-sdk/sdk/2.2.0/src/rp2_common/hardware_irq/irq.c.obj
                0x100035e8                irq_add_tail_to_free_list
 .text.user_irq_claim_unused
                0x100036e0       0x2c CMakeFiles/LogicAnalyzer.dir/C_/Users/backu/.pico-sdk/sdk/2.2.0/src/rp2_common/hardware_irq/irq.c.obj
                0x100036e0                user_irq_claim_unused
 .text.sem_init
                0x1000370c       0x1e CMakeFiles/LogicAnalyzer.dir/C_/Users/backu/.pico-sdk/sdk/2.2.0/src/common/pico_sync/sem.c.obj
                0x1000370c                sem_init
 *fill*         0x1000372a        0x2 
 .text.lock_init
                0x1000372c        0xc CMakeFiles/LogicAnalyzer.dir/C_/Users/backu/.pico-sdk/sdk/2.2.0/src/common/pico_sync/lock_core.c.obj
                0x1000372c                lock_init
 .text.mutex_init
                0x10003738       0x1a CMakeFiles/LogicAnalyzer.dir/C_/Users/backu/.pico-sdk/sdk/2.2.0/src/common/pico_sync/mutex.c.obj
                0x10003738                mutex_init
 .text.recursive_mutex_init
                0x10003752       0x1e CMakeFiles/LogicAnalyzer.dir/C_/Users/backu/.pico-sdk/sdk/2.2.0/src/common/pico_sync/mutex.c.obj
                0x10003752                recursive_mutex_init
 .text.runtime_init_mutex
                0x10003770       0x4c CMakeFiles/LogicAnalyzer.dir/C_/Users/backu/.pico-sdk/sdk/2.2.0/src/common/pico_sync/mutex.c.obj
                0x10003770                runtime_init_mutex
 .text.critical_section_init_with_lock_num
                0x100037bc       0x10 CMakeFiles/LogicAnalyzer.dir/C_/Users/backu/.pico-sdk/sdk/2.2.0/src/common/pico_sync/critical_section.c.obj
                0x100037bc                critical_section_init_with_lock_num
 .text.critical_section_init
                0x100037cc       0x14 CMakeFiles/LogicAnalyzer.dir/C_/Users/backu/.pico-sdk/sdk/2.2.0/src/common/pico_sync/critical_section.c.obj
                0x100037cc                critical_section_init
 .text.ta_from_current_irq
                0x100037e0       0x24 CMakeFiles/LogicAnalyzer.dir/C_/Users/backu/.pico-sdk/sdk/2.2.0/src/common/pico_time/time.c.obj
 .text.ta_set_timeout
                0x10003804       0x2a CMakeFiles/LogicAnalyzer.dir/C_/Users/backu/.pico-sdk/sdk/2.2.0/src/common/pico_time/time.c.obj
 .text.make_alarm_id
                0x1000382e        0x6 CMakeFiles/LogicAnalyzer.dir/C_/Users/backu/.pico-sdk/sdk/2.2.0/src/common/pico_time/time.c.obj
 .text.sleep_until_callback
                0x10003834       0x3c CMakeFiles/LogicAnalyzer.dir/C_/Users/backu/.pico-sdk/sdk/2.2.0/src/common/pico_time/time.c.obj
 .text.alarm_pool_irq_handler
                0x10003870      0x2ec CMakeFiles/LogicAnalyzer.dir/C_/Users/backu/.pico-sdk/sdk/2.2.0/src/common/pico_time/time.c.obj
 .text.ta_enable_irq_handler
                0x10003b5c       0x38 CMakeFiles/LogicAnalyzer.dir/C_/Users/backu/.pico-sdk/sdk/2.2.0/src/common/pico_time/time.c.obj
 .text.alarm_pool_post_alloc_init
                0x10003b94       0x7c CMakeFiles/LogicAnalyzer.dir/C_/Users/backu/.pico-sdk/sdk/2.2.0/src/common/pico_time/time.c.obj
 .text.alarm_pool_get_default
                0x10003c10       0x28 CMakeFiles/LogicAnalyzer.dir/C_/Users/backu/.pico-sdk/sdk/2.2.0/src/common/pico_time/time.c.obj
                0x10003c10                alarm_pool_get_default
 .text.alarm_pool_add_alarm_at_force_in_context
                0x10003c38       0xc0 CMakeFiles/LogicAnalyzer.dir/C_/Users/backu/.pico-sdk/sdk/2.2.0/src/common/pico_time/time.c.obj
                0x10003c38                alarm_pool_add_alarm_at_force_in_context
 .text.alarm_pool_add_alarm_at
                0x10003cf8       0x38 CMakeFiles/LogicAnalyzer.dir/C_/Users/backu/.pico-sdk/sdk/2.2.0/src/common/pico_time/time.c.obj
                0x10003cf8                alarm_pool_add_alarm_at
 .text.add_alarm_at
                0x10003d30       0x26 CMakeFiles/LogicAnalyzer.dir/C_/Users/backu/.pico-sdk/sdk/2.2.0/src/common/pico_time/time.c.obj
 .text.alarm_pool_cancel_alarm
                0x10003d56       0x72 CMakeFiles/LogicAnalyzer.dir/C_/Users/backu/.pico-sdk/sdk/2.2.0/src/common/pico_time/time.c.obj
                0x10003d56                alarm_pool_cancel_alarm
 .text.cancel_alarm
                0x10003dc8       0x10 CMakeFiles/LogicAnalyzer.dir/C_/Users/backu/.pico-sdk/sdk/2.2.0/src/common/pico_time/time.c.obj
 .text.alarm_pool_core_num
                0x10003dd8        0x4 CMakeFiles/LogicAnalyzer.dir/C_/Users/backu/.pico-sdk/sdk/2.2.0/src/common/pico_time/time.c.obj
                0x10003dd8                alarm_pool_core_num
 .text.sleep_until
                0x10003ddc       0xb4 CMakeFiles/LogicAnalyzer.dir/C_/Users/backu/.pico-sdk/sdk/2.2.0/src/common/pico_time/time.c.obj
                0x10003ddc                sleep_until
 .text.sleep_us
                0x10003e90       0x24 CMakeFiles/LogicAnalyzer.dir/C_/Users/backu/.pico-sdk/sdk/2.2.0/src/common/pico_time/time.c.obj
                0x10003e90                sleep_us
 .text.sleep_ms
                0x10003eb4       0x28 CMakeFiles/LogicAnalyzer.dir/C_/Users/backu/.pico-sdk/sdk/2.2.0/src/common/pico_time/time.c.obj
                0x10003eb4                sleep_ms
 .text.best_effort_wfe_or_timeout
                0x10003edc       0xfc CMakeFiles/LogicAnalyzer.dir/C_/Users/backu/.pico-sdk/sdk/2.2.0/src/common/pico_time/time.c.obj
                0x10003edc                best_effort_wfe_or_timeout
 .text.alarm_pool_get_default_timer
                0x10003fd8        0x8 CMakeFiles/LogicAnalyzer.dir/C_/Users/backu/.pico-sdk/sdk/2.2.0/src/common/pico_time/time.c.obj
                0x10003fd8                alarm_pool_get_default_timer
 .text.runtime_init_default_alarm_pool
                0x10003fe0       0x34 CMakeFiles/LogicAnalyzer.dir/C_/Users/backu/.pico-sdk/sdk/2.2.0/src/common/pico_time/time.c.obj
                0x10003fe0                runtime_init_default_alarm_pool
 .text.timer_hardware_alarm_claim
                0x10004014       0x24 CMakeFiles/LogicAnalyzer.dir/C_/Users/backu/.pico-sdk/sdk/2.2.0/src/rp2_common/hardware_timer/timer.c.obj
                0x10004014                timer_hardware_alarm_claim
 .text.timer_time_us_64
                0x10004038       0x10 CMakeFiles/LogicAnalyzer.dir/C_/Users/backu/.pico-sdk/sdk/2.2.0/src/rp2_common/hardware_timer/timer.c.obj
                0x10004038                timer_time_us_64
 .text.timer_busy_wait_until
                0x10004048       0x1a CMakeFiles/LogicAnalyzer.dir/C_/Users/backu/.pico-sdk/sdk/2.2.0/src/rp2_common/hardware_timer/timer.c.obj
                0x10004048                timer_busy_wait_until
 .text.timer_busy_wait_us
                0x10004062       0x28 CMakeFiles/LogicAnalyzer.dir/C_/Users/backu/.pico-sdk/sdk/2.2.0/src/rp2_common/hardware_timer/timer.c.obj
                0x10004062                timer_busy_wait_us
 *fill*         0x1000408a        0x2 
 .text.time_us_64
                0x1000408c       0x10 CMakeFiles/LogicAnalyzer.dir/C_/Users/backu/.pico-sdk/sdk/2.2.0/src/rp2_common/hardware_timer/timer.c.obj
                0x1000408c                time_us_64
 .text.busy_wait_us
                0x1000409c       0x14 CMakeFiles/LogicAnalyzer.dir/C_/Users/backu/.pico-sdk/sdk/2.2.0/src/rp2_common/hardware_timer/timer.c.obj
                0x1000409c                busy_wait_us
 .text.timer_busy_wait_us_32
                0x100040b0       0x1c CMakeFiles/LogicAnalyzer.dir/C_/Users/backu/.pico-sdk/sdk/2.2.0/src/rp2_common/hardware_timer/timer.c.obj
                0x100040b0                timer_busy_wait_us_32
 .text.timer_busy_wait_ms
                0x100040cc       0x40 CMakeFiles/LogicAnalyzer.dir/C_/Users/backu/.pico-sdk/sdk/2.2.0/src/rp2_common/hardware_timer/timer.c.obj
                0x100040cc                timer_busy_wait_ms
 .text.busy_wait_ms
                0x1000410c       0x10 CMakeFiles/LogicAnalyzer.dir/C_/Users/backu/.pico-sdk/sdk/2.2.0/src/rp2_common/hardware_timer/timer.c.obj
                0x1000410c                busy_wait_ms
 .text.busy_wait_until
                0x1000411c       0x14 CMakeFiles/LogicAnalyzer.dir/C_/Users/backu/.pico-sdk/sdk/2.2.0/src/rp2_common/hardware_timer/timer.c.obj
                0x1000411c                busy_wait_until
 .text.element_ptr
                0x10004130       0x2c CMakeFiles/LogicAnalyzer.dir/C_/Users/backu/.pico-sdk/sdk/2.2.0/src/common/pico_util/queue.c.obj
 .text.queue_add_internal
                0x1000415c       0x94 CMakeFiles/LogicAnalyzer.dir/C_/Users/backu/.pico-sdk/sdk/2.2.0/src/common/pico_util/queue.c.obj
 .text.queue_remove_internal
                0x100041f0       0x94 CMakeFiles/LogicAnalyzer.dir/C_/Users/backu/.pico-sdk/sdk/2.2.0/src/common/pico_util/queue.c.obj
 .text.queue_init_with_spinlock
                0x10004284       0x24 CMakeFiles/LogicAnalyzer.dir/C_/Users/backu/.pico-sdk/sdk/2.2.0/src/common/pico_util/queue.c.obj
                0x10004284                queue_init_with_spinlock
 .text.queue_add_blocking
                0x100042a8        0xa CMakeFiles/LogicAnalyzer.dir/C_/Users/backu/.pico-sdk/sdk/2.2.0/src/common/pico_util/queue.c.obj
                0x100042a8                queue_add_blocking
 .text.queue_remove_blocking
                0x100042b2        0xa CMakeFiles/LogicAnalyzer.dir/C_/Users/backu/.pico-sdk/sdk/2.2.0/src/common/pico_util/queue.c.obj
                0x100042b2                queue_remove_blocking
 .text.clock_configure_internal
                0x100042bc       0xb8 CMakeFiles/LogicAnalyzer.dir/C_/Users/backu/.pico-sdk/sdk/2.2.0/src/rp2_common/hardware_clocks/clocks.c.obj
 .text.clock_configure_undivided
                0x10004374       0x12 CMakeFiles/LogicAnalyzer.dir/C_/Users/backu/.pico-sdk/sdk/2.2.0/src/rp2_common/hardware_clocks/clocks.c.obj
                0x10004374                clock_configure_undivided
 *fill*         0x10004386        0x2 
 .text.clock_get_hz
                0x10004388        0xc CMakeFiles/LogicAnalyzer.dir/C_/Users/backu/.pico-sdk/sdk/2.2.0/src/rp2_common/hardware_clocks/clocks.c.obj
                0x10004388                clock_get_hz
 .text.set_sys_clock_pll
                0x10004394       0x64 CMakeFiles/LogicAnalyzer.dir/C_/Users/backu/.pico-sdk/sdk/2.2.0/src/rp2_common/hardware_clocks/clocks.c.obj
                0x10004394                set_sys_clock_pll
 .text.check_sys_clock_khz
                0x100043f8       0x74 CMakeFiles/LogicAnalyzer.dir/C_/Users/backu/.pico-sdk/sdk/2.2.0/src/rp2_common/hardware_clocks/clocks.c.obj
                0x100043f8                check_sys_clock_khz
 .text.pll_init
                0x1000446c      0x108 CMakeFiles/LogicAnalyzer.dir/C_/Users/backu/.pico-sdk/sdk/2.2.0/src/rp2_common/hardware_pll/pll.c.obj
                0x1000446c                pll_init
 .text.watchdog_update
                0x10004574       0x14 CMakeFiles/LogicAnalyzer.dir/C_/Users/backu/.pico-sdk/sdk/2.2.0/src/rp2_common/hardware_watchdog/watchdog.c.obj
                0x10004574                watchdog_update
 .text._watchdog_enable
                0x10004588       0x6c CMakeFiles/LogicAnalyzer.dir/C_/Users/backu/.pico-sdk/sdk/2.2.0/src/rp2_common/hardware_watchdog/watchdog.c.obj
                0x10004588                _watchdog_enable
 .text.watchdog_reboot
                0x100045f4       0x44 CMakeFiles/LogicAnalyzer.dir/C_/Users/backu/.pico-sdk/sdk/2.2.0/src/rp2_common/hardware_watchdog/watchdog.c.obj
                0x100045f4                watchdog_reboot
 .text.tick_start
                0x10004638       0x1c CMakeFiles/LogicAnalyzer.dir/C_/Users/backu/.pico-sdk/sdk/2.2.0/src/rp2_common/hardware_ticks/ticks.c.obj
                0x10004638                tick_start
 .text.rom_reboot
                0x10004654       0x40 CMakeFiles/LogicAnalyzer.dir/C_/Users/backu/.pico-sdk/sdk/2.2.0/src/rp2_common/pico_bootrom/bootrom.c.obj
 .text.rom_func_lookup
                0x10004694       0x1e CMakeFiles/LogicAnalyzer.dir/C_/Users/backu/.pico-sdk/sdk/2.2.0/src/rp2_common/pico_bootrom/bootrom.c.obj
                0x10004694                rom_func_lookup
 .text.rom_reset_usb_boot
                0x100046b2       0x1e CMakeFiles/LogicAnalyzer.dir/C_/Users/backu/.pico-sdk/sdk/2.2.0/src/rp2_common/pico_bootrom/bootrom.c.obj
                0x100046b2                rom_reset_usb_boot
 .text.rom_reset_usb_boot_extra
                0x100046d0       0x20 CMakeFiles/LogicAnalyzer.dir/C_/Users/backu/.pico-sdk/sdk/2.2.0/src/rp2_common/pico_bootrom/bootrom.c.obj
                0x100046d0                rom_reset_usb_boot_extra
 .text.rom_get_boot_random
                0x100046f0       0x5c CMakeFiles/LogicAnalyzer.dir/C_/Users/backu/.pico-sdk/sdk/2.2.0/src/rp2_common/pico_bootrom/bootrom.c.obj
                0x100046f0                rom_get_boot_random
 .text.runtime_init_bootrom_locking_enable
                0x1000474c       0x14 CMakeFiles/LogicAnalyzer.dir/C_/Users/backu/.pico-sdk/sdk/2.2.0/src/rp2_common/pico_bootrom/bootrom_lock.c.obj
                0x1000474c                runtime_init_bootrom_locking_enable
 .text.boot_locks_reset
                0x10004760       0x20 CMakeFiles/LogicAnalyzer.dir/C_/Users/backu/.pico-sdk/sdk/2.2.0/src/rp2_common/hardware_boot_lock/boot_lock.c.obj
                0x10004760                boot_locks_reset
 .text.runtime_init_boot_locks_reset
                0x10004780        0x8 CMakeFiles/LogicAnalyzer.dir/C_/Users/backu/.pico-sdk/sdk/2.2.0/src/rp2_common/hardware_boot_lock/boot_lock.c.obj
                0x10004780                runtime_init_boot_locks_reset
 .text.xosc_init
                0x10004788       0x28 CMakeFiles/LogicAnalyzer.dir/C_/Users/backu/.pico-sdk/sdk/2.2.0/src/rp2_common/hardware_xosc/xosc.c.obj
                0x10004788                xosc_init
 .text.runtime_run_initializers_from
                0x100047b0       0x18 CMakeFiles/LogicAnalyzer.dir/C_/Users/backu/.pico-sdk/sdk/2.2.0/src/rp2_common/pico_runtime/runtime.c.obj
 .text.first_per_core_initializer
                0x100047c8        0x2 CMakeFiles/LogicAnalyzer.dir/C_/Users/backu/.pico-sdk/sdk/2.2.0/src/rp2_common/pico_runtime/runtime.c.obj
 *fill*         0x100047ca        0x2 
 .text.runtime_run_initializers
                0x100047cc       0x10 CMakeFiles/LogicAnalyzer.dir/C_/Users/backu/.pico-sdk/sdk/2.2.0/src/rp2_common/pico_runtime/runtime.c.obj
                0x100047cc                runtime_run_initializers
 .text.runtime_run_per_core_initializers
                0x100047dc       0x10 CMakeFiles/LogicAnalyzer.dir/C_/Users/backu/.pico-sdk/sdk/2.2.0/src/rp2_common/pico_runtime/runtime.c.obj
                0x100047dc                runtime_run_per_core_initializers
 .text.runtime_init_early_resets
                0x100047ec       0x2c CMakeFiles/LogicAnalyzer.dir/C_/Users/backu/.pico-sdk/sdk/2.2.0/src/rp2_common/pico_runtime_init/runtime_init.c.obj
                0x100047ec                runtime_init_early_resets
 .text.runtime_init_usb_power_down
                0x10004818       0x20 CMakeFiles/LogicAnalyzer.dir/C_/Users/backu/.pico-sdk/sdk/2.2.0/src/rp2_common/pico_runtime_init/runtime_init.c.obj
                0x10004818                runtime_init_usb_power_down
 .text.runtime_init_per_core_enable_coprocessors
                0x10004838       0x1c CMakeFiles/LogicAnalyzer.dir/C_/Users/backu/.pico-sdk/sdk/2.2.0/src/rp2_common/pico_runtime_init/runtime_init.c.obj
                0x10004838                runtime_init_per_core_enable_coprocessors
 .text.runtime_init_post_clock_resets
                0x10004854       0x20 CMakeFiles/LogicAnalyzer.dir/C_/Users/backu/.pico-sdk/sdk/2.2.0/src/rp2_common/pico_runtime_init/runtime_init.c.obj
                0x10004854                runtime_init_post_clock_resets
 .text.runtime_init_bootrom_reset
                0x10004874       0x12 CMakeFiles/LogicAnalyzer.dir/C_/Users/backu/.pico-sdk/sdk/2.2.0/src/rp2_common/pico_runtime_init/runtime_init.c.obj
                0x10004874                runtime_init_bootrom_reset
 .text.runtime_init_per_core_bootrom_reset
                0x10004886       0x12 CMakeFiles/LogicAnalyzer.dir/C_/Users/backu/.pico-sdk/sdk/2.2.0/src/rp2_common/pico_runtime_init/runtime_init.c.obj
                0x10004886                runtime_init_per_core_bootrom_reset
 .text.runtime_init_spin_locks_reset
                0x10004898        0x8 CMakeFiles/LogicAnalyzer.dir/C_/Users/backu/.pico-sdk/sdk/2.2.0/src/rp2_common/pico_runtime_init/runtime_init.c.obj
                0x10004898                runtime_init_spin_locks_reset
 .text.runtime_init_install_ram_vector_table
                0x100048a0       0x48 CMakeFiles/LogicAnalyzer.dir/C_/Users/backu/.pico-sdk/sdk/2.2.0/src/rp2_common/pico_runtime_init/runtime_init.c.obj
                0x100048a0                runtime_init_install_ram_vector_table
 .text.start_all_ticks
                0x100048e8       0x28 CMakeFiles/LogicAnalyzer.dir/C_/Users/backu/.pico-sdk/sdk/2.2.0/src/rp2_common/pico_runtime_init/runtime_init_clocks.c.obj
 .text.runtime_init_clocks
                0x10004910       0xc4 CMakeFiles/LogicAnalyzer.dir/C_/Users/backu/.pico-sdk/sdk/2.2.0/src/rp2_common/pico_runtime_init/runtime_init_clocks.c.obj
                0x10004910                runtime_init_clocks
 .text.__rp2350_dcp_engaged_state_save_restore
                0x100049d4       0x3a CMakeFiles/LogicAnalyzer.dir/C_/Users/backu/.pico-sdk/sdk/2.2.0/src/rp2_common/pico_double/double_aeabi_dcp.S.obj
 *fill*         0x10004a0e        0x2 
 .text.__wrap___aeabi_dadd
                0x10004a10       0x28 CMakeFiles/LogicAnalyzer.dir/C_/Users/backu/.pico-sdk/sdk/2.2.0/src/rp2_common/pico_double/double_aeabi_dcp.S.obj
                0x10004a18                __wrap___aeabi_dadd
 .text.__wrap___aeabi_dsub
                0x10004a38       0x28 CMakeFiles/LogicAnalyzer.dir/C_/Users/backu/.pico-sdk/sdk/2.2.0/src/rp2_common/pico_double/double_aeabi_dcp.S.obj
                0x10004a40                __wrap___aeabi_dsub
 .text.__wrap___aeabi_dmul
                0x10004a60       0x4c CMakeFiles/LogicAnalyzer.dir/C_/Users/backu/.pico-sdk/sdk/2.2.0/src/rp2_common/pico_double/double_aeabi_dcp.S.obj
                0x10004a68                __wrap___aeabi_dmul
 .text.__wrap___aeabi_ddiv
                0x10004aac       0x9c CMakeFiles/LogicAnalyzer.dir/C_/Users/backu/.pico-sdk/sdk/2.2.0/src/rp2_common/pico_double/double_aeabi_dcp.S.obj
                0x10004ab4                __wrap___aeabi_ddiv
 .text.__wrap___aeabi_i2d
                0x10004b48       0x24 CMakeFiles/LogicAnalyzer.dir/C_/Users/backu/.pico-sdk/sdk/2.2.0/src/rp2_common/pico_double/double_aeabi_dcp.S.obj
                0x10004b50                int2double
                0x10004b50                __wrap___aeabi_i2d
 .text.__wrap___aeabi_ui2d
                0x10004b6c       0x24 CMakeFiles/LogicAnalyzer.dir/C_/Users/backu/.pico-sdk/sdk/2.2.0/src/rp2_common/pico_double/double_aeabi_dcp.S.obj
                0x10004b74                uint2double
                0x10004b74                __wrap___aeabi_ui2d
 .text.__wrap___aeabi_d2iz
                0x10004b90       0x24 CMakeFiles/LogicAnalyzer.dir/C_/Users/backu/.pico-sdk/sdk/2.2.0/src/rp2_common/pico_double/double_aeabi_dcp.S.obj
                0x10004b98                double2int_z
                0x10004b98                __wrap___aeabi_d2iz
 .text.__wrap___aeabi_d2uiz
                0x10004bb4       0x24 CMakeFiles/LogicAnalyzer.dir/C_/Users/backu/.pico-sdk/sdk/2.2.0/src/rp2_common/pico_double/double_aeabi_dcp.S.obj
                0x10004bbc                double2uint
                0x10004bbc                __wrap___aeabi_d2uiz
                0x10004bbc                double2uint_z
 .text.__wrap___aeabi_dcmpun
                0x10004bd8       0x24 CMakeFiles/LogicAnalyzer.dir/C_/Users/backu/.pico-sdk/sdk/2.2.0/src/rp2_common/pico_double/double_aeabi_dcp.S.obj
                0x10004be0                __wrap___aeabi_dcmpun
 .text.__wrap___aeabi_dcmplt
                0x10004bfc       0x28 CMakeFiles/LogicAnalyzer.dir/C_/Users/backu/.pico-sdk/sdk/2.2.0/src/rp2_common/pico_double/double_aeabi_dcp.S.obj
                0x10004c04                __wrap___aeabi_dcmplt
 .text.__wrap___aeabi_dcmple
                0x10004c24       0x28 CMakeFiles/LogicAnalyzer.dir/C_/Users/backu/.pico-sdk/sdk/2.2.0/src/rp2_common/pico_double/double_aeabi_dcp.S.obj
                0x10004c2c                __wrap___aeabi_dcmple
 .text.__wrap___aeabi_dcmpge
                0x10004c4c       0x28 CMakeFiles/LogicAnalyzer.dir/C_/Users/backu/.pico-sdk/sdk/2.2.0/src/rp2_common/pico_double/double_aeabi_dcp.S.obj
                0x10004c54                __wrap___aeabi_dcmpge
 .text.__wrap___aeabi_dcmpgt
                0x10004c74       0x28 CMakeFiles/LogicAnalyzer.dir/C_/Users/backu/.pico-sdk/sdk/2.2.0/src/rp2_common/pico_double/double_aeabi_dcp.S.obj
                0x10004c7c                __wrap___aeabi_dcmpgt
 .text.check_alloc
                0x10004c9c       0x20 CMakeFiles/LogicAnalyzer.dir/C_/Users/backu/.pico-sdk/sdk/2.2.0/src/rp2_common/pico_malloc/malloc.c.obj
 .text.__wrap_malloc
                0x10004cbc       0x2c CMakeFiles/LogicAnalyzer.dir/C_/Users/backu/.pico-sdk/sdk/2.2.0/src/rp2_common/pico_malloc/malloc.c.obj
                0x10004cbc                __wrap_malloc
 .text.__wrap_calloc
                0x10004ce8       0x30 CMakeFiles/LogicAnalyzer.dir/C_/Users/backu/.pico-sdk/sdk/2.2.0/src/rp2_common/pico_malloc/malloc.c.obj
                0x10004ce8                __wrap_calloc
 .text.__wrap_free
                0x10004d18       0x20 CMakeFiles/LogicAnalyzer.dir/C_/Users/backu/.pico-sdk/sdk/2.2.0/src/rp2_common/pico_malloc/malloc.c.obj
                0x10004d18                __wrap_free
 .text._out_buffer
                0x10004d38        0x8 CMakeFiles/LogicAnalyzer.dir/C_/Users/backu/.pico-sdk/sdk/2.2.0/src/rp2_common/pico_printf/printf.c.obj
 .text._out_null
                0x10004d40        0x2 CMakeFiles/LogicAnalyzer.dir/C_/Users/backu/.pico-sdk/sdk/2.2.0/src/rp2_common/pico_printf/printf.c.obj
 .text._out_fct
                0x10004d42        0xe CMakeFiles/LogicAnalyzer.dir/C_/Users/backu/.pico-sdk/sdk/2.2.0/src/rp2_common/pico_printf/printf.c.obj
 .text._atoi    0x10004d50       0x26 CMakeFiles/LogicAnalyzer.dir/C_/Users/backu/.pico-sdk/sdk/2.2.0/src/rp2_common/pico_printf/printf.c.obj
 .text._out_rev
                0x10004d76       0x7e CMakeFiles/LogicAnalyzer.dir/C_/Users/backu/.pico-sdk/sdk/2.2.0/src/rp2_common/pico_printf/printf.c.obj
 .text._ntoa_format
                0x10004df4      0x134 CMakeFiles/LogicAnalyzer.dir/C_/Users/backu/.pico-sdk/sdk/2.2.0/src/rp2_common/pico_printf/printf.c.obj
 .text._ntoa_long
                0x10004f28       0x94 CMakeFiles/LogicAnalyzer.dir/C_/Users/backu/.pico-sdk/sdk/2.2.0/src/rp2_common/pico_printf/printf.c.obj
 .text._ntoa_long_long
                0x10004fbc       0xc2 CMakeFiles/LogicAnalyzer.dir/C_/Users/backu/.pico-sdk/sdk/2.2.0/src/rp2_common/pico_printf/printf.c.obj
 *fill*         0x1000507e        0x2 
 .text._etoa    0x10005080      0x420 CMakeFiles/LogicAnalyzer.dir/C_/Users/backu/.pico-sdk/sdk/2.2.0/src/rp2_common/pico_printf/printf.c.obj
 .text._ftoa    0x100054a0      0x398 CMakeFiles/LogicAnalyzer.dir/C_/Users/backu/.pico-sdk/sdk/2.2.0/src/rp2_common/pico_printf/printf.c.obj
 .text._vsnprintf
                0x10005838      0x6d8 CMakeFiles/LogicAnalyzer.dir/C_/Users/backu/.pico-sdk/sdk/2.2.0/src/rp2_common/pico_printf/printf.c.obj
 .text.__wrap_sprintf
                0x10005f10       0x2c CMakeFiles/LogicAnalyzer.dir/C_/Users/backu/.pico-sdk/sdk/2.2.0/src/rp2_common/pico_printf/printf.c.obj
                0x10005f10                __wrap_sprintf
 .text.vfctprintf
                0x10005f3c       0x24 CMakeFiles/LogicAnalyzer.dir/C_/Users/backu/.pico-sdk/sdk/2.2.0/src/rp2_common/pico_printf/printf.c.obj
                0x10005f3c                vfctprintf
 .text._exit    0x10005f60        0x4 CMakeFiles/LogicAnalyzer.dir/C_/Users/backu/.pico-sdk/sdk/2.2.0/src/rp2_common/pico_clib_interface/newlib_interface.c.obj
                0x10005f60                _exit
 .text._sbrk    0x10005f64       0x34 CMakeFiles/LogicAnalyzer.dir/C_/Users/backu/.pico-sdk/sdk/2.2.0/src/rp2_common/pico_clib_interface/newlib_interface.c.obj
                0x10005f64                _sbrk
 .text.exit     0x10005f98        0x6 CMakeFiles/LogicAnalyzer.dir/C_/Users/backu/.pico-sdk/sdk/2.2.0/src/rp2_common/pico_clib_interface/newlib_interface.c.obj
                0x10005f98                exit
 *fill*         0x10005f9e        0x2 
 .text.__assert_func
                0x10005fa0       0x34 CMakeFiles/LogicAnalyzer.dir/C_/Users/backu/.pico-sdk/sdk/2.2.0/src/rp2_common/pico_clib_interface/newlib_interface.c.obj
                0x10005fa0                __assert_func
 .text.runtime_init
                0x10005fd4       0x2c CMakeFiles/LogicAnalyzer.dir/C_/Users/backu/.pico-sdk/sdk/2.2.0/src/rp2_common/pico_clib_interface/newlib_interface.c.obj
                0x10005fd4                runtime_init
 .text.stdio_out_chars_no_crlf
                0x10006000        0xe CMakeFiles/LogicAnalyzer.dir/C_/Users/backu/.pico-sdk/sdk/2.2.0/src/rp2_common/pico_stdio/stdio.c.obj
 *fill*         0x1000600e        0x2 
 .text.stdio_out_chars_crlf
                0x10006010       0x80 CMakeFiles/LogicAnalyzer.dir/C_/Users/backu/.pico-sdk/sdk/2.2.0/src/rp2_common/pico_stdio/stdio.c.obj
 .text.stdio_stack_buffer_flush
                0x10006090       0x40 CMakeFiles/LogicAnalyzer.dir/C_/Users/backu/.pico-sdk/sdk/2.2.0/src/rp2_common/pico_stdio/stdio.c.obj
 .text.stdio_buffered_printer
                0x100060d0       0x20 CMakeFiles/LogicAnalyzer.dir/C_/Users/backu/.pico-sdk/sdk/2.2.0/src/rp2_common/pico_stdio/stdio.c.obj
 .text.stdout_serialize_begin
                0x100060f0       0x2c CMakeFiles/LogicAnalyzer.dir/C_/Users/backu/.pico-sdk/sdk/2.2.0/src/rp2_common/pico_stdio/stdio.c.obj
                0x100060f0                stdout_serialize_begin
 .text.stdout_serialize_end
                0x1000611c       0x10 CMakeFiles/LogicAnalyzer.dir/C_/Users/backu/.pico-sdk/sdk/2.2.0/src/rp2_common/pico_stdio/stdio.c.obj
                0x1000611c                stdout_serialize_end
 .text.stdio_put_string
                0x1000612c       0x8c CMakeFiles/LogicAnalyzer.dir/C_/Users/backu/.pico-sdk/sdk/2.2.0/src/rp2_common/pico_stdio/stdio.c.obj
                0x1000612c                stdio_put_string
 .text.stdio_get_until
                0x100061b8       0x6c CMakeFiles/LogicAnalyzer.dir/C_/Users/backu/.pico-sdk/sdk/2.2.0/src/rp2_common/pico_stdio/stdio.c.obj
                0x100061b8                stdio_get_until
 .text.stdio_set_driver_enabled
                0x10006224       0x2c CMakeFiles/LogicAnalyzer.dir/C_/Users/backu/.pico-sdk/sdk/2.2.0/src/rp2_common/pico_stdio/stdio.c.obj
                0x10006224                stdio_set_driver_enabled
 .text.stdio_flush
                0x10006250       0x1c CMakeFiles/LogicAnalyzer.dir/C_/Users/backu/.pico-sdk/sdk/2.2.0/src/rp2_common/pico_stdio/stdio.c.obj
                0x10006250                stdio_flush
 .text.stdio_init_all
                0x1000626c        0x8 CMakeFiles/LogicAnalyzer.dir/C_/Users/backu/.pico-sdk/sdk/2.2.0/src/rp2_common/pico_stdio/stdio.c.obj
                0x1000626c                stdio_init_all
 .text.stdio_getchar_timeout_us
                0x10006274       0x50 CMakeFiles/LogicAnalyzer.dir/C_/Users/backu/.pico-sdk/sdk/2.2.0/src/rp2_common/pico_stdio/stdio.c.obj
                0x10006274                stdio_getchar_timeout_us
 .text.__wrap_puts
                0x100062c4       0x1e CMakeFiles/LogicAnalyzer.dir/C_/Users/backu/.pico-sdk/sdk/2.2.0/src/rp2_common/pico_stdio/stdio.c.obj
                0x100062c4                stdio_puts
                0x100062c4                __wrap_puts
 *fill*         0x100062e2        0x2 
 .text.__wrap_vprintf
                0x100062e4       0x40 CMakeFiles/LogicAnalyzer.dir/C_/Users/backu/.pico-sdk/sdk/2.2.0/src/rp2_common/pico_stdio/stdio.c.obj
                0x100062e4                stdio_vprintf
                0x100062e4                __wrap_vprintf
 .text.__wrap_printf
                0x10006324       0x1c CMakeFiles/LogicAnalyzer.dir/C_/Users/backu/.pico-sdk/sdk/2.2.0/src/rp2_common/pico_stdio/stdio.c.obj
                0x10006324                __wrap_printf
                0x10006324                stdio_printf
 .text.resetd_init
                0x10006340        0x2 CMakeFiles/LogicAnalyzer.dir/C_/Users/backu/.pico-sdk/sdk/2.2.0/src/rp2_common/pico_stdio_usb/reset_interface.c.obj
 *fill*         0x10006342        0x2 
 .text.resetd_reset
                0x10006344        0xc CMakeFiles/LogicAnalyzer.dir/C_/Users/backu/.pico-sdk/sdk/2.2.0/src/rp2_common/pico_stdio_usb/reset_interface.c.obj
 .text.resetd_open
                0x10006350       0x34 CMakeFiles/LogicAnalyzer.dir/C_/Users/backu/.pico-sdk/sdk/2.2.0/src/rp2_common/pico_stdio_usb/reset_interface.c.obj
 .text.resetd_xfer_cb
                0x10006384        0x4 CMakeFiles/LogicAnalyzer.dir/C_/Users/backu/.pico-sdk/sdk/2.2.0/src/rp2_common/pico_stdio_usb/reset_interface.c.obj
 .text.resetd_control_xfer_cb
                0x10006388       0x54 CMakeFiles/LogicAnalyzer.dir/C_/Users/backu/.pico-sdk/sdk/2.2.0/src/rp2_common/pico_stdio_usb/reset_interface.c.obj
 .text.tud_descriptor_bos_cb
                0x100063dc        0x8 CMakeFiles/LogicAnalyzer.dir/C_/Users/backu/.pico-sdk/sdk/2.2.0/src/rp2_common/pico_stdio_usb/reset_interface.c.obj
                0x100063dc                tud_descriptor_bos_cb
 .text.tud_vendor_control_xfer_cb
                0x100063e4       0x30 CMakeFiles/LogicAnalyzer.dir/C_/Users/backu/.pico-sdk/sdk/2.2.0/src/rp2_common/pico_stdio_usb/reset_interface.c.obj
                0x100063e4                tud_vendor_control_xfer_cb
 .text.usbd_app_driver_get_cb
                0x10006414        0xc CMakeFiles/LogicAnalyzer.dir/C_/Users/backu/.pico-sdk/sdk/2.2.0/src/rp2_common/pico_stdio_usb/reset_interface.c.obj
                0x10006414                usbd_app_driver_get_cb
 .text.tud_cdc_line_coding_cb
                0x10006420       0x18 CMakeFiles/LogicAnalyzer.dir/C_/Users/backu/.pico-sdk/sdk/2.2.0/src/rp2_common/pico_stdio_usb/reset_interface.c.obj
                0x10006420                tud_cdc_line_coding_cb
 .text.stdio_usb_set_chars_available_callback
                0x10006438       0x14 CMakeFiles/LogicAnalyzer.dir/C_/Users/backu/.pico-sdk/sdk/2.2.0/src/rp2_common/pico_stdio_usb/stdio_usb.c.obj
                0x10006438                stdio_usb_set_chars_available_callback
 .text.stdio_usb_out_flush
                0x1000644c       0x48 CMakeFiles/LogicAnalyzer.dir/C_/Users/backu/.pico-sdk/sdk/2.2.0/src/rp2_common/pico_stdio_usb/stdio_usb.c.obj
 .text.timer_task
                0x10006494       0x70 CMakeFiles/LogicAnalyzer.dir/C_/Users/backu/.pico-sdk/sdk/2.2.0/src/rp2_common/pico_stdio_usb/stdio_usb.c.obj
 .text.usb_irq  0x10006504       0x10 CMakeFiles/LogicAnalyzer.dir/C_/Users/backu/.pico-sdk/sdk/2.2.0/src/rp2_common/pico_stdio_usb/stdio_usb.c.obj
 .text.alarm_pool_add_alarm_in_us
                0x10006514       0x3a CMakeFiles/LogicAnalyzer.dir/C_/Users/backu/.pico-sdk/sdk/2.2.0/src/rp2_common/pico_stdio_usb/stdio_usb.c.obj
 .text.add_alarm_in_us
                0x1000654e       0x26 CMakeFiles/LogicAnalyzer.dir/C_/Users/backu/.pico-sdk/sdk/2.2.0/src/rp2_common/pico_stdio_usb/stdio_usb.c.obj
 .text.low_priority_worker_irq
                0x10006574       0xa8 CMakeFiles/LogicAnalyzer.dir/C_/Users/backu/.pico-sdk/sdk/2.2.0/src/rp2_common/pico_stdio_usb/stdio_usb.c.obj
 .text.stdio_usb_init
                0x1000661c       0xd4 CMakeFiles/LogicAnalyzer.dir/C_/Users/backu/.pico-sdk/sdk/2.2.0/src/rp2_common/pico_stdio_usb/stdio_usb.c.obj
                0x1000661c                stdio_usb_init
 .text.stdio_usb_connected
                0x100066f0        0xa CMakeFiles/LogicAnalyzer.dir/C_/Users/backu/.pico-sdk/sdk/2.2.0/src/rp2_common/pico_stdio_usb/stdio_usb.c.obj
                0x100066f0                stdio_usb_connected
 *fill*         0x100066fa        0x2 
 .text.stdio_usb_in_chars
                0x100066fc       0x8c CMakeFiles/LogicAnalyzer.dir/C_/Users/backu/.pico-sdk/sdk/2.2.0/src/rp2_common/pico_stdio_usb/stdio_usb.c.obj
                0x100066fc                stdio_usb_in_chars
 .text.stdio_usb_out_chars
                0x10006788       0xd4 CMakeFiles/LogicAnalyzer.dir/C_/Users/backu/.pico-sdk/sdk/2.2.0/src/rp2_common/pico_stdio_usb/stdio_usb.c.obj
 .text.tud_descriptor_device_cb
                0x1000685c        0x8 CMakeFiles/LogicAnalyzer.dir/C_/Users/backu/.pico-sdk/sdk/2.2.0/src/rp2_common/pico_stdio_usb/stdio_usb_descriptors.c.obj
                0x1000685c                tud_descriptor_device_cb
 .text.tud_descriptor_configuration_cb
                0x10006864        0x8 CMakeFiles/LogicAnalyzer.dir/C_/Users/backu/.pico-sdk/sdk/2.2.0/src/rp2_common/pico_stdio_usb/stdio_usb_descriptors.c.obj
                0x10006864                tud_descriptor_configuration_cb
 .text.tud_descriptor_string_cb
                0x1000686c       0x64 CMakeFiles/LogicAnalyzer.dir/C_/Users/backu/.pico-sdk/sdk/2.2.0/src/rp2_common/pico_stdio_usb/stdio_usb_descriptors.c.obj
                0x1000686c                tud_descriptor_string_cb
 .text._retrieve_unique_id_on_boot
                0x100068d0       0x58 CMakeFiles/LogicAnalyzer.dir/C_/Users/backu/.pico-sdk/sdk/2.2.0/src/rp2_common/pico_unique_id/unique_id.c.obj
 .text.pico_get_unique_board_id
                0x10006928       0x10 CMakeFiles/LogicAnalyzer.dir/C_/Users/backu/.pico-sdk/sdk/2.2.0/src/rp2_common/pico_unique_id/unique_id.c.obj
                0x10006928                pico_get_unique_board_id
 .text.pico_get_unique_board_id_string
                0x10006938       0x5c CMakeFiles/LogicAnalyzer.dir/C_/Users/backu/.pico-sdk/sdk/2.2.0/src/rp2_common/pico_unique_id/unique_id.c.obj
                0x10006938                pico_get_unique_board_id_string
 .text.hw_endpoint_init
                0x10006994       0xbc CMakeFiles/LogicAnalyzer.dir/C_/Users/backu/.pico-sdk/sdk/2.2.0/lib/tinyusb/src/portable/raspberrypi/rp2040/dcd_rp2040.c.obj
 .text.hw_endpoint_alloc
                0x10006a50       0x48 CMakeFiles/LogicAnalyzer.dir/C_/Users/backu/.pico-sdk/sdk/2.2.0/lib/tinyusb/src/portable/raspberrypi/rp2040/dcd_rp2040.c.obj
 .text.hw_endpoint_open
                0x10006a98       0x44 CMakeFiles/LogicAnalyzer.dir/C_/Users/backu/.pico-sdk/sdk/2.2.0/lib/tinyusb/src/portable/raspberrypi/rp2040/dcd_rp2040.c.obj
 .text.hw_endpoint_xfer
                0x10006adc       0x1c CMakeFiles/LogicAnalyzer.dir/C_/Users/backu/.pico-sdk/sdk/2.2.0/lib/tinyusb/src/portable/raspberrypi/rp2040/dcd_rp2040.c.obj
 .text.dcd_int_enable
                0x10006af8       0x28 CMakeFiles/LogicAnalyzer.dir/C_/Users/backu/.pico-sdk/sdk/2.2.0/lib/tinyusb/src/portable/raspberrypi/rp2040/dcd_rp2040.c.obj
                0x10006af8                dcd_int_enable
 .text.dcd_set_address
                0x10006b20       0x2c CMakeFiles/LogicAnalyzer.dir/C_/Users/backu/.pico-sdk/sdk/2.2.0/lib/tinyusb/src/portable/raspberrypi/rp2040/dcd_rp2040.c.obj
                0x10006b20                dcd_set_address
 .text.dcd_connect
                0x10006b4c       0x10 CMakeFiles/LogicAnalyzer.dir/C_/Users/backu/.pico-sdk/sdk/2.2.0/lib/tinyusb/src/portable/raspberrypi/rp2040/dcd_rp2040.c.obj
                0x10006b4c                dcd_connect
 .text.dcd_init
                0x10006b5c       0x84 CMakeFiles/LogicAnalyzer.dir/C_/Users/backu/.pico-sdk/sdk/2.2.0/lib/tinyusb/src/portable/raspberrypi/rp2040/dcd_rp2040.c.obj
                0x10006b5c                dcd_init
 .text.dcd_sof_enable
                0x10006be0       0x1c CMakeFiles/LogicAnalyzer.dir/C_/Users/backu/.pico-sdk/sdk/2.2.0/lib/tinyusb/src/portable/raspberrypi/rp2040/dcd_rp2040.c.obj
                0x10006be0                dcd_sof_enable
 .text.dcd_edpt0_status_complete
                0x10006bfc       0x20 CMakeFiles/LogicAnalyzer.dir/C_/Users/backu/.pico-sdk/sdk/2.2.0/lib/tinyusb/src/portable/raspberrypi/rp2040/dcd_rp2040.c.obj
                0x10006bfc                dcd_edpt0_status_complete
 .text.dcd_edpt_open
                0x10006c1c       0x22 CMakeFiles/LogicAnalyzer.dir/C_/Users/backu/.pico-sdk/sdk/2.2.0/lib/tinyusb/src/portable/raspberrypi/rp2040/dcd_rp2040.c.obj
                0x10006c1c                dcd_edpt_open
 .text.dcd_edpt_close_all
                0x10006c3e        0x8 CMakeFiles/LogicAnalyzer.dir/C_/Users/backu/.pico-sdk/sdk/2.2.0/lib/tinyusb/src/portable/raspberrypi/rp2040/dcd_rp2040.c.obj
                0x10006c3e                dcd_edpt_close_all
 *fill*         0x10006c46        0x2 
 .text.dcd_edpt_xfer
                0x10006c48       0x2c CMakeFiles/LogicAnalyzer.dir/C_/Users/backu/.pico-sdk/sdk/2.2.0/lib/tinyusb/src/portable/raspberrypi/rp2040/dcd_rp2040.c.obj
                0x10006c48                dcd_edpt_xfer
 .text.dcd_edpt_stall
                0x10006c74       0x38 CMakeFiles/LogicAnalyzer.dir/C_/Users/backu/.pico-sdk/sdk/2.2.0/lib/tinyusb/src/portable/raspberrypi/rp2040/dcd_rp2040.c.obj
                0x10006c74                dcd_edpt_stall
 .text.dcd_edpt_clear_stall
                0x10006cac       0x28 CMakeFiles/LogicAnalyzer.dir/C_/Users/backu/.pico-sdk/sdk/2.2.0/lib/tinyusb/src/portable/raspberrypi/rp2040/dcd_rp2040.c.obj
                0x10006cac                dcd_edpt_clear_stall
 .text.unaligned_memcpy
                0x10006cd4       0x14 CMakeFiles/LogicAnalyzer.dir/C_/Users/backu/.pico-sdk/sdk/2.2.0/lib/tinyusb/src/portable/raspberrypi/rp2040/rp2040_usb.c.obj
 .text.rp2040_usb_init
                0x10006ce8       0x40 CMakeFiles/LogicAnalyzer.dir/C_/Users/backu/.pico-sdk/sdk/2.2.0/lib/tinyusb/src/portable/raspberrypi/rp2040/rp2040_usb.c.obj
                0x10006ce8                rp2040_usb_init
 .text.hw_endpoint_xfer_start
                0x10006d28       0x58 CMakeFiles/LogicAnalyzer.dir/C_/Users/backu/.pico-sdk/sdk/2.2.0/lib/tinyusb/src/portable/raspberrypi/rp2040/rp2040_usb.c.obj
                0x10006d28                hw_endpoint_xfer_start
 .text.configuration_reset
                0x10006d80       0x90 CMakeFiles/LogicAnalyzer.dir/C_/Users/backu/.pico-sdk/sdk/2.2.0/lib/tinyusb/src/device/usbd.c.obj
 .text.usbd_reset
                0x10006e10        0xc CMakeFiles/LogicAnalyzer.dir/C_/Users/backu/.pico-sdk/sdk/2.2.0/lib/tinyusb/src/device/usbd.c.obj
 .text.invoke_class_control
                0x10006e1c       0x1a CMakeFiles/LogicAnalyzer.dir/C_/Users/backu/.pico-sdk/sdk/2.2.0/lib/tinyusb/src/device/usbd.c.obj
 *fill*         0x10006e36        0x2 
 .text.process_set_config
                0x10006e38      0x1cc CMakeFiles/LogicAnalyzer.dir/C_/Users/backu/.pico-sdk/sdk/2.2.0/lib/tinyusb/src/device/usbd.c.obj
 .text.tud_event_hook_cb
                0x10007004        0x2 CMakeFiles/LogicAnalyzer.dir/C_/Users/backu/.pico-sdk/sdk/2.2.0/lib/tinyusb/src/device/usbd.c.obj
                0x10007004                tud_event_hook_cb
 .text.tud_sof_cb
                0x10007006        0x2 CMakeFiles/LogicAnalyzer.dir/C_/Users/backu/.pico-sdk/sdk/2.2.0/lib/tinyusb/src/device/usbd.c.obj
                0x10007006                tud_sof_cb
 .text.tud_descriptor_device_qualifier_cb
                0x10007008        0x4 CMakeFiles/LogicAnalyzer.dir/C_/Users/backu/.pico-sdk/sdk/2.2.0/lib/tinyusb/src/device/usbd.c.obj
                0x10007008                tud_descriptor_device_qualifier_cb
 .text.tud_descriptor_other_speed_configuration_cb
                0x1000700c        0x4 CMakeFiles/LogicAnalyzer.dir/C_/Users/backu/.pico-sdk/sdk/2.2.0/lib/tinyusb/src/device/usbd.c.obj
                0x1000700c                tud_descriptor_other_speed_configuration_cb
 .text.process_get_descriptor
                0x10007010       0xf8 CMakeFiles/LogicAnalyzer.dir/C_/Users/backu/.pico-sdk/sdk/2.2.0/lib/tinyusb/src/device/usbd.c.obj
 .text.tud_mount_cb
                0x10007108        0x2 CMakeFiles/LogicAnalyzer.dir/C_/Users/backu/.pico-sdk/sdk/2.2.0/lib/tinyusb/src/device/usbd.c.obj
                0x10007108                tud_mount_cb
 .text.tud_umount_cb
                0x1000710a        0x2 CMakeFiles/LogicAnalyzer.dir/C_/Users/backu/.pico-sdk/sdk/2.2.0/lib/tinyusb/src/device/usbd.c.obj
                0x1000710a                tud_umount_cb
 .text.tud_suspend_cb
                0x1000710c        0x2 CMakeFiles/LogicAnalyzer.dir/C_/Users/backu/.pico-sdk/sdk/2.2.0/lib/tinyusb/src/device/usbd.c.obj
                0x1000710c                tud_suspend_cb
 .text.tud_resume_cb
                0x1000710e        0x2 CMakeFiles/LogicAnalyzer.dir/C_/Users/backu/.pico-sdk/sdk/2.2.0/lib/tinyusb/src/device/usbd.c.obj
                0x1000710e                tud_resume_cb
 .text.tud_mounted
                0x10007110       0x14 CMakeFiles/LogicAnalyzer.dir/C_/Users/backu/.pico-sdk/sdk/2.2.0/lib/tinyusb/src/device/usbd.c.obj
                0x10007110                tud_mounted
 .text.tud_suspended
                0x10007124       0x10 CMakeFiles/LogicAnalyzer.dir/C_/Users/backu/.pico-sdk/sdk/2.2.0/lib/tinyusb/src/device/usbd.c.obj
                0x10007124                tud_suspended
 .text.tud_inited
                0x10007134       0x10 CMakeFiles/LogicAnalyzer.dir/C_/Users/backu/.pico-sdk/sdk/2.2.0/lib/tinyusb/src/device/usbd.c.obj
                0x10007134                tud_inited
 .text.tud_rhport_init
                0x10007144      0x128 CMakeFiles/LogicAnalyzer.dir/C_/Users/backu/.pico-sdk/sdk/2.2.0/lib/tinyusb/src/device/usbd.c.obj
                0x10007144                tud_rhport_init
 .text.usbd_edpt_open
                0x1000726c       0x7c CMakeFiles/LogicAnalyzer.dir/C_/Users/backu/.pico-sdk/sdk/2.2.0/lib/tinyusb/src/device/usbd.c.obj
                0x1000726c                usbd_edpt_open
 .text.usbd_open_edpt_pair
                0x100072e8       0xa4 CMakeFiles/LogicAnalyzer.dir/C_/Users/backu/.pico-sdk/sdk/2.2.0/lib/tinyusb/src/device/usbd.c.obj
                0x100072e8                usbd_open_edpt_pair
 .text.usbd_edpt_claim
                0x1000738c       0x28 CMakeFiles/LogicAnalyzer.dir/C_/Users/backu/.pico-sdk/sdk/2.2.0/lib/tinyusb/src/device/usbd.c.obj
                0x1000738c                usbd_edpt_claim
 .text.usbd_edpt_release
                0x100073b4       0x28 CMakeFiles/LogicAnalyzer.dir/C_/Users/backu/.pico-sdk/sdk/2.2.0/lib/tinyusb/src/device/usbd.c.obj
                0x100073b4                usbd_edpt_release
 .text.usbd_edpt_xfer
                0x100073dc       0x90 CMakeFiles/LogicAnalyzer.dir/C_/Users/backu/.pico-sdk/sdk/2.2.0/lib/tinyusb/src/device/usbd.c.obj
                0x100073dc                usbd_edpt_xfer
 .text.usbd_edpt_stall
                0x1000746c       0x3c CMakeFiles/LogicAnalyzer.dir/C_/Users/backu/.pico-sdk/sdk/2.2.0/lib/tinyusb/src/device/usbd.c.obj
                0x1000746c                usbd_edpt_stall
 .text.usbd_edpt_clear_stall
                0x100074a8       0x3c CMakeFiles/LogicAnalyzer.dir/C_/Users/backu/.pico-sdk/sdk/2.2.0/lib/tinyusb/src/device/usbd.c.obj
                0x100074a8                usbd_edpt_clear_stall
 .text.usbd_edpt_stalled
                0x100074e4       0x1c CMakeFiles/LogicAnalyzer.dir/C_/Users/backu/.pico-sdk/sdk/2.2.0/lib/tinyusb/src/device/usbd.c.obj
                0x100074e4                usbd_edpt_stalled
 .text.process_control_request
                0x10007500      0x404 CMakeFiles/LogicAnalyzer.dir/C_/Users/backu/.pico-sdk/sdk/2.2.0/lib/tinyusb/src/device/usbd.c.obj
 .text.tud_task_ext
                0x10007904      0x250 CMakeFiles/LogicAnalyzer.dir/C_/Users/backu/.pico-sdk/sdk/2.2.0/lib/tinyusb/src/device/usbd.c.obj
                0x10007904                tud_task_ext
 .text.status_stage_xact
                0x10007b54       0x1a CMakeFiles/LogicAnalyzer.dir/C_/Users/backu/.pico-sdk/sdk/2.2.0/lib/tinyusb/src/device/usbd_control.c.obj
 *fill*         0x10007b6e        0x2 
 .text.data_stage_xact
                0x10007b70       0x5c CMakeFiles/LogicAnalyzer.dir/C_/Users/backu/.pico-sdk/sdk/2.2.0/lib/tinyusb/src/device/usbd_control.c.obj
 .text.tud_control_status
                0x10007bcc       0x28 CMakeFiles/LogicAnalyzer.dir/C_/Users/backu/.pico-sdk/sdk/2.2.0/lib/tinyusb/src/device/usbd_control.c.obj
                0x10007bcc                tud_control_status
 .text.tud_control_xfer
                0x10007bf4       0xac CMakeFiles/LogicAnalyzer.dir/C_/Users/backu/.pico-sdk/sdk/2.2.0/lib/tinyusb/src/device/usbd_control.c.obj
                0x10007bf4                tud_control_xfer
 .text.usbd_control_reset
                0x10007ca0       0x14 CMakeFiles/LogicAnalyzer.dir/C_/Users/backu/.pico-sdk/sdk/2.2.0/lib/tinyusb/src/device/usbd_control.c.obj
                0x10007ca0                usbd_control_reset
 .text.usbd_control_set_complete_callback
                0x10007cb4        0xc CMakeFiles/LogicAnalyzer.dir/C_/Users/backu/.pico-sdk/sdk/2.2.0/lib/tinyusb/src/device/usbd_control.c.obj
                0x10007cb4                usbd_control_set_complete_callback
 .text.usbd_control_set_request
                0x10007cc0       0x1c CMakeFiles/LogicAnalyzer.dir/C_/Users/backu/.pico-sdk/sdk/2.2.0/lib/tinyusb/src/device/usbd_control.c.obj
                0x10007cc0                usbd_control_set_request
 .text.usbd_control_xfer_cb
                0x10007cdc      0x10c CMakeFiles/LogicAnalyzer.dir/C_/Users/backu/.pico-sdk/sdk/2.2.0/lib/tinyusb/src/device/usbd_control.c.obj
                0x10007cdc                usbd_control_xfer_cb
 .text._prep_out_transaction
                0x10007de8       0x94 CMakeFiles/LogicAnalyzer.dir/C_/Users/backu/.pico-sdk/sdk/2.2.0/lib/tinyusb/src/class/cdc/cdc_device.c.obj
 .text.tud_cdc_n_connected
                0x10007e7c       0x34 CMakeFiles/LogicAnalyzer.dir/C_/Users/backu/.pico-sdk/sdk/2.2.0/lib/tinyusb/src/class/cdc/cdc_device.c.obj
                0x10007e7c                tud_cdc_n_connected
 .text.tud_cdc_n_available
                0x10007eb0       0x18 CMakeFiles/LogicAnalyzer.dir/C_/Users/backu/.pico-sdk/sdk/2.2.0/lib/tinyusb/src/class/cdc/cdc_device.c.obj
                0x10007eb0                tud_cdc_n_available
 .text.tud_cdc_n_read
                0x10007ec8       0x34 CMakeFiles/LogicAnalyzer.dir/C_/Users/backu/.pico-sdk/sdk/2.2.0/lib/tinyusb/src/class/cdc/cdc_device.c.obj
                0x10007ec8                tud_cdc_n_read
 .text.tud_cdc_n_write_flush
                0x10007efc       0xb8 CMakeFiles/LogicAnalyzer.dir/C_/Users/backu/.pico-sdk/sdk/2.2.0/lib/tinyusb/src/class/cdc/cdc_device.c.obj
                0x10007efc                tud_cdc_n_write_flush
 .text.tud_cdc_n_write
                0x10007fb4       0x44 CMakeFiles/LogicAnalyzer.dir/C_/Users/backu/.pico-sdk/sdk/2.2.0/lib/tinyusb/src/class/cdc/cdc_device.c.obj
                0x10007fb4                tud_cdc_n_write
 .text.tud_cdc_n_write_available
                0x10007ff8       0x1c CMakeFiles/LogicAnalyzer.dir/C_/Users/backu/.pico-sdk/sdk/2.2.0/lib/tinyusb/src/class/cdc/cdc_device.c.obj
                0x10007ff8                tud_cdc_n_write_available
 .text.cdcd_init
                0x10008014       0xa4 CMakeFiles/LogicAnalyzer.dir/C_/Users/backu/.pico-sdk/sdk/2.2.0/lib/tinyusb/src/class/cdc/cdc_device.c.obj
                0x10008014                cdcd_init
 .text.cdcd_deinit
                0x100080b8       0x40 CMakeFiles/LogicAnalyzer.dir/C_/Users/backu/.pico-sdk/sdk/2.2.0/lib/tinyusb/src/class/cdc/cdc_device.c.obj
                0x100080b8                cdcd_deinit
 .text.cdcd_reset
                0x100080f8       0x78 CMakeFiles/LogicAnalyzer.dir/C_/Users/backu/.pico-sdk/sdk/2.2.0/lib/tinyusb/src/class/cdc/cdc_device.c.obj
                0x100080f8                cdcd_reset
 .text.cdcd_open
                0x10008170      0x124 CMakeFiles/LogicAnalyzer.dir/C_/Users/backu/.pico-sdk/sdk/2.2.0/lib/tinyusb/src/class/cdc/cdc_device.c.obj
                0x10008170                cdcd_open
 .text.cdcd_control_xfer_cb
                0x10008294      0x120 CMakeFiles/LogicAnalyzer.dir/C_/Users/backu/.pico-sdk/sdk/2.2.0/lib/tinyusb/src/class/cdc/cdc_device.c.obj
                0x10008294                cdcd_control_xfer_cb
 .text.cdcd_xfer_cb
                0x100083b4      0x138 CMakeFiles/LogicAnalyzer.dir/C_/Users/backu/.pico-sdk/sdk/2.2.0/lib/tinyusb/src/class/cdc/cdc_device.c.obj
                0x100083b4                cdcd_xfer_cb
 .text.tud_vendor_n_mounted
                0x100084ec       0x30 CMakeFiles/LogicAnalyzer.dir/C_/Users/backu/.pico-sdk/sdk/2.2.0/lib/tinyusb/src/class/vendor/vendor_device.c.obj
                0x100084ec                tud_vendor_n_mounted
 .text.tud_vendor_n_write_flush
                0x1000851c       0x20 CMakeFiles/LogicAnalyzer.dir/C_/Users/backu/.pico-sdk/sdk/2.2.0/lib/tinyusb/src/class/vendor/vendor_device.c.obj
                0x1000851c                tud_vendor_n_write_flush
 .text.vendord_init
                0x1000853c       0x90 CMakeFiles/LogicAnalyzer.dir/C_/Users/backu/.pico-sdk/sdk/2.2.0/lib/tinyusb/src/class/vendor/vendor_device.c.obj
                0x1000853c                vendord_init
 .text.vendord_deinit
                0x100085cc       0x30 CMakeFiles/LogicAnalyzer.dir/C_/Users/backu/.pico-sdk/sdk/2.2.0/lib/tinyusb/src/class/vendor/vendor_device.c.obj
                0x100085cc                vendord_deinit
 .text.vendord_reset
                0x100085fc       0x48 CMakeFiles/LogicAnalyzer.dir/C_/Users/backu/.pico-sdk/sdk/2.2.0/lib/tinyusb/src/class/vendor/vendor_device.c.obj
                0x100085fc                vendord_reset
 .text.vendord_open
                0x10008644      0x144 CMakeFiles/LogicAnalyzer.dir/C_/Users/backu/.pico-sdk/sdk/2.2.0/lib/tinyusb/src/class/vendor/vendor_device.c.obj
                0x10008644                vendord_open
 .text.vendord_xfer_cb
                0x10008788       0xb8 CMakeFiles/LogicAnalyzer.dir/C_/Users/backu/.pico-sdk/sdk/2.2.0/lib/tinyusb/src/class/vendor/vendor_device.c.obj
                0x10008788                vendord_xfer_cb
 .text.tusb_rhport_init
                0x10008840       0xac CMakeFiles/LogicAnalyzer.dir/C_/Users/backu/.pico-sdk/sdk/2.2.0/lib/tinyusb/src/tusb.c.obj
                0x10008840                tusb_rhport_init
 .text.tu_edpt_claim
                0x100088ec       0x50 CMakeFiles/LogicAnalyzer.dir/C_/Users/backu/.pico-sdk/sdk/2.2.0/lib/tinyusb/src/tusb.c.obj
                0x100088ec                tu_edpt_claim
 .text.tu_edpt_release
                0x1000893c       0x3c CMakeFiles/LogicAnalyzer.dir/C_/Users/backu/.pico-sdk/sdk/2.2.0/lib/tinyusb/src/tusb.c.obj
                0x1000893c                tu_edpt_release
 .text.tu_edpt_validate
                0x10008978       0xe0 CMakeFiles/LogicAnalyzer.dir/C_/Users/backu/.pico-sdk/sdk/2.2.0/lib/tinyusb/src/tusb.c.obj
                0x10008978                tu_edpt_validate
 .text.tu_edpt_bind_driver
                0x10008a58       0x4a CMakeFiles/LogicAnalyzer.dir/C_/Users/backu/.pico-sdk/sdk/2.2.0/lib/tinyusb/src/tusb.c.obj
                0x10008a58                tu_edpt_bind_driver
 .text.tu_edpt_stream_init
                0x10008aa2       0x54 CMakeFiles/LogicAnalyzer.dir/C_/Users/backu/.pico-sdk/sdk/2.2.0/lib/tinyusb/src/tusb.c.obj
                0x10008aa2                tu_edpt_stream_init
 .text.tu_edpt_stream_deinit
                0x10008af6        0x4 CMakeFiles/LogicAnalyzer.dir/C_/Users/backu/.pico-sdk/sdk/2.2.0/lib/tinyusb/src/tusb.c.obj
                0x10008af6                tu_edpt_stream_deinit
 *fill*         0x10008afa        0x2 
 .text.tu_edpt_stream_write_zlp_if_needed
                0x10008afc       0x90 CMakeFiles/LogicAnalyzer.dir/C_/Users/backu/.pico-sdk/sdk/2.2.0/lib/tinyusb/src/tusb.c.obj
                0x10008afc                tu_edpt_stream_write_zlp_if_needed
 .text.tu_edpt_stream_write_xfer
                0x10008b8c       0x98 CMakeFiles/LogicAnalyzer.dir/C_/Users/backu/.pico-sdk/sdk/2.2.0/lib/tinyusb/src/tusb.c.obj
                0x10008b8c                tu_edpt_stream_write_xfer
 .text.tu_edpt_stream_read_xfer
                0x10008c24      0x118 CMakeFiles/LogicAnalyzer.dir/C_/Users/backu/.pico-sdk/sdk/2.2.0/lib/tinyusb/src/tusb.c.obj
                0x10008c24                tu_edpt_stream_read_xfer
 .text.advance_index
                0x10008d3c       0x1a CMakeFiles/LogicAnalyzer.dir/C_/Users/backu/.pico-sdk/sdk/2.2.0/lib/tinyusb/src/common/tusb_fifo.c.obj
 .text._tu_fifo_peek
                0x10008d56       0x62 CMakeFiles/LogicAnalyzer.dir/C_/Users/backu/.pico-sdk/sdk/2.2.0/lib/tinyusb/src/common/tusb_fifo.c.obj
 .text._ff_pull_n
                0x10008db8       0x68 CMakeFiles/LogicAnalyzer.dir/C_/Users/backu/.pico-sdk/sdk/2.2.0/lib/tinyusb/src/common/tusb_fifo.c.obj
 .text._tu_fifo_peek_n
                0x10008e20       0x6a CMakeFiles/LogicAnalyzer.dir/C_/Users/backu/.pico-sdk/sdk/2.2.0/lib/tinyusb/src/common/tusb_fifo.c.obj
 .text._tu_fifo_read_n
                0x10008e8a       0x4c CMakeFiles/LogicAnalyzer.dir/C_/Users/backu/.pico-sdk/sdk/2.2.0/lib/tinyusb/src/common/tusb_fifo.c.obj
 .text._ff_push_n
                0x10008ed6       0x66 CMakeFiles/LogicAnalyzer.dir/C_/Users/backu/.pico-sdk/sdk/2.2.0/lib/tinyusb/src/common/tusb_fifo.c.obj
 .text._tu_fifo_write_n
                0x10008f3c       0xf0 CMakeFiles/LogicAnalyzer.dir/C_/Users/backu/.pico-sdk/sdk/2.2.0/lib/tinyusb/src/common/tusb_fifo.c.obj
 .text.tu_fifo_config
                0x1000902c       0x62 CMakeFiles/LogicAnalyzer.dir/C_/Users/backu/.pico-sdk/sdk/2.2.0/lib/tinyusb/src/common/tusb_fifo.c.obj
                0x1000902c                tu_fifo_config
 .text.tu_fifo_count
                0x1000908e       0x28 CMakeFiles/LogicAnalyzer.dir/C_/Users/backu/.pico-sdk/sdk/2.2.0/lib/tinyusb/src/common/tusb_fifo.c.obj
                0x1000908e                tu_fifo_count
 .text.tu_fifo_empty
                0x100090b6       0x12 CMakeFiles/LogicAnalyzer.dir/C_/Users/backu/.pico-sdk/sdk/2.2.0/lib/tinyusb/src/common/tusb_fifo.c.obj
                0x100090b6                tu_fifo_empty
 .text.tu_fifo_full
                0x100090c8       0x28 CMakeFiles/LogicAnalyzer.dir/C_/Users/backu/.pico-sdk/sdk/2.2.0/lib/tinyusb/src/common/tusb_fifo.c.obj
                0x100090c8                tu_fifo_full
 .text.tu_fifo_remaining
                0x100090f0       0x2c CMakeFiles/LogicAnalyzer.dir/C_/Users/backu/.pico-sdk/sdk/2.2.0/lib/tinyusb/src/common/tusb_fifo.c.obj
                0x100090f0                tu_fifo_remaining
 .text.tu_fifo_read
                0x1000911c       0x3e CMakeFiles/LogicAnalyzer.dir/C_/Users/backu/.pico-sdk/sdk/2.2.0/lib/tinyusb/src/common/tusb_fifo.c.obj
                0x1000911c                tu_fifo_read
 .text.tu_fifo_read_n
                0x1000915a        0xa CMakeFiles/LogicAnalyzer.dir/C_/Users/backu/.pico-sdk/sdk/2.2.0/lib/tinyusb/src/common/tusb_fifo.c.obj
                0x1000915a                tu_fifo_read_n
 .text.tu_fifo_write
                0x10009164       0x5e CMakeFiles/LogicAnalyzer.dir/C_/Users/backu/.pico-sdk/sdk/2.2.0/lib/tinyusb/src/common/tusb_fifo.c.obj
                0x10009164                tu_fifo_write
 .text.tu_fifo_write_n
                0x100091c2        0xa CMakeFiles/LogicAnalyzer.dir/C_/Users/backu/.pico-sdk/sdk/2.2.0/lib/tinyusb/src/common/tusb_fifo.c.obj
                0x100091c2                tu_fifo_write_n
 .text.tu_fifo_clear
                0x100091cc       0x36 CMakeFiles/LogicAnalyzer.dir/C_/Users/backu/.pico-sdk/sdk/2.2.0/lib/tinyusb/src/common/tusb_fifo.c.obj
                0x100091cc                tu_fifo_clear
 .text.tu_fifo_set_overwritable
                0x10009202       0x3a CMakeFiles/LogicAnalyzer.dir/C_/Users/backu/.pico-sdk/sdk/2.2.0/lib/tinyusb/src/common/tusb_fifo.c.obj
                0x10009202                tu_fifo_set_overwritable
 .text.dma_channel_unclaim
                0x1000923c       0x10 CMakeFiles/LogicAnalyzer.dir/C_/Users/backu/.pico-sdk/sdk/2.2.0/src/rp2_common/hardware_dma/dma.c.obj
                0x1000923c                dma_channel_unclaim
 .text.dma_claim_unused_channel
                0x1000924c       0x24 CMakeFiles/LogicAnalyzer.dir/C_/Users/backu/.pico-sdk/sdk/2.2.0/src/rp2_common/hardware_dma/dma.c.obj
                0x1000924c                dma_claim_unused_channel
 .text.dma_channel_cleanup
                0x10009270       0x5c CMakeFiles/LogicAnalyzer.dir/C_/Users/backu/.pico-sdk/sdk/2.2.0/src/rp2_common/hardware_dma/dma.c.obj
                0x10009270                dma_channel_cleanup
 .text.pio_get_default_sm_config
                0x100092cc       0x24 CMakeFiles/LogicAnalyzer.dir/C_/Users/backu/.pico-sdk/sdk/2.2.0/src/rp2_common/hardware_pio/pio.c.obj
 .text.pio_set_gpio_base_unsafe
                0x100092f0       0x34 CMakeFiles/LogicAnalyzer.dir/C_/Users/backu/.pico-sdk/sdk/2.2.0/src/rp2_common/hardware_pio/pio.c.obj
 .text.is_gpio_compatible
                0x10009324       0x22 CMakeFiles/LogicAnalyzer.dir/C_/Users/backu/.pico-sdk/sdk/2.2.0/src/rp2_common/hardware_pio/pio.c.obj
 .text.is_program_gpio_compatible
                0x10009346        0xa CMakeFiles/LogicAnalyzer.dir/C_/Users/backu/.pico-sdk/sdk/2.2.0/src/rp2_common/hardware_pio/pio.c.obj
 .text.add_program_at_offset_check
                0x10009350       0x54 CMakeFiles/LogicAnalyzer.dir/C_/Users/backu/.pico-sdk/sdk/2.2.0/src/rp2_common/hardware_pio/pio.c.obj
 .text.add_program_at_offset
                0x100093a4       0x60 CMakeFiles/LogicAnalyzer.dir/C_/Users/backu/.pico-sdk/sdk/2.2.0/src/rp2_common/hardware_pio/pio.c.obj
 .text.find_offset_for_program
                0x10009404       0x78 CMakeFiles/LogicAnalyzer.dir/C_/Users/backu/.pico-sdk/sdk/2.2.0/src/rp2_common/hardware_pio/pio.c.obj
 .text.pio_sm_unclaim
                0x1000947c       0x1c CMakeFiles/LogicAnalyzer.dir/C_/Users/backu/.pico-sdk/sdk/2.2.0/src/rp2_common/hardware_pio/pio.c.obj
                0x1000947c                pio_sm_unclaim
 .text.pio_claim_unused_sm
                0x10009498       0x38 CMakeFiles/LogicAnalyzer.dir/C_/Users/backu/.pico-sdk/sdk/2.2.0/src/rp2_common/hardware_pio/pio.c.obj
                0x10009498                pio_claim_unused_sm
 .text.pio_add_program
                0x100094d0       0x30 CMakeFiles/LogicAnalyzer.dir/C_/Users/backu/.pico-sdk/sdk/2.2.0/src/rp2_common/hardware_pio/pio.c.obj
                0x100094d0                pio_add_program
 .text.pio_remove_program
                0x10009500       0x54 CMakeFiles/LogicAnalyzer.dir/C_/Users/backu/.pico-sdk/sdk/2.2.0/src/rp2_common/hardware_pio/pio.c.obj
                0x10009500                pio_remove_program
 .text.pio_clear_instruction_memory
                0x10009554       0x38 CMakeFiles/LogicAnalyzer.dir/C_/Users/backu/.pico-sdk/sdk/2.2.0/src/rp2_common/hardware_pio/pio.c.obj
                0x10009554                pio_clear_instruction_memory
 .text.pio_sm_set_pins
                0x1000958c       0x76 CMakeFiles/LogicAnalyzer.dir/C_/Users/backu/.pico-sdk/sdk/2.2.0/src/rp2_common/hardware_pio/pio.c.obj
                0x1000958c                pio_sm_set_pins
 .text.pio_sm_set_pindirs_with_mask
                0x10009602       0x72 CMakeFiles/LogicAnalyzer.dir/C_/Users/backu/.pico-sdk/sdk/2.2.0/src/rp2_common/hardware_pio/pio.c.obj
                0x10009602                pio_sm_set_pindirs_with_mask
 .text.pio_sm_set_pindirs_with_mask64
                0x10009674        0xa CMakeFiles/LogicAnalyzer.dir/C_/Users/backu/.pico-sdk/sdk/2.2.0/src/rp2_common/hardware_pio/pio.c.obj
                0x10009674                pio_sm_set_pindirs_with_mask64
 .text.pio_sm_set_consecutive_pindirs
                0x1000967e       0x9e CMakeFiles/LogicAnalyzer.dir/C_/Users/backu/.pico-sdk/sdk/2.2.0/src/rp2_common/hardware_pio/pio.c.obj
                0x1000967e                pio_sm_set_consecutive_pindirs
 .text.pio_sm_init
                0x1000971c       0xac CMakeFiles/LogicAnalyzer.dir/C_/Users/backu/.pico-sdk/sdk/2.2.0/src/rp2_common/hardware_pio/pio.c.obj
                0x1000971c                pio_sm_init
 .text.pio_claim_free_sm_and_add_program_for_gpio_range
                0x100097c8       0xee CMakeFiles/LogicAnalyzer.dir/C_/Users/backu/.pico-sdk/sdk/2.2.0/src/rp2_common/hardware_pio/pio.c.obj
                0x100097c8                pio_claim_free_sm_and_add_program_for_gpio_range
 .text.pio_remove_program_and_unclaim_sm
                0x100098b6       0x1a CMakeFiles/LogicAnalyzer.dir/C_/Users/backu/.pico-sdk/sdk/2.2.0/src/rp2_common/hardware_pio/pio.c.obj
                0x100098b6                pio_remove_program_and_unclaim_sm
 .text.adc_init
                0x100098d0       0x34 CMakeFiles/LogicAnalyzer.dir/C_/Users/backu/.pico-sdk/sdk/2.2.0/src/rp2_common/hardware_adc/adc.c.obj
                0x100098d0                adc_init
 .text.exception_is_compile_time_default
                0x10009904       0x20 CMakeFiles/LogicAnalyzer.dir/C_/Users/backu/.pico-sdk/sdk/2.2.0/src/rp2_common/hardware_exception/exception.c.obj
 .text.set_raw_exception_handler_and_restore_interrupts
                0x10009924       0x18 CMakeFiles/LogicAnalyzer.dir/C_/Users/backu/.pico-sdk/sdk/2.2.0/src/rp2_common/hardware_exception/exception.c.obj
 .text.exception_get_vtable_handler
                0x1000993c       0x10 CMakeFiles/LogicAnalyzer.dir/C_/Users/backu/.pico-sdk/sdk/2.2.0/src/rp2_common/hardware_exception/exception.c.obj
                0x1000993c                exception_get_vtable_handler
 .text.exception_set_exclusive_handler
                0x1000994c       0x44 CMakeFiles/LogicAnalyzer.dir/C_/Users/backu/.pico-sdk/sdk/2.2.0/src/rp2_common/hardware_exception/exception.c.obj
                0x1000994c                exception_set_exclusive_handler
 .text.exception_restore_handler
                0x10009990       0x38 CMakeFiles/LogicAnalyzer.dir/C_/Users/backu/.pico-sdk/sdk/2.2.0/src/rp2_common/hardware_exception/exception.c.obj
                0x10009990                exception_restore_handler
 .text.core1_trampoline
                0x100099c8        0x2 CMakeFiles/LogicAnalyzer.dir/C_/Users/backu/.pico-sdk/sdk/2.2.0/src/rp2_common/pico_multicore/multicore.c.obj
 *fill*         0x100099ca        0x2 
 .text.update_lockout_request_id
                0x100099cc       0x10 CMakeFiles/LogicAnalyzer.dir/C_/Users/backu/.pico-sdk/sdk/2.2.0/src/rp2_common/pico_multicore/multicore.c.obj
 .text.core1_wrapper
                0x100099dc        0xc CMakeFiles/LogicAnalyzer.dir/C_/Users/backu/.pico-sdk/sdk/2.2.0/src/rp2_common/pico_multicore/multicore.c.obj
                0x100099dc                core1_wrapper
 .text.check_lockout_mutex_init
                0x100099e8       0x24 CMakeFiles/LogicAnalyzer.dir/C_/Users/backu/.pico-sdk/sdk/2.2.0/src/rp2_common/pico_multicore/multicore.c.obj
 .text.multicore_lockout_end_block_until
                0x10009a0c       0x44 CMakeFiles/LogicAnalyzer.dir/C_/Users/backu/.pico-sdk/sdk/2.2.0/src/rp2_common/pico_multicore/multicore.c.obj
 .text.multicore_fifo_push_blocking
                0x10009a50       0x16 CMakeFiles/LogicAnalyzer.dir/C_/Users/backu/.pico-sdk/sdk/2.2.0/src/rp2_common/pico_multicore/multicore.c.obj
                0x10009a50                multicore_fifo_push_blocking
 *fill*         0x10009a66        0x2 
 .text.multicore_fifo_push_timeout_us
                0x10009a68       0x64 CMakeFiles/LogicAnalyzer.dir/C_/Users/backu/.pico-sdk/sdk/2.2.0/src/rp2_common/pico_multicore/multicore.c.obj
                0x10009a68                multicore_fifo_push_timeout_us
 .text.multicore_fifo_pop_blocking
                0x10009acc       0x18 CMakeFiles/LogicAnalyzer.dir/C_/Users/backu/.pico-sdk/sdk/2.2.0/src/rp2_common/pico_multicore/multicore.c.obj
                0x10009acc                multicore_fifo_pop_blocking
 .text.multicore_fifo_pop_timeout_us
                0x10009ae4       0x48 CMakeFiles/LogicAnalyzer.dir/C_/Users/backu/.pico-sdk/sdk/2.2.0/src/rp2_common/pico_multicore/multicore.c.obj
                0x10009ae4                multicore_fifo_pop_timeout_us
 .text.multicore_lockout_handshake
                0x10009b2c       0x76 CMakeFiles/LogicAnalyzer.dir/C_/Users/backu/.pico-sdk/sdk/2.2.0/src/rp2_common/pico_multicore/multicore.c.obj
 *fill*         0x10009ba2        0x2 
 .text.multicore_lockout_start_block_until
                0x10009ba4       0x40 CMakeFiles/LogicAnalyzer.dir/C_/Users/backu/.pico-sdk/sdk/2.2.0/src/rp2_common/pico_multicore/multicore.c.obj
 .text.multicore_launch_core1_raw
                0x10009be4       0x7a CMakeFiles/LogicAnalyzer.dir/C_/Users/backu/.pico-sdk/sdk/2.2.0/src/rp2_common/pico_multicore/multicore.c.obj
                0x10009be4                multicore_launch_core1_raw
 *fill*         0x10009c5e        0x2 
 .text.multicore_launch_core1_with_stack
                0x10009c60       0x50 CMakeFiles/LogicAnalyzer.dir/C_/Users/backu/.pico-sdk/sdk/2.2.0/src/rp2_common/pico_multicore/multicore.c.obj
                0x10009c60                multicore_launch_core1_with_stack
 .text.multicore_launch_core1
                0x10009cb0       0x24 CMakeFiles/LogicAnalyzer.dir/C_/Users/backu/.pico-sdk/sdk/2.2.0/src/rp2_common/pico_multicore/multicore.c.obj
                0x10009cb0                multicore_launch_core1
 .text.multicore_lockout_victim_init
                0x10009cd4       0x2c CMakeFiles/LogicAnalyzer.dir/C_/Users/backu/.pico-sdk/sdk/2.2.0/src/rp2_common/pico_multicore/multicore.c.obj
                0x10009cd4                multicore_lockout_victim_init
 .text.multicore_lockout_start_timeout_us
                0x10009d00       0x24 CMakeFiles/LogicAnalyzer.dir/C_/Users/backu/.pico-sdk/sdk/2.2.0/src/rp2_common/pico_multicore/multicore.c.obj
                0x10009d00                multicore_lockout_start_timeout_us
 .text.multicore_lockout_end_timeout_us
                0x10009d24       0x24 CMakeFiles/LogicAnalyzer.dir/C_/Users/backu/.pico-sdk/sdk/2.2.0/src/rp2_common/pico_multicore/multicore.c.obj
                0x10009d24                multicore_lockout_end_timeout_us
 .text.SystemCoreClockUpdate
                0x10009d48       0x14 CMakeFiles/LogicAnalyzer.dir/C_/Users/backu/.pico-sdk/sdk/2.2.0/src/rp2_common/cmsis/stub/CMSIS/Device/RP2350/Source/system_RP2350.c.obj
                0x10009d48                SystemCoreClockUpdate
 .text.SystemInit
                0x10009d5c        0x8 CMakeFiles/LogicAnalyzer.dir/C_/Users/backu/.pico-sdk/sdk/2.2.0/src/rp2_common/cmsis/stub/CMSIS/Device/RP2350/Source/system_RP2350.c.obj
                0x10009d5c                SystemInit
 .text.lwip_timeout_reached
                0x10009d64       0x2c CMakeFiles/LogicAnalyzer.dir/C_/Users/backu/.pico-sdk/sdk/2.2.0/src/rp2_common/pico_lwip/lwip_nosys.c.obj
 .text.update_next_timeout
                0x10009d90       0x98 CMakeFiles/LogicAnalyzer.dir/C_/Users/backu/.pico-sdk/sdk/2.2.0/src/rp2_common/pico_lwip/lwip_nosys.c.obj
 .text.lwip_nosys_init
                0x10009e28       0x30 CMakeFiles/LogicAnalyzer.dir/C_/Users/backu/.pico-sdk/sdk/2.2.0/src/rp2_common/pico_lwip/lwip_nosys.c.obj
                0x10009e28                lwip_nosys_init
 .text.lwip_nosys_deinit
                0x10009e58       0x20 CMakeFiles/LogicAnalyzer.dir/C_/Users/backu/.pico-sdk/sdk/2.2.0/src/rp2_common/pico_lwip/lwip_nosys.c.obj
                0x10009e58                lwip_nosys_deinit
 .text.sys_arch_protect
                0x10009e78        0x4 CMakeFiles/LogicAnalyzer.dir/C_/Users/backu/.pico-sdk/sdk/2.2.0/src/rp2_common/pico_lwip/lwip_nosys.c.obj
                0x10009e78                sys_arch_protect
 .text.sys_arch_unprotect
                0x10009e7c        0x2 CMakeFiles/LogicAnalyzer.dir/C_/Users/backu/.pico-sdk/sdk/2.2.0/src/rp2_common/pico_lwip/lwip_nosys.c.obj
                0x10009e7c                sys_arch_unprotect
 *fill*         0x10009e7e        0x2 
 .text.sys_now  0x10009e80       0x24 CMakeFiles/LogicAnalyzer.dir/C_/Users/backu/.pico-sdk/sdk/2.2.0/src/rp2_common/pico_lwip/lwip_nosys.c.obj
                0x10009e80                sys_now
 .text.async_context_base_add_at_time_worker
                0x10009ea4       0x20 CMakeFiles/LogicAnalyzer.dir/C_/Users/backu/.pico-sdk/sdk/2.2.0/src/rp2_common/pico_async_context/async_context_base.c.obj
                0x10009ea4                async_context_base_add_at_time_worker
 .text.async_context_base_remove_at_time_worker