Archive member included to satisfy reference by file (symbol)

c:/progra~2/gnuarm~1/102021~1.10/bin/../lib/gcc/arm-none-eabi/10.3.1/thumb/v6-m/nofp\libgcc.a(_dvmd_tls.o)
                              CMakeFiles/LogicAnalyzer.dir/F_/PicoSDK/Pico/pico-sdk/src/rp2_common/pico_divider/divider.S.obj (__aeabi_idiv0)
c:/progra~2/gnuarm~1/102021~1.10/bin/../lib/gcc/arm-none-eabi/10.3.1/../../../../arm-none-eabi/lib/thumb/v6-m/nofp\libg.a(lib_a-calloc.o)
                              CMakeFiles/LogicAnalyzer.dir/F_/PicoSDK/Pico/pico-sdk/src/rp2_common/pico_malloc/pico_malloc.c.obj (calloc)
c:/progra~2/gnuarm~1/102021~1.10/bin/../lib/gcc/arm-none-eabi/10.3.1/../../../../arm-none-eabi/lib/thumb/v6-m/nofp\libg.a(lib_a-callocr.o)
                              c:/progra~2/gnuarm~1/102021~1.10/bin/../lib/gcc/arm-none-eabi/10.3.1/../../../../arm-none-eabi/lib/thumb/v6-m/nofp\libg.a(lib_a-calloc.o) (_calloc_r)
c:/progra~2/gnuarm~1/102021~1.10/bin/../lib/gcc/arm-none-eabi/10.3.1/../../../../arm-none-eabi/lib/thumb/v6-m/nofp\libg.a(lib_a-ctype_.o)
                              CMakeFiles/LogicAnalyzer.dir/F_/PicoSDK/Pico/pico-sdk/lib/tinyusb/src/tusb.c.obj (_ctype_)
c:/progra~2/gnuarm~1/102021~1.10/bin/../lib/gcc/arm-none-eabi/10.3.1/../../../../arm-none-eabi/lib/thumb/v6-m/nofp\libg.a(lib_a-errno.o)
                              c:/progra~2/gnuarm~1/102021~1.10/bin/../lib/gcc/arm-none-eabi/10.3.1/../../../../arm-none-eabi/lib/thumb/v6-m/nofp\libg.a(lib_a-callocr.o) (__errno)
c:/progra~2/gnuarm~1/102021~1.10/bin/../lib/gcc/arm-none-eabi/10.3.1/../../../../arm-none-eabi/lib/thumb/v6-m/nofp\libg.a(lib_a-impure.o)
                              c:/progra~2/gnuarm~1/102021~1.10/bin/../lib/gcc/arm-none-eabi/10.3.1/../../../../arm-none-eabi/lib/thumb/v6-m/nofp\libg.a(lib_a-calloc.o) (_impure_ptr)
c:/progra~2/gnuarm~1/102021~1.10/bin/../lib/gcc/arm-none-eabi/10.3.1/../../../../arm-none-eabi/lib/thumb/v6-m/nofp\libg.a(lib_a-init.o)
                              c:/progra~2/gnuarm~1/102021~1.10/bin/../lib/gcc/arm-none-eabi/10.3.1/../../../../arm-none-eabi/lib/thumb/v6-m/nofp/crt0.o (__libc_init_array)
c:/progra~2/gnuarm~1/102021~1.10/bin/../lib/gcc/arm-none-eabi/10.3.1/../../../../arm-none-eabi/lib/thumb/v6-m/nofp\libg.a(lib_a-malloc.o)
                              CMakeFiles/LogicAnalyzer.dir/F_/PicoSDK/Pico/pico-sdk/src/rp2_common/pico_malloc/pico_malloc.c.obj (malloc)
c:/progra~2/gnuarm~1/102021~1.10/bin/../lib/gcc/arm-none-eabi/10.3.1/../../../../arm-none-eabi/lib/thumb/v6-m/nofp\libg.a(lib_a-mallocr.o)
                              c:/progra~2/gnuarm~1/102021~1.10/bin/../lib/gcc/arm-none-eabi/10.3.1/../../../../arm-none-eabi/lib/thumb/v6-m/nofp\libg.a(lib_a-callocr.o) (_malloc_r)
c:/progra~2/gnuarm~1/102021~1.10/bin/../lib/gcc/arm-none-eabi/10.3.1/../../../../arm-none-eabi/lib/thumb/v6-m/nofp\libg.a(lib_a-mlock.o)
                              c:/progra~2/gnuarm~1/102021~1.10/bin/../lib/gcc/arm-none-eabi/10.3.1/../../../../arm-none-eabi/lib/thumb/v6-m/nofp\libg.a(lib_a-mallocr.o) (__malloc_lock)
c:/progra~2/gnuarm~1/102021~1.10/bin/../lib/gcc/arm-none-eabi/10.3.1/../../../../arm-none-eabi/lib/thumb/v6-m/nofp\libg.a(lib_a-sbrkr.o)
                              c:/progra~2/gnuarm~1/102021~1.10/bin/../lib/gcc/arm-none-eabi/10.3.1/../../../../arm-none-eabi/lib/thumb/v6-m/nofp\libg.a(lib_a-mallocr.o) (_sbrk_r)
c:/progra~2/gnuarm~1/102021~1.10/bin/../lib/gcc/arm-none-eabi/10.3.1/../../../../arm-none-eabi/lib/thumb/v6-m/nofp\libg.a(lib_a-strlen-stub.o)
                              CMakeFiles/LogicAnalyzer.dir/F_/PicoSDK/Pico/pico-sdk/src/rp2_common/pico_stdio/stdio.c.obj (strlen)
c:/progra~2/gnuarm~1/102021~1.10/bin/../lib/gcc/arm-none-eabi/10.3.1/../../../../arm-none-eabi/lib/thumb/v6-m/nofp\libg.a(lib_a-freer.o)
                              c:/progra~2/gnuarm~1/102021~1.10/bin/../lib/gcc/arm-none-eabi/10.3.1/../../../../arm-none-eabi/lib/thumb/v6-m/nofp\libg.a(lib_a-malloc.o) (_free_r)
c:/progra~2/gnuarm~1/102021~1.10/bin/../lib/gcc/arm-none-eabi/10.3.1/../../../../arm-none-eabi/lib/thumb/v6-m/nofp\libg.a(lib_a-lock.o)
                              c:/progra~2/gnuarm~1/102021~1.10/bin/../lib/gcc/arm-none-eabi/10.3.1/../../../../arm-none-eabi/lib/thumb/v6-m/nofp\libg.a(lib_a-mlock.o) (__retarget_lock_acquire_recursive)
c:/progra~2/gnuarm~1/102021~1.10/bin/../lib/gcc/arm-none-eabi/10.3.1/../../../../arm-none-eabi/lib/thumb/v6-m/nofp\libg.a(lib_a-reent.o)
                              c:/progra~2/gnuarm~1/102021~1.10/bin/../lib/gcc/arm-none-eabi/10.3.1/../../../../arm-none-eabi/lib/thumb/v6-m/nofp\libg.a(lib_a-sbrkr.o) (errno)

Discarded input sections

 .text          0x00000000        0x0 c:/progra~2/gnuarm~1/102021~1.10/bin/../lib/gcc/arm-none-eabi/10.3.1/thumb/v6-m/nofp/crti.o
 .data          0x00000000        0x0 c:/progra~2/gnuarm~1/102021~1.10/bin/../lib/gcc/arm-none-eabi/10.3.1/thumb/v6-m/nofp/crti.o
[...]
Memory Configuration

Name             Origin             Length             Attributes
FLASH            0x10000000         0x00200000         xr
RAM              0x20000000         0x00040000         xrw
SCRATCH_X        0x20040000         0x00001000         xrw
SCRATCH_Y        0x20041000         0x00001000         xrw
*default*        0x00000000         0xffffffff

Linker script and memory map

LOAD c:/progra~2/gnuarm~1/102021~1.10/bin/../lib/gcc/arm-none-eabi/10.3.1/thumb/v6-m/nofp/crti.o
LOAD c:/progra~2/gnuarm~1/102021~1.10/bin/../lib/gcc/arm-none-eabi/10.3.1/thumb/v6-m/nofp/crtbegin.o
LOAD c:/progra~2/gnuarm~1/102021~1.10/bin/../lib/gcc/arm-none-eabi/10.3.1/../../../../arm-none-eabi/lib/thumb/v6-m/nofp/crt0.o

.flash_begin    0x10000000        0x0
                0x10000000                __flash_binary_start = .

.boot2          0x10000000      0x100
                0x10000000                __boot2_start__ = .
 *(.boot2)
 .boot2         0x10000000      0x100 C:\Users\geniw\AppData\Local\Temp\ccMrHH3D.o
                0x10000100                __boot2_end__ = .
                0x00000001                ASSERT (((__boot2_end__ - __boot2_start__) == 0x100), ERROR: Pico second stage bootloader must be 256 bytes in size)

.text           0x10000100     0x9438
                0x10000100                __logical_binary_start = .
 *(.vectors)
 .vectors       0x10000100       0xd4 CMakeFiles/LogicAnalyzer.dir/F_/PicoSDK/Pico/pico-sdk/src/rp2_common/pico_standard_link/crt0.S.obj
                0x10000100                __VECTOR_TABLE
                0x10000100                __vectors
                0x100001c0                isr_invalid
                0x100001c0                __default_isrs_start
                0x100001c2                isr_nmi
                0x100001c4                isr_hardfault
                0x100001c6                isr_svcall
                0x100001c8                isr_pendsv
                0x100001ca                isr_systick
                0x100001cc                isr_irq23
                0x100001cc                isr_irq18
                0x100001cc                isr_irq11
                0x100001cc                isr_irq28
                0x100001cc                isr_irq19
                0x100001cc                isr_irq0
                0x100001cc                isr_irq6
                0x100001cc                isr_irq5
                0x100001cc                isr_irq12
                0x100001cc                isr_irq22
                0x100001cc                isr_irq31
                0x100001cc                isr_irq17
                0x100001cc                isr_irq27
                0x100001cc                isr_irq30
                0x100001cc                isr_irq2
                0x100001cc                isr_irq10
                0x100001cc                isr_irq8
                0x100001cc                isr_irq24
                0x100001cc                isr_irq1
                0x100001cc                isr_irq7
                0x100001cc                isr_irq21
                0x100001cc                isr_irq20
                0x100001cc                isr_irq15
                0x100001cc                isr_irq25
                0x100001cc                isr_irq13
                0x100001cc                __unhandled_user_irq
                0x100001cc                isr_irq4
                0x100001cc                isr_irq16
                0x100001cc                isr_irq29
                0x100001cc                isr_irq26
                0x100001cc                __default_isrs_end
                0x100001cc                isr_irq3
                0x100001cc                isr_irq14
                0x100001cc                isr_irq9
                0x100001d2                unhandled_user_irq_num_in_r0
 *(.binary_info_header)
 .binary_info_header
                0x100001d4       0x14 CMakeFiles/LogicAnalyzer.dir/F_/PicoSDK/Pico/pico-sdk/src/rp2_common/pico_standard_link/crt0.S.obj
                0x100001e8                __binary_info_header_end = .
 *(.reset)
 .reset         0x100001e8       0xa8 CMakeFiles/LogicAnalyzer.dir/F_/PicoSDK/Pico/pico-sdk/src/rp2_common/pico_standard_link/crt0.S.obj
                0x100001e8                _entry_point
                0x10000266                __get_current_exception
 .reset         0x10000290       0x30 CMakeFiles/LogicAnalyzer.dir/F_/PicoSDK/Pico/pico-sdk/src/rp2_common/pico_standard_link/binary_info.c.obj
 *(.init)
 .init          0x100002c0        0x4 c:/progra~2/gnuarm~1/102021~1.10/bin/../lib/gcc/arm-none-eabi/10.3.1/thumb/v6-m/nofp/crti.o
                0x100002c0                _init
 *(EXCLUDE_FILE(*libm.a: *libc.a:*lib_a-mem*.o *libgcc.a:) .text*)
 .text          0x100002c4       0x48 c:/progra~2/gnuarm~1/102021~1.10/bin/../lib/gcc/arm-none-eabi/10.3.1/thumb/v6-m/nofp/crtbegin.o
 .text.simple_capture_completed
                0x1000030c      0x2bc CMakeFiles/LogicAnalyzer.dir/LogicAnalyzer.c.obj
                0x1000030c                simple_capture_completed
 .text.fast_capture_completed
                0x100005c8      0x2dc CMakeFiles/LogicAnalyzer.dir/LogicAnalyzer.c.obj
                0x100005c8                fast_capture_completed
 .text.complex_capture_completed
                0x100008a4      0x2d4 CMakeFiles/LogicAnalyzer.dir/LogicAnalyzer.c.obj
                0x100008a4                complex_capture_completed
 .text.create_fast_trigger_program
                0x10000b78       0x48 CMakeFiles/LogicAnalyzer.dir/LogicAnalyzer.c.obj
                0x10000b78                create_fast_trigger_program
 .text.configureCaptureDMAs
                0x10000bc0      0x388 CMakeFiles/LogicAnalyzer.dir/LogicAnalyzer.c.obj
                0x10000bc0                configureCaptureDMAs
 .text.stopCapture
                0x10000f48       0x40 CMakeFiles/LogicAnalyzer.dir/LogicAnalyzer.c.obj
                0x10000f48                stopCapture
 .text.startCaptureFast
                0x10000f88      0x4cc CMakeFiles/LogicAnalyzer.dir/LogicAnalyzer.c.obj
                0x10000f88                startCaptureFast
 .text.startCaptureComplex
                0x10001454      0x4b0 CMakeFiles/LogicAnalyzer.dir/LogicAnalyzer.c.obj
                0x10001454                startCaptureComplex
 .text.startCaptureSimple
                0x10001904      0x378 CMakeFiles/LogicAnalyzer.dir/LogicAnalyzer.c.obj
                0x10001904                startCaptureSimple
 .text.IsCapturing
                0x10001c7c       0x10 CMakeFiles/LogicAnalyzer.dir/LogicAnalyzer.c.obj
                0x10001c7c                IsCapturing
 .text.GetBuffer
                0x10001c8c      0x140 CMakeFiles/LogicAnalyzer.dir/LogicAnalyzer.c.obj
                0x10001c8c                GetBuffer
 .text.processInput
                0x10001dcc      0x1c4 CMakeFiles/LogicAnalyzer.dir/LogicAnalyzer.c.obj
                0x10001dcc                processInput
 .text.main     0x10001f90      0x12c CMakeFiles/LogicAnalyzer.dir/LogicAnalyzer.c.obj
                0x10001f90                main
 .text.set_sys_clock_pll
                0x100020bc       0x78 CMakeFiles/LogicAnalyzer.dir/F_/PicoSDK/Pico/pico-sdk/src/rp2_common/pico_stdlib/stdlib.c.obj
                0x100020bc                set_sys_clock_pll
 .text.check_sys_clock_khz
                0x10002134       0xb0 CMakeFiles/LogicAnalyzer.dir/F_/PicoSDK/Pico/pico-sdk/src/rp2_common/pico_stdlib/stdlib.c.obj
                0x10002134                check_sys_clock_khz
 .text.gpio_set_function
                0x100021e4       0x30 CMakeFiles/LogicAnalyzer.dir/F_/PicoSDK/Pico/pico-sdk/src/rp2_common/hardware_gpio/gpio.c.obj
                0x100021e4                gpio_set_function
 .text.gpio_init
                0x10002214       0x16 CMakeFiles/LogicAnalyzer.dir/F_/PicoSDK/Pico/pico-sdk/src/rp2_common/hardware_gpio/gpio.c.obj
                0x10002214                gpio_init
 *fill*         0x1000222a        0x2 
 .text.hw_claim_lock
                0x1000222c       0x18 CMakeFiles/LogicAnalyzer.dir/F_/PicoSDK/Pico/pico-sdk/src/rp2_common/hardware_claim/claim.c.obj
                0x1000222c                hw_claim_lock
 .text.hw_claim_unlock
                0x10002244       0x14 CMakeFiles/LogicAnalyzer.dir/F_/PicoSDK/Pico/pico-sdk/src/rp2_common/hardware_claim/claim.c.obj
                0x10002244                hw_claim_unlock
 .text.hw_claim_or_assert
                0x10002258       0x32 CMakeFiles/LogicAnalyzer.dir/F_/PicoSDK/Pico/pico-sdk/src/rp2_common/hardware_claim/claim.c.obj
                0x10002258                hw_claim_or_assert
 .text.hw_claim_unused_from_range
                0x1000228a       0x50 CMakeFiles/LogicAnalyzer.dir/F_/PicoSDK/Pico/pico-sdk/src/rp2_common/hardware_claim/claim.c.obj
                0x1000228a                hw_claim_unused_from_range
 *fill*         0x100022da        0x2 
 .text.hw_claim_clear
                0x100022dc       0x40 CMakeFiles/LogicAnalyzer.dir/F_/PicoSDK/Pico/pico-sdk/src/rp2_common/hardware_claim/claim.c.obj
                0x100022dc                hw_claim_clear
 .text.running_on_fpga
                0x1000231c       0x14 CMakeFiles/LogicAnalyzer.dir/F_/PicoSDK/Pico/pico-sdk/src/rp2_common/pico_platform/platform.c.obj
                0x1000231c                running_on_fpga
 .text.spin_locks_reset
                0x10002330       0x20 CMakeFiles/LogicAnalyzer.dir/F_/PicoSDK/Pico/pico-sdk/src/rp2_common/hardware_sync/sync.c.obj
                0x10002330                spin_locks_reset
 .text.next_striped_spin_lock_num
                0x10002350       0x1c CMakeFiles/LogicAnalyzer.dir/F_/PicoSDK/Pico/pico-sdk/src/rp2_common/hardware_sync/sync.c.obj
                0x10002350                next_striped_spin_lock_num
 .text.spin_lock_claim_unused
                0x1000236c       0x20 CMakeFiles/LogicAnalyzer.dir/F_/PicoSDK/Pico/pico-sdk/src/rp2_common/hardware_sync/sync.c.obj
                0x1000236c                spin_lock_claim_unused
 .text.alarm_pool_post_alloc_init
                0x1000238c       0x40 CMakeFiles/LogicAnalyzer.dir/F_/PicoSDK/Pico/pico-sdk/src/common/pico_time/time.c.obj
 .text.sleep_until_callback
                0x100023cc       0x30 CMakeFiles/LogicAnalyzer.dir/F_/PicoSDK/Pico/pico-sdk/src/common/pico_time/time.c.obj
 .text.timer_pool_entry_comparator
                0x100023fc       0x7c CMakeFiles/LogicAnalyzer.dir/F_/PicoSDK/Pico/pico-sdk/src/common/pico_time/time.c.obj
                0x100023fc                timer_pool_entry_comparator
 .text.ph_add_child_node
                0x10002478       0xa4 CMakeFiles/LogicAnalyzer.dir/F_/PicoSDK/Pico/pico-sdk/src/common/pico_time/time.c.obj
 .text.ph_merge_nodes
                0x1000251c       0x3e CMakeFiles/LogicAnalyzer.dir/F_/PicoSDK/Pico/pico-sdk/src/common/pico_time/time.c.obj
 *fill*         0x1000255a        0x2 
 .text.add_alarm_under_lock
                0x1000255c      0x174 CMakeFiles/LogicAnalyzer.dir/F_/PicoSDK/Pico/pico-sdk/src/common/pico_time/time.c.obj
 .text.alarm_pool_alarm_callback
                0x100026d0      0x328 CMakeFiles/LogicAnalyzer.dir/F_/PicoSDK/Pico/pico-sdk/src/common/pico_time/time.c.obj
 .text.alarm_pool_init_default
                0x100029f8       0x38 CMakeFiles/LogicAnalyzer.dir/F_/PicoSDK/Pico/pico-sdk/src/common/pico_time/time.c.obj
                0x100029f8                alarm_pool_init_default
 .text.alarm_pool_get_default
                0x10002a30       0x2c CMakeFiles/LogicAnalyzer.dir/F_/PicoSDK/Pico/pico-sdk/src/common/pico_time/time.c.obj
                0x10002a30                alarm_pool_get_default
 .text.alarm_pool_add_alarm_at
                0x10002a5c      0x170 CMakeFiles/LogicAnalyzer.dir/F_/PicoSDK/Pico/pico-sdk/src/common/pico_time/time.c.obj
                0x10002a5c                alarm_pool_add_alarm_at
 .text.alarm_pool_cancel_alarm
                0x10002bcc       0xf0 CMakeFiles/LogicAnalyzer.dir/F_/PicoSDK/Pico/pico-sdk/src/common/pico_time/time.c.obj
                0x10002bcc                alarm_pool_cancel_alarm
 .text.sleep_until
                0x10002cbc       0xfc CMakeFiles/LogicAnalyzer.dir/F_/PicoSDK/Pico/pico-sdk/src/common/pico_time/time.c.obj
                0x10002cbc                sleep_until
 .text.sleep_us
                0x10002db8       0x58 CMakeFiles/LogicAnalyzer.dir/F_/PicoSDK/Pico/pico-sdk/src/common/pico_time/time.c.obj
                0x10002db8                sleep_us
 .text.sleep_ms
                0x10002e10       0x14 CMakeFiles/LogicAnalyzer.dir/F_/PicoSDK/Pico/pico-sdk/src/common/pico_time/time.c.obj
                0x10002e10                sleep_ms
 .text.best_effort_wfe_or_timeout
                0x10002e24       0x80 CMakeFiles/LogicAnalyzer.dir/F_/PicoSDK/Pico/pico-sdk/src/common/pico_time/time.c.obj
                0x10002e24                best_effort_wfe_or_timeout
 .text.hardware_alarm_irq_handler
                0x10002ea4       0x8c CMakeFiles/LogicAnalyzer.dir/F_/PicoSDK/Pico/pico-sdk/src/rp2_common/hardware_timer/timer.c.obj
 .text.hardware_alarm_claim
                0x10002f30       0x18 CMakeFiles/LogicAnalyzer.dir/F_/PicoSDK/Pico/pico-sdk/src/rp2_common/hardware_timer/timer.c.obj
                0x10002f30                hardware_alarm_claim
 .text.time_us_64
                0x10002f48       0x18 CMakeFiles/LogicAnalyzer.dir/F_/PicoSDK/Pico/pico-sdk/src/rp2_common/hardware_timer/timer.c.obj
                0x10002f48                time_us_64
 .text.busy_wait_until
                0x10002f60       0x28 CMakeFiles/LogicAnalyzer.dir/F_/PicoSDK/Pico/pico-sdk/src/rp2_common/hardware_timer/timer.c.obj
                0x10002f60                busy_wait_until
 .text.busy_wait_us
                0x10002f88       0x48 CMakeFiles/LogicAnalyzer.dir/F_/PicoSDK/Pico/pico-sdk/src/rp2_common/hardware_timer/timer.c.obj
                0x10002f88                busy_wait_us
 .text.hardware_alarm_set_callback
                0x10002fd0       0x90 CMakeFiles/LogicAnalyzer.dir/F_/PicoSDK/Pico/pico-sdk/src/rp2_common/hardware_timer/timer.c.obj
                0x10002fd0                hardware_alarm_set_callback
 .text.hardware_alarm_set_target
                0x10003060       0xe8 CMakeFiles/LogicAnalyzer.dir/F_/PicoSDK/Pico/pico-sdk/src/rp2_common/hardware_timer/timer.c.obj
                0x10003060                hardware_alarm_set_target
 .text.hardware_alarm_cancel
                0x10003148       0x40 CMakeFiles/LogicAnalyzer.dir/F_/PicoSDK/Pico/pico-sdk/src/rp2_common/hardware_timer/timer.c.obj
                0x10003148                hardware_alarm_cancel
 .text.lock_init
                0x10003188       0x10 CMakeFiles/LogicAnalyzer.dir/F_/PicoSDK/Pico/pico-sdk/src/common/pico_sync/lock_core.c.obj
                0x10003188                lock_init
 .text.mutex_init
                0x10003198       0x1a CMakeFiles/LogicAnalyzer.dir/F_/PicoSDK/Pico/pico-sdk/src/common/pico_sync/mutex.c.obj
                0x10003198                mutex_init
 .text.recursive_mutex_init
                0x100031b2       0x1e CMakeFiles/LogicAnalyzer.dir/F_/PicoSDK/Pico/pico-sdk/src/common/pico_sync/mutex.c.obj
                0x100031b2                recursive_mutex_init
 .text.critical_section_init_with_lock_num
                0x100031d0       0x14 CMakeFiles/LogicAnalyzer.dir/F_/PicoSDK/Pico/pico-sdk/src/common/pico_sync/critical_section.c.obj
                0x100031d0                critical_section_init_with_lock_num
 .text.critical_section_init
                0x100031e4       0x14 CMakeFiles/LogicAnalyzer.dir/F_/PicoSDK/Pico/pico-sdk/src/common/pico_sync/critical_section.c.obj
                0x100031e4                critical_section_init
 .text.ph_add_child_node
                0x100031f8       0xa4 CMakeFiles/LogicAnalyzer.dir/F_/PicoSDK/Pico/pico-sdk/src/common/pico_util/pheap.c.obj
 .text.ph_merge_nodes
                0x1000329c       0x3e CMakeFiles/LogicAnalyzer.dir/F_/PicoSDK/Pico/pico-sdk/src/common/pico_util/pheap.c.obj
 *fill*         0x100032da        0x2 
 .text.ph_clear
                0x100032dc       0x70 CMakeFiles/LogicAnalyzer.dir/F_/PicoSDK/Pico/pico-sdk/src/common/pico_util/pheap.c.obj
                0x100032dc                ph_clear
 .text.ph_post_alloc_init
                0x1000334c        0xe CMakeFiles/LogicAnalyzer.dir/F_/PicoSDK/Pico/pico-sdk/src/common/pico_util/pheap.c.obj
                0x1000334c                ph_post_alloc_init
 *fill*         0x1000335a        0x2 
 .text.ph_merge_two_pass
                0x1000335c       0xa8 CMakeFiles/LogicAnalyzer.dir/F_/PicoSDK/Pico/pico-sdk/src/common/pico_util/pheap.c.obj
                0x1000335c                ph_merge_two_pass
 .text.ph_remove_any_head
                0x10003404      0x108 CMakeFiles/LogicAnalyzer.dir/F_/PicoSDK/Pico/pico-sdk/src/common/pico_util/pheap.c.obj
 .text.ph_remove_head
                0x1000350c       0x14 CMakeFiles/LogicAnalyzer.dir/F_/PicoSDK/Pico/pico-sdk/src/common/pico_util/pheap.c.obj
                0x1000350c                ph_remove_head
 .text.ph_remove_and_free_node
                0x10003520       0xf8 CMakeFiles/LogicAnalyzer.dir/F_/PicoSDK/Pico/pico-sdk/src/common/pico_util/pheap.c.obj
                0x10003520                ph_remove_and_free_node
 .text._exit    0x10003618        0x4 CMakeFiles/LogicAnalyzer.dir/F_/PicoSDK/Pico/pico-sdk/src/rp2_common/pico_runtime/runtime.c.obj
                0x10003618                _exit
 .text.exit     0x1000361c        0x6 CMakeFiles/LogicAnalyzer.dir/F_/PicoSDK/Pico/pico-sdk/src/rp2_common/pico_runtime/runtime.c.obj
                0x1000361c                exit
 *fill*         0x10003622        0x2 
 .text.__assert_func
                0x10003624       0x3c CMakeFiles/LogicAnalyzer.dir/F_/PicoSDK/Pico/pico-sdk/src/rp2_common/pico_runtime/runtime.c.obj
                0x10003624                __assert_func
 .text.runtime_init
                0x10003660       0xf8 CMakeFiles/LogicAnalyzer.dir/F_/PicoSDK/Pico/pico-sdk/src/rp2_common/pico_runtime/runtime.c.obj
                0x10003660                runtime_init
 .text.panic    0x10003758       0x30 CMakeFiles/LogicAnalyzer.dir/F_/PicoSDK/Pico/pico-sdk/src/rp2_common/pico_runtime/runtime.c.obj
                0x10003758                panic
 .text.clock_configure
                0x10003788      0x104 CMakeFiles/LogicAnalyzer.dir/F_/PicoSDK/Pico/pico-sdk/src/rp2_common/hardware_clocks/clocks.c.obj
                0x10003788                clock_configure
 .text.clocks_init
                0x1000388c      0x100 CMakeFiles/LogicAnalyzer.dir/F_/PicoSDK/Pico/pico-sdk/src/rp2_common/hardware_clocks/clocks.c.obj
                0x1000388c                clocks_init
 .text.clock_get_hz
                0x1000398c        0xc CMakeFiles/LogicAnalyzer.dir/F_/PicoSDK/Pico/pico-sdk/src/rp2_common/hardware_clocks/clocks.c.obj
                0x1000398c                clock_get_hz
 .text.set_raw_irq_handler_and_unlock
                0x10003998       0x28 CMakeFiles/LogicAnalyzer.dir/F_/PicoSDK/Pico/pico-sdk/src/rp2_common/hardware_irq/irq.c.obj
 .text.make_branch
                0x100039c0       0x48 CMakeFiles/LogicAnalyzer.dir/F_/PicoSDK/Pico/pico-sdk/src/rp2_common/hardware_irq/irq.c.obj
 .text.insert_branch_and_link
                0x10003a08       0x40 CMakeFiles/LogicAnalyzer.dir/F_/PicoSDK/Pico/pico-sdk/src/rp2_common/hardware_irq/irq.c.obj
 .text.irq_is_enabled
                0x10003a48       0x18 CMakeFiles/LogicAnalyzer.dir/F_/PicoSDK/Pico/pico-sdk/src/rp2_common/hardware_irq/irq.c.obj
                0x10003a48                irq_is_enabled
 .text.irq_set_mask_enabled
                0x10003a60       0x20 CMakeFiles/LogicAnalyzer.dir/F_/PicoSDK/Pico/pico-sdk/src/rp2_common/hardware_irq/irq.c.obj
                0x10003a60                irq_set_mask_enabled
 .text.irq_set_enabled
                0x10003a80        0xe CMakeFiles/LogicAnalyzer.dir/F_/PicoSDK/Pico/pico-sdk/src/rp2_common/hardware_irq/irq.c.obj
                0x10003a80                irq_set_enabled
 *fill*         0x10003a8e        0x2 
 .text.irq_set_pending
                0x10003a90       0x10 CMakeFiles/LogicAnalyzer.dir/F_/PicoSDK/Pico/pico-sdk/src/rp2_common/hardware_irq/irq.c.obj
                0x10003a90                irq_set_pending
 .text.irq_get_vtable_handler
                0x10003aa0       0x10 CMakeFiles/LogicAnalyzer.dir/F_/PicoSDK/Pico/pico-sdk/src/rp2_common/hardware_irq/irq.c.obj
                0x10003aa0                irq_get_vtable_handler
 .text.irq_set_exclusive_handler
                0x10003ab0       0x54 CMakeFiles/LogicAnalyzer.dir/F_/PicoSDK/Pico/pico-sdk/src/rp2_common/hardware_irq/irq.c.obj
                0x10003ab0                irq_set_exclusive_handler
 .text.irq_remove_handler
                0x10003b04      0x1a8 CMakeFiles/LogicAnalyzer.dir/F_/PicoSDK/Pico/pico-sdk/src/rp2_common/hardware_irq/irq.c.obj
                0x10003b04                irq_remove_handler
 .text.irq_add_tail_to_free_list
                0x10003cac       0xf0 CMakeFiles/LogicAnalyzer.dir/F_/PicoSDK/Pico/pico-sdk/src/rp2_common/hardware_irq/irq.c.obj
                0x10003cac                irq_add_tail_to_free_list
 .text.irq_init_priorities
                0x10003d9c       0x1c CMakeFiles/LogicAnalyzer.dir/F_/PicoSDK/Pico/pico-sdk/src/rp2_common/hardware_irq/irq.c.obj
                0x10003d9c                irq_init_priorities
 .text.pll_init
                0x10003db8      0x120 CMakeFiles/LogicAnalyzer.dir/F_/PicoSDK/Pico/pico-sdk/src/rp2_common/hardware_pll/pll.c.obj
                0x10003db8                pll_init
 .text.watchdog_start_tick
                0x10003ed8       0x10 CMakeFiles/LogicAnalyzer.dir/F_/PicoSDK/Pico/pico-sdk/src/rp2_common/hardware_watchdog/watchdog.c.obj
                0x10003ed8                watchdog_start_tick
 .text.watchdog_update
                0x10003ee8       0x14 CMakeFiles/LogicAnalyzer.dir/F_/PicoSDK/Pico/pico-sdk/src/rp2_common/hardware_watchdog/watchdog.c.obj
                0x10003ee8                watchdog_update
 .text._watchdog_enable
                0x10003efc       0x78 CMakeFiles/LogicAnalyzer.dir/F_/PicoSDK/Pico/pico-sdk/src/rp2_common/hardware_watchdog/watchdog.c.obj
                0x10003efc                _watchdog_enable
 .text.watchdog_reboot
                0x10003f74       0x48 CMakeFiles/LogicAnalyzer.dir/F_/PicoSDK/Pico/pico-sdk/src/rp2_common/hardware_watchdog/watchdog.c.obj
                0x10003f74                watchdog_reboot
 .text.xosc_init
                0x10003fbc       0x28 CMakeFiles/LogicAnalyzer.dir/F_/PicoSDK/Pico/pico-sdk/src/rp2_common/hardware_xosc/xosc.c.obj
                0x10003fbc                xosc_init
 .text._out_null
                0x10003fe4        0x2 CMakeFiles/LogicAnalyzer.dir/F_/PicoSDK/Pico/pico-sdk/src/rp2_common/pico_printf/printf.c.obj
 .text._out_fct
                0x10003fe6        0xe CMakeFiles/LogicAnalyzer.dir/F_/PicoSDK/Pico/pico-sdk/src/rp2_common/pico_printf/printf.c.obj
 .text._atoi    0x10003ff4       0x24 CMakeFiles/LogicAnalyzer.dir/F_/PicoSDK/Pico/pico-sdk/src/rp2_common/pico_printf/printf.c.obj
 .text._out_rev
                0x10004018       0xae CMakeFiles/LogicAnalyzer.dir/F_/PicoSDK/Pico/pico-sdk/src/rp2_common/pico_printf/printf.c.obj
 .text._ntoa_format
                0x100040c6      0x112 CMakeFiles/LogicAnalyzer.dir/F_/PicoSDK/Pico/pico-sdk/src/rp2_common/pico_printf/printf.c.obj
 .text._ntoa_long
                0x100041d8       0xbc CMakeFiles/LogicAnalyzer.dir/F_/PicoSDK/Pico/pico-sdk/src/rp2_common/pico_printf/printf.c.obj
 .text._ntoa_long_long
                0x10004294       0xe2 CMakeFiles/LogicAnalyzer.dir/F_/PicoSDK/Pico/pico-sdk/src/rp2_common/pico_printf/printf.c.obj
 *fill*         0x10004376        0x2 
 .text._etoa    0x10004378      0x414 CMakeFiles/LogicAnalyzer.dir/F_/PicoSDK/Pico/pico-sdk/src/rp2_common/pico_printf/printf.c.obj
 .text._ftoa    0x1000478c      0x354 CMakeFiles/LogicAnalyzer.dir/F_/PicoSDK/Pico/pico-sdk/src/rp2_common/pico_printf/printf.c.obj
 .text._vsnprintf
                0x10004ae0      0x624 CMakeFiles/LogicAnalyzer.dir/F_/PicoSDK/Pico/pico-sdk/src/rp2_common/pico_printf/printf.c.obj
 .text.vfctprintf
                0x10005104       0x20 CMakeFiles/LogicAnalyzer.dir/F_/PicoSDK/Pico/pico-sdk/src/rp2_common/pico_printf/printf.c.obj
                0x10005104                vfctprintf
 .text          0x10005124       0x10 CMakeFiles/LogicAnalyzer.dir/F_/PicoSDK/Pico/pico-sdk/src/rp2_common/pico_bit_ops/bit_ops_aeabi.S.obj
 .text.rom_func_lookup
                0x10005134       0x10 CMakeFiles/LogicAnalyzer.dir/F_/PicoSDK/Pico/pico-sdk/src/rp2_common/pico_bootrom/bootrom.c.obj
                0x10005134                rom_func_lookup
 .text.rom_data_lookup
                0x10005144       0x10 CMakeFiles/LogicAnalyzer.dir/F_/PicoSDK/Pico/pico-sdk/src/rp2_common/pico_bootrom/bootrom.c.obj
                0x10005144                rom_data_lookup
 .text.rom_funcs_lookup
                0x10005154       0x36 CMakeFiles/LogicAnalyzer.dir/F_/PicoSDK/Pico/pico-sdk/src/rp2_common/pico_bootrom/bootrom.c.obj
                0x10005154                rom_funcs_lookup
 *fill*         0x1000518a        0x2 
 .text.__wrap___aeabi_idiv
                0x1000518c       0x50 CMakeFiles/LogicAnalyzer.dir/F_/PicoSDK/Pico/pico-sdk/src/rp2_common/pico_divider/divider.S.obj
                0x1000518c                __wrap___aeabi_idivmod
                0x1000518c                divmod_s32s32
                0x1000518c                div_s32s32
                0x1000518c                __wrap___aeabi_idiv
                0x10005194                divmod_s32s32_unsafe
                0x100051c0                divmod_s32s32_savestate
 .text.__wrap___aeabi_uidiv
                0x100051dc       0x4c CMakeFiles/LogicAnalyzer.dir/F_/PicoSDK/Pico/pico-sdk/src/rp2_common/pico_divider/divider.S.obj
                0x100051dc                __wrap___aeabi_uidiv
                0x100051dc                __wrap___aeabi_uidivmod
                0x100051dc                div_u32u32
                0x100051dc                divmod_u32u32
                0x100051e4                divmod_u32u32_unsafe
                0x1000520c                divmod_u32u32_savestate
 .text.__wrap___aeabi_ldiv
                0x10005228      0x434 CMakeFiles/LogicAnalyzer.dir/F_/PicoSDK/Pico/pico-sdk/src/rp2_common/pico_divider/divider.S.obj
                0x10005228                div_s64s64
                0x10005228                divmod_s64s64
                0x10005228                __wrap___aeabi_ldivmod
                0x10005260                divmod_u64u64
                0x10005260                div_u64u64
                0x10005260                __wrap___aeabi_uldivmod
                0x10005270                divmod_u64u64_savestate
                0x10005298                divmod_s64s64_unsafe
                0x10005320                divmod_u64u64_unsafe
 .text.__wrap___aeabi_darithmetic
                0x1000565c       0x80 CMakeFiles/LogicAnalyzer.dir/F_/PicoSDK/Pico/pico-sdk/src/rp2_common/pico_double/double_aeabi.S.obj
                0x1000565c                __wrap___aeabi_drsub
                0x10005662                __wrap___aeabi_dsub
                0x10005674                __wrap___aeabi_dadd
                0x10005686                __wrap___aeabi_ddiv
                0x100056c2                __wrap___aeabi_dmul
 .text.__wrap___aeabi_cdcmple
                0x100056dc       0x6c CMakeFiles/LogicAnalyzer.dir/F_/PicoSDK/Pico/pico-sdk/src/rp2_common/pico_double/double_aeabi.S.obj
                0x100056dc                __wrap___aeabi_cdrcmple
                0x100056ec                __wrap___aeabi_cdcmpeq
                0x100056ec                __wrap___aeabi_cdcmple
 .text.__wrap___aeabi_dcmplt
                0x10005748        0xc CMakeFiles/LogicAnalyzer.dir/F_/PicoSDK/Pico/pico-sdk/src/rp2_common/pico_double/double_aeabi.S.obj
                0x10005748                __wrap___aeabi_dcmplt
 .text.__wrap___aeabi_dcmple
                0x10005754       0x10 CMakeFiles/LogicAnalyzer.dir/F_/PicoSDK/Pico/pico-sdk/src/rp2_common/pico_double/double_aeabi.S.obj
                0x10005754                __wrap___aeabi_dcmple
 .text.__wrap___aeabi_dcmpge
                0x10005764       0x10 CMakeFiles/LogicAnalyzer.dir/F_/PicoSDK/Pico/pico-sdk/src/rp2_common/pico_double/double_aeabi.S.obj
                0x10005764                __wrap___aeabi_dcmpge
 .text.__wrap___aeabi_dcmpgt
                0x10005774        0xa CMakeFiles/LogicAnalyzer.dir/F_/PicoSDK/Pico/pico-sdk/src/rp2_common/pico_double/double_aeabi.S.obj
                0x10005774                __wrap___aeabi_dcmpgt
 .text.__wrap___aeabi_dcmpun
                0x1000577e       0x1c CMakeFiles/LogicAnalyzer.dir/F_/PicoSDK/Pico/pico-sdk/src/rp2_common/pico_double/double_aeabi.S.obj
                0x1000577e                __wrap___aeabi_dcmpun
 *fill*         0x1000579a        0x2 
 .text.__wrap___aeabi_i2d
                0x1000579c       0x38 CMakeFiles/LogicAnalyzer.dir/F_/PicoSDK/Pico/pico-sdk/src/rp2_common/pico_double/double_aeabi.S.obj
                0x1000579c                __wrap___aeabi_ui2d
                0x100057a4                __wrap___aeabi_i2d
 .text.__wrap___aeabi_d2iz
                0x100057d4       0x48 CMakeFiles/LogicAnalyzer.dir/F_/PicoSDK/Pico/pico-sdk/src/rp2_common/pico_double/double_aeabi.S.obj
                0x100057d4                double2int_z
                0x100057d4                __wrap___aeabi_d2iz
 .text.__wrap___aeabi_d2uiz
                0x1000581c       0x18 CMakeFiles/LogicAnalyzer.dir/F_/PicoSDK/Pico/pico-sdk/src/rp2_common/pico_double/double_aeabi.S.obj
                0x1000581c                __wrap___aeabi_d2uiz
                0x1000581c                double2uint
 .text.__aeabi_double_init
                0x10005834       0xc8 CMakeFiles/LogicAnalyzer.dir/F_/PicoSDK/Pico/pico-sdk/src/rp2_common/pico_double/double_init_rom.c.obj
                0x10005834                __aeabi_double_init
 .text.double_table_shim_on_use_helper
                0x100058fc       0x34 CMakeFiles/LogicAnalyzer.dir/F_/PicoSDK/Pico/pico-sdk/src/rp2_common/pico_double/double_v1_rom_shim.S.obj
                0x100058fc                double_table_shim_on_use_helper
 .text.__wrap___aeabi_dsub
                0x10005930       0x10 CMakeFiles/LogicAnalyzer.dir/F_/PicoSDK/Pico/pico-sdk/src/rp2_common/pico_double/double_v1_rom_shim.S.obj
                0x10005930                drsub_shim
                0x10005936                dsub_shim
 .text.dadd_shim
                0x10005940      0x15c CMakeFiles/LogicAnalyzer.dir/F_/PicoSDK/Pico/pico-sdk/src/rp2_common/pico_double/double_v1_rom_shim.S.obj
                0x10005940                dadd_shim
 .text.dmul_shim
                0x10005a9c      0x15c CMakeFiles/LogicAnalyzer.dir/F_/PicoSDK/Pico/pico-sdk/src/rp2_common/pico_double/double_v1_rom_shim.S.obj
                0x10005a9c                dmul_shim
 .text.ddiv_shim
                0x10005bf8      0x1b0 CMakeFiles/LogicAnalyzer.dir/F_/PicoSDK/Pico/pico-sdk/src/rp2_common/pico_double/double_v1_rom_shim.S.obj
                0x10005bf8                ddiv_shim
 .text.double2uint_shim
                0x10005da8        0xe CMakeFiles/LogicAnalyzer.dir/F_/PicoSDK/Pico/pico-sdk/src/rp2_common/pico_double/double_v1_rom_shim.S.obj
                0x10005da8                double2uint_shim
                0x10005daa                double2ufix_shim
 *fill*         0x10005db6        0x2 
 .text.double2uint64_shim
                0x10005db8       0x70 CMakeFiles/LogicAnalyzer.dir/F_/PicoSDK/Pico/pico-sdk/src/rp2_common/pico_double/double_v1_rom_shim.S.obj
                0x10005db8                double2uint64_shim
                0x10005dba                double2ufix64_shim
                0x10005dda                d2fix_a
 .text.dunpacks
                0x10005e28       0x3c CMakeFiles/LogicAnalyzer.dir/F_/PicoSDK/Pico/pico-sdk/src/rp2_common/pico_double/double_v1_rom_shim.S.obj
                0x10005e28                dunpacks
 .text.__aeabi_lmul
                0x10005e64       0x32 CMakeFiles/LogicAnalyzer.dir/F_/PicoSDK/Pico/pico-sdk/src/rp2_common/pico_int64_ops/pico_int64_ops_aeabi.S.obj
                0x10005e64                __wrap___aeabi_lmul
 *fill*         0x10005e96        0x2 
 .text.__wrap___aeabi_farithmetic
                0x10005e98       0x58 CMakeFiles/LogicAnalyzer.dir/F_/PicoSDK/Pico/pico-sdk/src/rp2_common/pico_float/float_aeabi.S.obj
                0x10005e98                __wrap___aeabi_frsub
                0x10005e9e                __wrap___aeabi_fsub
                0x10005ea8                __wrap___aeabi_fadd
                0x10005eb2                __wrap___aeabi_fdiv
                0x10005ede                __wrap___aeabi_fmul
 .text.__wrap___aeabi_ui2f
                0x10005ef0        0xa CMakeFiles/LogicAnalyzer.dir/F_/PicoSDK/Pico/pico-sdk/src/rp2_common/pico_float/float_aeabi.S.obj
                0x10005ef0                __wrap___aeabi_ui2f
 *fill*         0x10005efa        0x2 
 .text.__wrap___aeabi_i2f
                0x10005efc       0x44 CMakeFiles/LogicAnalyzer.dir/F_/PicoSDK/Pico/pico-sdk/src/rp2_common/pico_float/float_aeabi.S.obj
                0x10005efc                __wrap___aeabi_i2f
 .text.__wrap___aeabi_f2uiz
                0x10005f40       0x10 CMakeFiles/LogicAnalyzer.dir/F_/PicoSDK/Pico/pico-sdk/src/rp2_common/pico_float/float_aeabi.S.obj
                0x10005f40                __wrap___aeabi_f2uiz
 .text.__aeabi_float_init
                0x10005f50       0xfc CMakeFiles/LogicAnalyzer.dir/F_/PicoSDK/Pico/pico-sdk/src/rp2_common/pico_float/float_init_rom.c.obj
                0x10005f50                __aeabi_float_init
 .text.float_table_shim_on_use_helper
                0x1000604c       0x34 CMakeFiles/LogicAnalyzer.dir/F_/PicoSDK/Pico/pico-sdk/src/rp2_common/pico_float/float_v1_rom_shim.S.obj
                0x1000604c                float_table_shim_on_use_helper
 .text          0x10006080       0x10 CMakeFiles/LogicAnalyzer.dir/F_/PicoSDK/Pico/pico-sdk/src/rp2_common/pico_mem_ops/mem_ops_aeabi.S.obj
                0x10006080                __aeabi_mem_init
 .text.memset   0x10006090        0xc CMakeFiles/LogicAnalyzer.dir/F_/PicoSDK/Pico/pico-sdk/src/rp2_common/pico_mem_ops/mem_ops_aeabi.S.obj
                0x10006090                __wrap_memset
 .text.memcpy   0x1000609c        0xc CMakeFiles/LogicAnalyzer.dir/F_/PicoSDK/Pico/pico-sdk/src/rp2_common/pico_mem_ops/mem_ops_aeabi.S.obj
                0x1000609c                __wrap_memcpy
                0x1000609c                __wrap___aeabi_memcpy
 .text.stdio_out_chars_no_crlf
                0x100060a8        0xe CMakeFiles/LogicAnalyzer.dir/F_/PicoSDK/Pico/pico-sdk/src/rp2_common/pico_stdio/stdio.c.obj
 *fill*         0x100060b6        0x2 
 .text.stdio_out_chars_crlf
                0x100060b8       0x80 CMakeFiles/LogicAnalyzer.dir/F_/PicoSDK/Pico/pico-sdk/src/rp2_common/pico_stdio/stdio.c.obj
 .text.stdio_stack_buffer_flush
                0x10006138       0x44 CMakeFiles/LogicAnalyzer.dir/F_/PicoSDK/Pico/pico-sdk/src/rp2_common/pico_stdio/stdio.c.obj
 .text.stdio_buffered_printer
                0x1000617c       0x20 CMakeFiles/LogicAnalyzer.dir/F_/PicoSDK/Pico/pico-sdk/src/rp2_common/pico_stdio/stdio.c.obj
 .text.stdio_get_until
                0x1000619c       0x80 CMakeFiles/LogicAnalyzer.dir/F_/PicoSDK/Pico/pico-sdk/src/rp2_common/pico_stdio/stdio.c.obj
 .text.stdout_serialize_begin
                0x1000621c       0x30 CMakeFiles/LogicAnalyzer.dir/F_/PicoSDK/Pico/pico-sdk/src/rp2_common/pico_stdio/stdio.c.obj
                0x1000621c                stdout_serialize_begin
 .text.stdout_serialize_end
                0x1000624c       0x10 CMakeFiles/LogicAnalyzer.dir/F_/PicoSDK/Pico/pico-sdk/src/rp2_common/pico_stdio/stdio.c.obj
                0x1000624c                stdout_serialize_end
 .text.stdio_put_string
                0x1000625c       0x98 CMakeFiles/LogicAnalyzer.dir/F_/PicoSDK/Pico/pico-sdk/src/rp2_common/pico_stdio/stdio.c.obj
 .text.putchar_raw
                0x100062f4       0x1c CMakeFiles/LogicAnalyzer.dir/F_/PicoSDK/Pico/pico-sdk/src/rp2_common/pico_stdio/stdio.c.obj
                0x100062f4                putchar_raw
 .text.stdio_set_driver_enabled
                0x10006310       0x2c CMakeFiles/LogicAnalyzer.dir/F_/PicoSDK/Pico/pico-sdk/src/rp2_common/pico_stdio/stdio.c.obj
                0x10006310                stdio_set_driver_enabled
 .text.stdio_flush
                0x1000633c       0x20 CMakeFiles/LogicAnalyzer.dir/F_/PicoSDK/Pico/pico-sdk/src/rp2_common/pico_stdio/stdio.c.obj
                0x1000633c                stdio_flush
 .text.__wrap_puts
                0x1000635c       0x1e CMakeFiles/LogicAnalyzer.dir/F_/PicoSDK/Pico/pico-sdk/src/rp2_common/pico_stdio/stdio.c.obj
                0x1000635c                __wrap_puts
 *fill*         0x1000637a        0x2 
 .text.__wrap_vprintf
                0x1000637c       0x44 CMakeFiles/LogicAnalyzer.dir/F_/PicoSDK/Pico/pico-sdk/src/rp2_common/pico_stdio/stdio.c.obj
                0x1000637c                __wrap_vprintf
 .text.__wrap_printf
                0x100063c0       0x18 CMakeFiles/LogicAnalyzer.dir/F_/PicoSDK/Pico/pico-sdk/src/rp2_common/pico_stdio/stdio.c.obj
                0x100063c0                __wrap_printf
 .text.stdio_init_all
                0x100063d8        0x8 CMakeFiles/LogicAnalyzer.dir/F_/PicoSDK/Pico/pico-sdk/src/rp2_common/pico_stdio/stdio.c.obj
                0x100063d8                stdio_init_all
 .text.getchar_timeout_us
                0x100063e0       0x80 CMakeFiles/LogicAnalyzer.dir/F_/PicoSDK/Pico/pico-sdk/src/rp2_common/pico_stdio/stdio.c.obj
                0x100063e0                getchar_timeout_us
 .text.resetd_init
                0x10006460        0x2 CMakeFiles/LogicAnalyzer.dir/F_/PicoSDK/Pico/pico-sdk/src/rp2_common/pico_stdio_usb/reset_interface.c.obj
 *fill*         0x10006462        0x2 
 .text.resetd_reset
                0x10006464        0xc CMakeFiles/LogicAnalyzer.dir/F_/PicoSDK/Pico/pico-sdk/src/rp2_common/pico_stdio_usb/reset_interface.c.obj
 .text.resetd_open
                0x10006470       0x34 CMakeFiles/LogicAnalyzer.dir/F_/PicoSDK/Pico/pico-sdk/src/rp2_common/pico_stdio_usb/reset_interface.c.obj
 .text.resetd_xfer_cb
                0x100064a4        0x4 CMakeFiles/LogicAnalyzer.dir/F_/PicoSDK/Pico/pico-sdk/src/rp2_common/pico_stdio_usb/reset_interface.c.obj
 .text.reset_usb_boot
                0x100064a8       0x18 CMakeFiles/LogicAnalyzer.dir/F_/PicoSDK/Pico/pico-sdk/src/rp2_common/pico_stdio_usb/reset_interface.c.obj
 .text.resetd_control_xfer_cb
                0x100064c0       0x5c CMakeFiles/LogicAnalyzer.dir/F_/PicoSDK/Pico/pico-sdk/src/rp2_common/pico_stdio_usb/reset_interface.c.obj
 .text.usbd_app_driver_get_cb
                0x1000651c        0xc CMakeFiles/LogicAnalyzer.dir/F_/PicoSDK/Pico/pico-sdk/src/rp2_common/pico_stdio_usb/reset_interface.c.obj
                0x1000651c                usbd_app_driver_get_cb
 .text.tud_cdc_line_coding_cb
                0x10006528       0x28 CMakeFiles/LogicAnalyzer.dir/F_/PicoSDK/Pico/pico-sdk/src/rp2_common/pico_stdio_usb/reset_interface.c.obj
                0x10006528                tud_cdc_line_coding_cb
 .text.stdio_usb_in_chars
                0x10006550       0x70 CMakeFiles/LogicAnalyzer.dir/F_/PicoSDK/Pico/pico-sdk/src/rp2_common/pico_stdio_usb/stdio_usb.c.obj
                0x10006550                stdio_usb_in_chars
 .text.low_priority_worker_irq
                0x100065c0       0x20 CMakeFiles/LogicAnalyzer.dir/F_/PicoSDK/Pico/pico-sdk/src/rp2_common/pico_stdio_usb/stdio_usb.c.obj
 .text.stdio_usb_out_chars
                0x100065e0       0xd4 CMakeFiles/LogicAnalyzer.dir/F_/PicoSDK/Pico/pico-sdk/src/rp2_common/pico_stdio_usb/stdio_usb.c.obj
 .text.timer_task
                0x100066b4       0x10 CMakeFiles/LogicAnalyzer.dir/F_/PicoSDK/Pico/pico-sdk/src/rp2_common/pico_stdio_usb/stdio_usb.c.obj
 .text.stdio_usb_init
                0x100066c4       0xb8 CMakeFiles/LogicAnalyzer.dir/F_/PicoSDK/Pico/pico-sdk/src/rp2_common/pico_stdio_usb/stdio_usb.c.obj
                0x100066c4                stdio_usb_init
 .text.tud_descriptor_device_cb
                0x1000677c        0x8 CMakeFiles/LogicAnalyzer.dir/F_/PicoSDK/Pico/pico-sdk/src/rp2_common/pico_stdio_usb/stdio_usb_descriptors.c.obj
                0x1000677c                tud_descriptor_device_cb
 .text.tud_descriptor_configuration_cb
                0x10006784        0x8 CMakeFiles/LogicAnalyzer.dir/F_/PicoSDK/Pico/pico-sdk/src/rp2_common/pico_stdio_usb/stdio_usb_descriptors.c.obj
                0x10006784                tud_descriptor_configuration_cb
 .text.tud_descriptor_string_cb
                0x1000678c       0x6c CMakeFiles/LogicAnalyzer.dir/F_/PicoSDK/Pico/pico-sdk/src/rp2_common/pico_stdio_usb/stdio_usb_descriptors.c.obj
                0x1000678c                tud_descriptor_string_cb
 .text.hw_endpoint_get_by_addr
                0x100067f8       0x18 CMakeFiles/LogicAnalyzer.dir/F_/PicoSDK/Pico/pico-sdk/lib/tinyusb/src/portable/raspberrypi/rp2040/dcd_rp2040.c.obj
 .text.reset_ep0_pid
                0x10006810       0x28 CMakeFiles/LogicAnalyzer.dir/F_/PicoSDK/Pico/pico-sdk/lib/tinyusb/src/portable/raspberrypi/rp2040/dcd_rp2040.c.obj
 .text._hw_endpoint_alloc
                0x10006838       0x70 CMakeFiles/LogicAnalyzer.dir/F_/PicoSDK/Pico/pico-sdk/lib/tinyusb/src/portable/raspberrypi/rp2040/dcd_rp2040.c.obj
 .text.hw_endpoint_init
                0x100068a8       0x88 CMakeFiles/LogicAnalyzer.dir/F_/PicoSDK/Pico/pico-sdk/lib/tinyusb/src/portable/raspberrypi/rp2040/dcd_rp2040.c.obj
 .text.reset_non_control_endpoints
                0x10006930       0x40 CMakeFiles/LogicAnalyzer.dir/F_/PicoSDK/Pico/pico-sdk/lib/tinyusb/src/portable/raspberrypi/rp2040/dcd_rp2040.c.obj
 .text.hw_handle_buff_status
                0x10006970       0x8c CMakeFiles/LogicAnalyzer.dir/F_/PicoSDK/Pico/pico-sdk/lib/tinyusb/src/portable/raspberrypi/rp2040/dcd_rp2040.c.obj
 .text.dcd_rp2040_irq
                0x100069fc       0xc0 CMakeFiles/LogicAnalyzer.dir/F_/PicoSDK/Pico/pico-sdk/lib/tinyusb/src/portable/raspberrypi/rp2040/dcd_rp2040.c.obj
 .text.hw_endpoint_xfer
                0x10006abc       0x14 CMakeFiles/LogicAnalyzer.dir/F_/PicoSDK/Pico/pico-sdk/lib/tinyusb/src/portable/raspberrypi/rp2040/dcd_rp2040.c.obj
 .text.dcd_int_enable
                0x10006ad0       0x2c CMakeFiles/LogicAnalyzer.dir/F_/PicoSDK/Pico/pico-sdk/lib/tinyusb/src/portable/raspberrypi/rp2040/dcd_rp2040.c.obj
                0x10006ad0                dcd_int_enable
 .text.dcd_set_address
                0x10006afc       0x2c CMakeFiles/LogicAnalyzer.dir/F_/PicoSDK/Pico/pico-sdk/lib/tinyusb/src/portable/raspberrypi/rp2040/dcd_rp2040.c.obj
                0x10006afc                dcd_set_address
 .text.dcd_connect
                0x10006b28       0x10 CMakeFiles/LogicAnalyzer.dir/F_/PicoSDK/Pico/pico-sdk/lib/tinyusb/src/portable/raspberrypi/rp2040/dcd_rp2040.c.obj
                0x10006b28                dcd_connect
 .text.dcd_init
                0x10006b38       0x7c CMakeFiles/LogicAnalyzer.dir/F_/PicoSDK/Pico/pico-sdk/lib/tinyusb/src/portable/raspberrypi/rp2040/dcd_rp2040.c.obj
                0x10006b38                dcd_init
 .text.dcd_edpt0_status_complete
                0x10006bb4       0x1c CMakeFiles/LogicAnalyzer.dir/F_/PicoSDK/Pico/pico-sdk/lib/tinyusb/src/portable/raspberrypi/rp2040/dcd_rp2040.c.obj
                0x10006bb4                dcd_edpt0_status_complete
 .text.dcd_edpt_open
                0x10006bd0       0x40 CMakeFiles/LogicAnalyzer.dir/F_/PicoSDK/Pico/pico-sdk/lib/tinyusb/src/portable/raspberrypi/rp2040/dcd_rp2040.c.obj
                0x10006bd0                dcd_edpt_open
 .text.dcd_edpt_close_all
                0x10006c10        0x8 CMakeFiles/LogicAnalyzer.dir/F_/PicoSDK/Pico/pico-sdk/lib/tinyusb/src/portable/raspberrypi/rp2040/dcd_rp2040.c.obj
                0x10006c10                dcd_edpt_close_all
 .text.dcd_edpt_xfer
                0x10006c18       0x30 CMakeFiles/LogicAnalyzer.dir/F_/PicoSDK/Pico/pico-sdk/lib/tinyusb/src/portable/raspberrypi/rp2040/dcd_rp2040.c.obj
                0x10006c18                dcd_edpt_xfer
 .text.dcd_edpt_stall
                0x10006c48       0x2c CMakeFiles/LogicAnalyzer.dir/F_/PicoSDK/Pico/pico-sdk/lib/tinyusb/src/portable/raspberrypi/rp2040/dcd_rp2040.c.obj
                0x10006c48                dcd_edpt_stall
 .text.dcd_edpt_clear_stall
                0x10006c74       0x20 CMakeFiles/LogicAnalyzer.dir/F_/PicoSDK/Pico/pico-sdk/lib/tinyusb/src/portable/raspberrypi/rp2040/dcd_rp2040.c.obj
                0x10006c74                dcd_edpt_clear_stall
 .text.prepare_ep_buffer
                0x10006c94       0x70 CMakeFiles/LogicAnalyzer.dir/F_/PicoSDK/Pico/pico-sdk/lib/tinyusb/src/portable/raspberrypi/rp2040/rp2040_usb.c.obj
 .text.sync_ep_buffer
                0x10006d04       0x7c CMakeFiles/LogicAnalyzer.dir/F_/PicoSDK/Pico/pico-sdk/lib/tinyusb/src/portable/raspberrypi/rp2040/rp2040_usb.c.obj
 .text._hw_endpoint_xfer_sync
                0x10006d80       0x28 CMakeFiles/LogicAnalyzer.dir/F_/PicoSDK/Pico/pico-sdk/lib/tinyusb/src/portable/raspberrypi/rp2040/rp2040_usb.c.obj
 .text.rp2040_usb_init
                0x10006da8       0x4c CMakeFiles/LogicAnalyzer.dir/F_/PicoSDK/Pico/pico-sdk/lib/tinyusb/src/portable/raspberrypi/rp2040/rp2040_usb.c.obj
                0x10006da8                rp2040_usb_init
 .text.hw_endpoint_reset_transfer
                0x10006df4        0xc CMakeFiles/LogicAnalyzer.dir/F_/PicoSDK/Pico/pico-sdk/lib/tinyusb/src/portable/raspberrypi/rp2040/rp2040_usb.c.obj
                0x10006df4                hw_endpoint_reset_transfer
 .text._hw_endpoint_buffer_control_update32
                0x10006e00       0x58 CMakeFiles/LogicAnalyzer.dir/F_/PicoSDK/Pico/pico-sdk/lib/tinyusb/src/portable/raspberrypi/rp2040/rp2040_usb.c.obj
                0x10006e00                _hw_endpoint_buffer_control_update32
 .text._hw_endpoint_start_next_buffer
                0x10006e58       0x74 CMakeFiles/LogicAnalyzer.dir/F_/PicoSDK/Pico/pico-sdk/lib/tinyusb/src/portable/raspberrypi/rp2040/rp2040_usb.c.obj
 .text.hw_endpoint_xfer_start
                0x10006ecc       0x48 CMakeFiles/LogicAnalyzer.dir/F_/PicoSDK/Pico/pico-sdk/lib/tinyusb/src/portable/raspberrypi/rp2040/rp2040_usb.c.obj
                0x10006ecc                hw_endpoint_xfer_start
 .text.hw_endpoint_xfer_continue
                0x10006f14       0x38 CMakeFiles/LogicAnalyzer.dir/F_/PicoSDK/Pico/pico-sdk/lib/tinyusb/src/portable/raspberrypi/rp2040/rp2040_usb.c.obj
                0x10006f14                hw_endpoint_xfer_continue
 .text.configuration_reset
                0x10006f4c       0x84 CMakeFiles/LogicAnalyzer.dir/F_/PicoSDK/Pico/pico-sdk/lib/tinyusb/src/device/usbd.c.obj
 .text.usbd_reset
                0x10006fd0        0xc CMakeFiles/LogicAnalyzer.dir/F_/PicoSDK/Pico/pico-sdk/lib/tinyusb/src/device/usbd.c.obj
 .text.invoke_class_control
                0x10006fdc       0x1a CMakeFiles/LogicAnalyzer.dir/F_/PicoSDK/Pico/pico-sdk/lib/tinyusb/src/device/usbd.c.obj
 *fill*         0x10006ff6        0x2 
 .text.process_set_config
                0x10006ff8      0x1b0 CMakeFiles/LogicAnalyzer.dir/F_/PicoSDK/Pico/pico-sdk/lib/tinyusb/src/device/usbd.c.obj
 .text.process_get_descriptor
                0x100071a8       0xec CMakeFiles/LogicAnalyzer.dir/F_/PicoSDK/Pico/pico-sdk/lib/tinyusb/src/device/usbd.c.obj
 .text.tud_mounted
                0x10007294       0x10 CMakeFiles/LogicAnalyzer.dir/F_/PicoSDK/Pico/pico-sdk/lib/tinyusb/src/device/usbd.c.obj
                0x10007294                tud_mounted
 .text.tud_suspended
                0x100072a4       0x10 CMakeFiles/LogicAnalyzer.dir/F_/PicoSDK/Pico/pico-sdk/lib/tinyusb/src/device/usbd.c.obj
                0x100072a4                tud_suspended
 .text.tud_inited
                0x100072b4        0xc CMakeFiles/LogicAnalyzer.dir/F_/PicoSDK/Pico/pico-sdk/lib/tinyusb/src/device/usbd.c.obj
                0x100072b4                tud_inited
 .text.tud_init
                0x100072c0       0xcc CMakeFiles/LogicAnalyzer.dir/F_/PicoSDK/Pico/pico-sdk/lib/tinyusb/src/device/usbd.c.obj
                0x100072c0                tud_init
 .text.dcd_event_handler
                0x1000738c      0x1e0 CMakeFiles/LogicAnalyzer.dir/F_/PicoSDK/Pico/pico-sdk/lib/tinyusb/src/device/usbd.c.obj
                0x1000738c                dcd_event_handler
 .text.dcd_event_bus_signal
                0x1000756c       0x26 CMakeFiles/LogicAnalyzer.dir/F_/PicoSDK/Pico/pico-sdk/lib/tinyusb/src/device/usbd.c.obj
                0x1000756c                dcd_event_bus_signal
 .text.dcd_event_bus_reset
                0x10007592       0x2a CMakeFiles/LogicAnalyzer.dir/F_/PicoSDK/Pico/pico-sdk/lib/tinyusb/src/device/usbd.c.obj
                0x10007592                dcd_event_bus_reset
 .text.dcd_event_setup_received
                0x100075bc       0x34 CMakeFiles/LogicAnalyzer.dir/F_/PicoSDK/Pico/pico-sdk/lib/tinyusb/src/device/usbd.c.obj
                0x100075bc                dcd_event_setup_received
 .text.dcd_event_xfer_complete
                0x100075f0       0x44 CMakeFiles/LogicAnalyzer.dir/F_/PicoSDK/Pico/pico-sdk/lib/tinyusb/src/device/usbd.c.obj
                0x100075f0                dcd_event_xfer_complete
 .text.usbd_edpt_open
                0x10007634       0x58 CMakeFiles/LogicAnalyzer.dir/F_/PicoSDK/Pico/pico-sdk/lib/tinyusb/src/device/usbd.c.obj
                0x10007634                usbd_edpt_open
 .text.usbd_open_edpt_pair
                0x1000768c       0x8c CMakeFiles/LogicAnalyzer.dir/F_/PicoSDK/Pico/pico-sdk/lib/tinyusb/src/device/usbd.c.obj
                0x1000768c                usbd_open_edpt_pair
 .text.usbd_edpt_claim
                0x10007718       0x8c CMakeFiles/LogicAnalyzer.dir/F_/PicoSDK/Pico/pico-sdk/lib/tinyusb/src/device/usbd.c.obj
                0x10007718                usbd_edpt_claim
 .text.usbd_edpt_release
                0x100077a4       0x68 CMakeFiles/LogicAnalyzer.dir/F_/PicoSDK/Pico/pico-sdk/lib/tinyusb/src/device/usbd.c.obj
                0x100077a4                usbd_edpt_release
 .text.usbd_edpt_xfer
                0x1000780c       0x80 CMakeFiles/LogicAnalyzer.dir/F_/PicoSDK/Pico/pico-sdk/lib/tinyusb/src/device/usbd.c.obj
                0x1000780c                usbd_edpt_xfer
 .text.usbd_edpt_stall
                0x1000788c       0x40 CMakeFiles/LogicAnalyzer.dir/F_/PicoSDK/Pico/pico-sdk/lib/tinyusb/src/device/usbd.c.obj
                0x1000788c                usbd_edpt_stall
 .text.usbd_edpt_clear_stall
                0x100078cc       0x40 CMakeFiles/LogicAnalyzer.dir/F_/PicoSDK/Pico/pico-sdk/lib/tinyusb/src/device/usbd.c.obj
                0x100078cc                usbd_edpt_clear_stall
 .text.usbd_edpt_stalled
                0x1000790c       0x1c CMakeFiles/LogicAnalyzer.dir/F_/PicoSDK/Pico/pico-sdk/lib/tinyusb/src/device/usbd.c.obj
                0x1000790c                usbd_edpt_stalled
 .text.process_control_request
                0x10007928      0x3b8 CMakeFiles/LogicAnalyzer.dir/F_/PicoSDK/Pico/pico-sdk/lib/tinyusb/src/device/usbd.c.obj
 .text.tud_task
                0x10007ce0      0x218 CMakeFiles/LogicAnalyzer.dir/F_/PicoSDK/Pico/pico-sdk/lib/tinyusb/src/device/usbd.c.obj
                0x10007ce0                tud_task
 .text._data_stage_xact
                0x10007ef8       0x58 CMakeFiles/LogicAnalyzer.dir/F_/PicoSDK/Pico/pico-sdk/lib/tinyusb/src/device/usbd_control.c.obj
 .text.tud_control_status
                0x10007f50       0x38 CMakeFiles/LogicAnalyzer.dir/F_/PicoSDK/Pico/pico-sdk/lib/tinyusb/src/device/usbd_control.c.obj
                0x10007f50                tud_control_status
 .text.tud_control_xfer
                0x10007f88       0xa8 CMakeFiles/LogicAnalyzer.dir/F_/PicoSDK/Pico/pico-sdk/lib/tinyusb/src/device/usbd_control.c.obj
                0x10007f88                tud_control_xfer
 .text.usbd_control_reset
                0x10008030       0x14 CMakeFiles/LogicAnalyzer.dir/F_/PicoSDK/Pico/pico-sdk/lib/tinyusb/src/device/usbd_control.c.obj
                0x10008030                usbd_control_reset
 .text.usbd_control_set_complete_callback
                0x10008044        0xc CMakeFiles/LogicAnalyzer.dir/F_/PicoSDK/Pico/pico-sdk/lib/tinyusb/src/device/usbd_control.c.obj
                0x10008044                usbd_control_set_complete_callback
 .text.usbd_control_set_request
                0x10008050       0x1c CMakeFiles/LogicAnalyzer.dir/F_/PicoSDK/Pico/pico-sdk/lib/tinyusb/src/device/usbd_control.c.obj
                0x10008050                usbd_control_set_request
 .text.usbd_control_xfer_cb
                0x1000806c       0xfc CMakeFiles/LogicAnalyzer.dir/F_/PicoSDK/Pico/pico-sdk/lib/tinyusb/src/device/usbd_control.c.obj
                0x1000806c                usbd_control_xfer_cb
 .text._prep_out_transaction
                0x10008168       0x46 CMakeFiles/LogicAnalyzer.dir/F_/PicoSDK/Pico/pico-sdk/lib/tinyusb/src/class/cdc/cdc_device.c.obj
 *fill*         0x100081ae        0x2 
 .text.tud_cdc_n_connected
                0x100081b0       0x44 CMakeFiles/LogicAnalyzer.dir/F_/PicoSDK/Pico/pico-sdk/lib/tinyusb/src/class/cdc/cdc_device.c.obj
                0x100081b0                tud_cdc_n_connected
 .text.tud_cdc_n_available
                0x100081f4       0x18 CMakeFiles/LogicAnalyzer.dir/F_/PicoSDK/Pico/pico-sdk/lib/tinyusb/src/class/cdc/cdc_device.c.obj
                0x100081f4                tud_cdc_n_available
 .text.tud_cdc_n_read
                0x1000820c       0x28 CMakeFiles/LogicAnalyzer.dir/F_/PicoSDK/Pico/pico-sdk/lib/tinyusb/src/class/cdc/cdc_device.c.obj
                0x1000820c                tud_cdc_n_read
 .text.tud_cdc_n_write_flush
                0x10008234       0xcc CMakeFiles/LogicAnalyzer.dir/F_/PicoSDK/Pico/pico-sdk/lib/tinyusb/src/class/cdc/cdc_device.c.obj
                0x10008234                tud_cdc_n_write_flush
 .text.tud_cdc_n_write
                0x10008300       0x38 CMakeFiles/LogicAnalyzer.dir/F_/PicoSDK/Pico/pico-sdk/lib/tinyusb/src/class/cdc/cdc_device.c.obj
                0x10008300                tud_cdc_n_write
 .text.tud_cdc_n_write_available
                0x10008338       0x1c CMakeFiles/LogicAnalyzer.dir/F_/PicoSDK/Pico/pico-sdk/lib/tinyusb/src/class/cdc/cdc_device.c.obj
                0x10008338                tud_cdc_n_write_available
 .text.cdcd_init
                0x10008354       0xbc CMakeFiles/LogicAnalyzer.dir/F_/PicoSDK/Pico/pico-sdk/lib/tinyusb/src/class/cdc/cdc_device.c.obj
                0x10008354                cdcd_init
 .text.cdcd_reset
                0x10008410       0x44 CMakeFiles/LogicAnalyzer.dir/F_/PicoSDK/Pico/pico-sdk/lib/tinyusb/src/class/cdc/cdc_device.c.obj
                0x10008410                cdcd_reset
 .text.cdcd_open
                0x10008454       0xf8 CMakeFiles/LogicAnalyzer.dir/F_/PicoSDK/Pico/pico-sdk/lib/tinyusb/src/class/cdc/cdc_device.c.obj
                0x10008454                cdcd_open
 .text.cdcd_control_xfer_cb
                0x1000854c      0x134 CMakeFiles/LogicAnalyzer.dir/F_/PicoSDK/Pico/pico-sdk/lib/tinyusb/src/class/cdc/cdc_device.c.obj
                0x1000854c                cdcd_control_xfer_cb
 .text.cdcd_xfer_cb
                0x10008680      0x144 CMakeFiles/LogicAnalyzer.dir/F_/PicoSDK/Pico/pico-sdk/lib/tinyusb/src/class/cdc/cdc_device.c.obj
                0x10008680                cdcd_xfer_cb
 .text.tusb_init
                0x100087c4       0x24 CMakeFiles/LogicAnalyzer.dir/F_/PicoSDK/Pico/pico-sdk/lib/tinyusb/src/tusb.c.obj
                0x100087c4                tusb_init
 .text.tusb_inited
                0x100087e8        0xe CMakeFiles/LogicAnalyzer.dir/F_/PicoSDK/Pico/pico-sdk/lib/tinyusb/src/tusb.c.obj
                0x100087e8                tusb_inited
 *fill*         0x100087f6        0x2 
 .text.tu_edpt_validate
                0x100087f8       0xa8 CMakeFiles/LogicAnalyzer.dir/F_/PicoSDK/Pico/pico-sdk/lib/tinyusb/src/tusb.c.obj
                0x100087f8                tu_edpt_validate
 .text.tu_edpt_bind_driver
                0x100088a0       0x2a CMakeFiles/LogicAnalyzer.dir/F_/PicoSDK/Pico/pico-sdk/lib/tinyusb/src/tusb.c.obj
                0x100088a0                tu_edpt_bind_driver
 .text.advance_pointer
                0x100088ca       0x18 CMakeFiles/LogicAnalyzer.dir/F_/PicoSDK/Pico/pico-sdk/lib/tinyusb/src/common/tusb_fifo.c.obj
 .text.backward_pointer
                0x100088e2       0x1e CMakeFiles/LogicAnalyzer.dir/F_/PicoSDK/Pico/pico-sdk/lib/tinyusb/src/common/tusb_fifo.c.obj
 .text.get_relative_pointer
                0x10008900       0x10 CMakeFiles/LogicAnalyzer.dir/F_/PicoSDK/Pico/pico-sdk/lib/tinyusb/src/common/tusb_fifo.c.obj
 .text._tu_fifo_peek
                0x10008910       0x50 CMakeFiles/LogicAnalyzer.dir/F_/PicoSDK/Pico/pico-sdk/lib/tinyusb/src/common/tusb_fifo.c.obj
 .text._ff_pull_const_addr
                0x10008960       0x4c CMakeFiles/LogicAnalyzer.dir/F_/PicoSDK/Pico/pico-sdk/lib/tinyusb/src/common/tusb_fifo.c.obj
 .text._ff_pull_n
                0x100089ac      0x10c CMakeFiles/LogicAnalyzer.dir/F_/PicoSDK/Pico/pico-sdk/lib/tinyusb/src/common/tusb_fifo.c.obj
 .text._tu_fifo_peek_n
                0x10008ab8       0x5e CMakeFiles/LogicAnalyzer.dir/F_/PicoSDK/Pico/pico-sdk/lib/tinyusb/src/common/tusb_fifo.c.obj
 .text._tu_fifo_read_n
                0x10008b16       0x4e CMakeFiles/LogicAnalyzer.dir/F_/PicoSDK/Pico/pico-sdk/lib/tinyusb/src/common/tusb_fifo.c.obj
 .text._ff_push_const_addr
                0x10008b64       0x40 CMakeFiles/LogicAnalyzer.dir/F_/PicoSDK/Pico/pico-sdk/lib/tinyusb/src/common/tusb_fifo.c.obj
 .text._ff_push_n
                0x10008ba4      0x108 CMakeFiles/LogicAnalyzer.dir/F_/PicoSDK/Pico/pico-sdk/lib/tinyusb/src/common/tusb_fifo.c.obj
 .text._tu_fifo_write_n
                0x10008cac       0x9e CMakeFiles/LogicAnalyzer.dir/F_/PicoSDK/Pico/pico-sdk/lib/tinyusb/src/common/tusb_fifo.c.obj
 .text.tu_fifo_config
                0x10008d4a       0x72 CMakeFiles/LogicAnalyzer.dir/F_/PicoSDK/Pico/pico-sdk/lib/tinyusb/src/common/tusb_fifo.c.obj
                0x10008d4a                tu_fifo_config
 .text.tu_fifo_count
                0x10008dbc       0x26 CMakeFiles/LogicAnalyzer.dir/F_/PicoSDK/Pico/pico-sdk/lib/tinyusb/src/common/tusb_fifo.c.obj
                0x10008dbc                tu_fifo_count
 .text.tu_fifo_empty
                0x10008de2       0x10 CMakeFiles/LogicAnalyzer.dir/F_/PicoSDK/Pico/pico-sdk/lib/tinyusb/src/common/tusb_fifo.c.obj
                0x10008de2                tu_fifo_empty
 .text.tu_fifo_remaining
                0x10008df2       0x20 CMakeFiles/LogicAnalyzer.dir/F_/PicoSDK/Pico/pico-sdk/lib/tinyusb/src/common/tusb_fifo.c.obj
                0x10008df2                tu_fifo_remaining
 .text.tu_fifo_read
                0x10008e12       0x42 CMakeFiles/LogicAnalyzer.dir/F_/PicoSDK/Pico/pico-sdk/lib/tinyusb/src/common/tusb_fifo.c.obj
                0x10008e12                tu_fifo_read
 .text.tu_fifo_read_n
                0x10008e54        0xa CMakeFiles/LogicAnalyzer.dir/F_/PicoSDK/Pico/pico-sdk/lib/tinyusb/src/common/tusb_fifo.c.obj
                0x10008e54                tu_fifo_read_n
 .text.tu_fifo_write
                0x10008e5e       0x6c CMakeFiles/LogicAnalyzer.dir/F_/PicoSDK/Pico/pico-sdk/lib/tinyusb/src/common/tusb_fifo.c.obj
                0x10008e5e                tu_fifo_write
 .text.tu_fifo_write_n
                0x10008eca        0xa CMakeFiles/LogicAnalyzer.dir/F_/PicoSDK/Pico/pico-sdk/lib/tinyusb/src/common/tusb_fifo.c.obj
                0x10008eca                tu_fifo_write_n
 .text.tu_fifo_clear
                0x10008ed4       0x4c CMakeFiles/LogicAnalyzer.dir/F_/PicoSDK/Pico/pico-sdk/lib/tinyusb/src/common/tusb_fifo.c.obj
                0x10008ed4                tu_fifo_clear
 .text.tu_fifo_set_overwritable
                0x10008f20       0x3c CMakeFiles/LogicAnalyzer.dir/F_/PicoSDK/Pico/pico-sdk/lib/tinyusb/src/common/tusb_fifo.c.obj
                0x10008f20                tu_fifo_set_overwritable
 .text._retrieve_unique_id_on_boot
                0x10008f5c       0x10 CMakeFiles/LogicAnalyzer.dir/F_/PicoSDK/Pico/pico-sdk/src/rp2_common/pico_unique_id/unique_id.c.obj
 .text.pico_get_unique_board_id_string
                0x10008f6c       0x60 CMakeFiles/LogicAnalyzer.dir/F_/PicoSDK/Pico/pico-sdk/src/rp2_common/pico_unique_id/unique_id.c.obj
                0x10008f6c                pico_get_unique_board_id_string
 .text.flash_get_unique_id
                0x10008fcc       0x46 CMakeFiles/LogicAnalyzer.dir/F_/PicoSDK/Pico/pico-sdk/src/rp2_common/hardware_flash/flash.c.obj
                0x10008fcc                flash_get_unique_id
 *fill*         0x10009012        0x2 
 .text.dma_channel_unclaim
                0x10009014       0x10 CMakeFiles/LogicAnalyzer.dir/F_/PicoSDK/Pico/pico-sdk/src/rp2_common/hardware_dma/dma.c.obj
                0x10009014                dma_channel_unclaim
 .text.dma_claim_unused_channel
                0x10009024       0x20 CMakeFiles/LogicAnalyzer.dir/F_/PicoSDK/Pico/pico-sdk/src/rp2_common/hardware_dma/dma.c.obj
                0x10009024                dma_claim_unused_channel
 .text._pio_can_add_program_at_offset
                0x10009044       0x3c CMakeFiles/LogicAnalyzer.dir/F_/PicoSDK/Pico/pico-sdk/src/rp2_common/hardware_pio/pio.c.obj
 .text._pio_find_offset_for_program
                0x10009080       0x7c CMakeFiles/LogicAnalyzer.dir/F_/PicoSDK/Pico/pico-sdk/src/rp2_common/hardware_pio/pio.c.obj
 .text._pio_add_program_at_offset
                0x100090fc       0x78 CMakeFiles/LogicAnalyzer.dir/F_/PicoSDK/Pico/pico-sdk/src/rp2_common/hardware_pio/pio.c.obj
 .text.pio_sm_unclaim
                0x10009174       0x20 CMakeFiles/LogicAnalyzer.dir/F_/PicoSDK/Pico/pico-sdk/src/rp2_common/hardware_pio/pio.c.obj
                0x10009174                pio_sm_unclaim
 .text.pio_claim_unused_sm
                0x10009194       0x3c CMakeFiles/LogicAnalyzer.dir/F_/PicoSDK/Pico/pico-sdk/src/rp2_common/hardware_pio/pio.c.obj
                0x10009194                pio_claim_unused_sm
 .text.pio_add_program
                0x100091d0       0x38 CMakeFiles/LogicAnalyzer.dir/F_/PicoSDK/Pico/pico-sdk/src/rp2_common/hardware_pio/pio.c.obj
                0x100091d0                pio_add_program
 .text.pio_remove_program
                0x10009208       0x58 CMakeFiles/LogicAnalyzer.dir/F_/PicoSDK/Pico/pico-sdk/src/rp2_common/hardware_pio/pio.c.obj
                0x10009208                pio_remove_program
 .text.pio_clear_instruction_memory
                0x10009260       0x3c CMakeFiles/LogicAnalyzer.dir/F_/PicoSDK/Pico/pico-sdk/src/rp2_common/hardware_pio/pio.c.obj
                0x10009260                pio_clear_instruction_memory
 .text.pio_sm_set_pins
                0x1000929c       0x74 CMakeFiles/LogicAnalyzer.dir/F_/PicoSDK/Pico/pico-sdk/src/rp2_common/hardware_pio/pio.c.obj
                0x1000929c                pio_sm_set_pins
 .text.pio_sm_set_consecutive_pindirs
                0x10009310       0x70 CMakeFiles/LogicAnalyzer.dir/F_/PicoSDK/Pico/pico-sdk/src/rp2_common/hardware_pio/pio.c.obj
                0x10009310                pio_sm_set_consecutive_pindirs
 .text.pio_sm_init
                0x10009380       0xe4 CMakeFiles/LogicAnalyzer.dir/F_/PicoSDK/Pico/pico-sdk/src/rp2_common/hardware_pio/pio.c.obj
                0x10009380                pio_sm_init
 .text.strlen   0x10009464       0x5c c:/progra~2/gnuarm~1/102021~1.10/bin/../lib/gcc/arm-none-eabi/10.3.1/../../../../arm-none-eabi/lib/thumb/v6-m/nofp\libg.a(lib_a-strlen-stub.o)
                0x10009464                strlen
 *(.fini)
 .fini          0x100094c0        0x4 c:/progra~2/gnuarm~1/102021~1.10/bin/../lib/gcc/arm-none-eabi/10.3.1/thumb/v6-m/nofp/crti.o
                0x100094c0                _fini
 *fill*         0x100094c4        0x4 
 .fini.__stub   0x100094c8       0x70 linker stubs
 *crtbegin.o(.ctors)
 *crtbegin?.o(.ctors)
 *(EXCLUDE_FILE(*crtend.o *crtend?.o) .ctors)
 *(SORT_BY_NAME(.ctors.*))
 *(.ctors)
 *crtbegin.o(.dtors)
 *crtbegin?.o(.dtors)
 *(EXCLUDE_FILE(*crtend.o *crtend?.o) .dtors)
 *(SORT_BY_NAME(.dtors.*))
 *(.dtors)
 *(.eh_frame*)
 .eh_frame      0x10009538        0x0 c:/progra~2/gnuarm~1/102021~1.10/bin/../lib/gcc/arm-none-eabi/10.3.1/thumb/v6-m/nofp/crtbegin.o
                0x10009538                . = ALIGN (0x4)

.glue_7         0x10009538        0x0
 .glue_7        0x10009538        0x0 linker stubs

.glue_7t        0x10009538        0x0
 .glue_7t       0x10009538        0x0 linker stubs

.vfp11_veneer   0x10009538        0x0
 .vfp11_veneer  0x10009538        0x0 linker stubs

.v4_bx          0x10009538        0x0
 .v4_bx         0x10009538        0x0 linker stubs

.iplt           0x10009538        0x0
 .iplt          0x10009538        0x0 c:/progra~2/gnuarm~1/102021~1.10/bin/../lib/gcc/arm-none-eabi/10.3.1/thumb/v6-m/nofp/crtbegin.o

.rodata         0x10009538     0x19bc
 *(EXCLUDE_FILE(*libm.a: *libc.a:*lib_a-mem*.o *libgcc.a:) .rodata*)
 .rodata.simple_capture_completed.str1.4
                0x10009538       0x6c CMakeFiles/LogicAnalyzer.dir/LogicAnalyzer.c.obj
 .rodata.configureCaptureDMAs.str1.4
                0x100095a4       0x13 CMakeFiles/LogicAnalyzer.dir/LogicAnalyzer.c.obj
 *fill*         0x100095b7        0x1 
 .rodata.processInput.str1.4
                0x100095b8       0x42 CMakeFiles/LogicAnalyzer.dir/LogicAnalyzer.c.obj
 *fill*         0x100095fa        0x2 
 .rodata.main.str1.4
                0x100095fc       0x32 CMakeFiles/LogicAnalyzer.dir/LogicAnalyzer.c.obj
 *fill*         0x1000962e        0x2 
 .rodata.COMPLEX_CAPTURE_program
                0x10009630        0x6 CMakeFiles/LogicAnalyzer.dir/LogicAnalyzer.c.obj
 *fill*         0x10009636        0x2 
 .rodata.COMPLEX_CAPTURE_program_instructions
                0x10009638       0x18 CMakeFiles/LogicAnalyzer.dir/LogicAnalyzer.c.obj
 .rodata.FAST_CAPTURE_program
                0x10009650        0x6 CMakeFiles/LogicAnalyzer.dir/LogicAnalyzer.c.obj
 *fill*         0x10009656        0x2 
 .rodata.FAST_CAPTURE_program_instructions
                0x10009658       0x16 CMakeFiles/LogicAnalyzer.dir/LogicAnalyzer.c.obj
 *fill*         0x1000966e        0x2 
 .rodata.NEGATIVE_CAPTURE_program
                0x10009670        0x6 CMakeFiles/LogicAnalyzer.dir/LogicAnalyzer.c.obj
 *fill*         0x10009676        0x2 
 .rodata.NEGATIVE_CAPTURE_program_instructions
                0x10009678       0x16 CMakeFiles/LogicAnalyzer.dir/LogicAnalyzer.c.obj
 *fill*         0x1000968e        0x2 
 .rodata.POSITIVE_CAPTURE_program
                0x10009690        0x6 CMakeFiles/LogicAnalyzer.dir/LogicAnalyzer.c.obj
 *fill*         0x10009696        0x2 
 .rodata.POSITIVE_CAPTURE_program_instructions
                0x10009698       0x16 CMakeFiles/LogicAnalyzer.dir/LogicAnalyzer.c.obj
 *fill*         0x100096ae        0x2 
 .rodata.__func__.2
                0x100096b0       0x1c CMakeFiles/LogicAnalyzer.dir/LogicAnalyzer.c.obj
 .rodata.__func__.3
                0x100096cc       0x18 CMakeFiles/LogicAnalyzer.dir/LogicAnalyzer.c.obj
 .rodata.pinMap
                0x100096e4       0x18 CMakeFiles/LogicAnalyzer.dir/LogicAnalyzer.c.obj
                0x100096e4                pinMap
 .rodata.hw_claim_clear.str1.4
                0x100096fc       0x5f CMakeFiles/LogicAnalyzer.dir/F_/PicoSDK/Pico/pico-sdk/src/rp2_common/hardware_claim/claim.c.obj
 *fill*         0x1000975b        0x1 
 .rodata.__func__.0
                0x1000975c        0xf CMakeFiles/LogicAnalyzer.dir/F_/PicoSDK/Pico/pico-sdk/src/rp2_common/hardware_claim/claim.c.obj
 *fill*         0x1000976b        0x1 
 .rodata.spin_lock_claim_unused.str1.4
                0x1000976c       0x1b CMakeFiles/LogicAnalyzer.dir/F_/PicoSDK/Pico/pico-sdk/src/rp2_common/hardware_sync/sync.c.obj
 *fill*         0x10009787        0x1 
 .rodata.repeating_timer_callback.str1.4
                0x10009788       0x49 CMakeFiles/LogicAnalyzer.dir/F_/PicoSDK/Pico/pico-sdk/src/common/pico_time/time.c.obj
 *fill*         0x100097d1        0x3 
 .rodata.alarm_pool_dump_key.str1.4
                0x100097d4       0x33 CMakeFiles/LogicAnalyzer.dir/F_/PicoSDK/Pico/pico-sdk/src/common/pico_time/time.c.obj
 *fill*         0x10009807        0x1 
 .rodata.ph_add_child_node.str1.4
                0x10009808       0x92 CMakeFiles/LogicAnalyzer.dir/F_/PicoSDK/Pico/pico-sdk/src/common/pico_time/time.c.obj
 *fill*         0x1000989a        0x2 
 .rodata.add_alarm_under_lock.str1.4
                0x1000989c       0x28 CMakeFiles/LogicAnalyzer.dir/F_/PicoSDK/Pico/pico-sdk/src/common/pico_time/time.c.obj
                                 0x2b (size before relaxing)
 .rodata.alarm_pool_alarm_callback.str1.4
                0x100098c4       0xe2 CMakeFiles/LogicAnalyzer.dir/F_/PicoSDK/Pico/pico-sdk/src/common/pico_time/time.c.obj
 *fill*         0x100099a6        0x2 
 .rodata.alarm_pool_get_default.str1.4
                0x100099a8       0x21 CMakeFiles/LogicAnalyzer.dir/F_/PicoSDK/Pico/pico-sdk/src/common/pico_time/time.c.obj
 *fill*         0x100099c9        0x3 
 .rodata.alarm_pool_cancel_alarm.str1.4
                0x100099cc       0x27 CMakeFiles/LogicAnalyzer.dir/F_/PicoSDK/Pico/pico-sdk/src/common/pico_time/time.c.obj
 *fill*         0x100099f3        0x1 
 .rodata.sleep_until.str1.4
                0x100099f4       0x4d CMakeFiles/LogicAnalyzer.dir/F_/PicoSDK/Pico/pico-sdk/src/common/pico_time/time.c.obj
 *fill*         0x10009a41        0x3 
 .rodata.__func__.1
                0x10009a44       0x18 CMakeFiles/LogicAnalyzer.dir/F_/PicoSDK/Pico/pico-sdk/src/common/pico_time/time.c.obj
 .rodata.__func__.10
                0x10009a5c       0x15 CMakeFiles/LogicAnalyzer.dir/F_/PicoSDK/Pico/pico-sdk/src/common/pico_time/time.c.obj
 *fill*         0x10009a71        0x3 
 .rodata.__func__.11
                0x10009a74       0x1a CMakeFiles/LogicAnalyzer.dir/F_/PicoSDK/Pico/pico-sdk/src/common/pico_time/time.c.obj
 *fill*         0x10009a8e        0x2 
 .rodata.__func__.12
                0x10009a90        0xa CMakeFiles/LogicAnalyzer.dir/F_/PicoSDK/Pico/pico-sdk/src/common/pico_time/time.c.obj
 *fill*         0x10009a9a        0x2 
 .rodata.__func__.3
                0x10009a9c       0x17 CMakeFiles/LogicAnalyzer.dir/F_/PicoSDK/Pico/pico-sdk/src/common/pico_time/time.c.obj
 *fill*         0x10009ab3        0x1 
 .rodata.__func__.4
                0x10009ab4       0x12 CMakeFiles/LogicAnalyzer.dir/F_/PicoSDK/Pico/pico-sdk/src/common/pico_time/time.c.obj
 *fill*         0x10009ac6        0x2 
 .rodata.__func__.5
                0x10009ac8        0xd CMakeFiles/LogicAnalyzer.dir/F_/PicoSDK/Pico/pico-sdk/src/common/pico_time/time.c.obj
 *fill*         0x10009ad5        0x3 
 .rodata.__func__.6
                0x10009ad8       0x12 CMakeFiles/LogicAnalyzer.dir/F_/PicoSDK/Pico/pico-sdk/src/common/pico_time/time.c.obj
 *fill*         0x10009aea        0x2 
 .rodata.__func__.7
                0x10009aec        0xf CMakeFiles/LogicAnalyzer.dir/F_/PicoSDK/Pico/pico-sdk/src/common/pico_time/time.c.obj
 *fill*         0x10009afb        0x1 
 .rodata.__func__.8
                0x10009afc        0xc CMakeFiles/LogicAnalyzer.dir/F_/PicoSDK/Pico/pico-sdk/src/common/pico_time/time.c.obj
 .rodata.__func__.9
                0x10009b08       0x15 CMakeFiles/LogicAnalyzer.dir/F_/PicoSDK/Pico/pico-sdk/src/common/pico_time/time.c.obj
 *fill*         0x10009b1d        0x3 
 .rodata.hardware_alarm_claim.str1.4
                0x10009b20       0x22 CMakeFiles/LogicAnalyzer.dir/F_/PicoSDK/Pico/pico-sdk/src/rp2_common/hardware_timer/timer.c.obj
 .rodata.busy_wait_us.str1.4
                0x10009b42       0x5f CMakeFiles/LogicAnalyzer.dir/F_/PicoSDK/Pico/pico-sdk/src/rp2_common/hardware_timer/timer.c.obj
 *fill*         0x10009b42        0x2 
 .rodata.hardware_alarm_set_target.str1.4
                0x10009b44       0x63 CMakeFiles/LogicAnalyzer.dir/F_/PicoSDK/Pico/pico-sdk/src/rp2_common/hardware_timer/timer.c.obj
 *fill*         0x10009ba7        0x1 
 .rodata.__func__.0
                0x10009ba8       0x1a CMakeFiles/LogicAnalyzer.dir/F_/PicoSDK/Pico/pico-sdk/src/rp2_common/hardware_timer/timer.c.obj
 *fill*         0x10009bc2        0x2 
 .rodata.__func__.1
                0x10009bc4       0x15 CMakeFiles/LogicAnalyzer.dir/F_/PicoSDK/Pico/pico-sdk/src/rp2_common/hardware_timer/timer.c.obj
 *fill*         0x10009bd9        0x3 
 .rodata.str1.4
                0x10009bdc       0x89 CMakeFiles/LogicAnalyzer.dir/F_/PicoSDK/Pico/pico-sdk/src/common/pico_sync/mutex.c.obj
                                 0xe9 (size before relaxing)
 *fill*         0x10009c65        0x3 
 .rodata.__func__.1
                0x10009c68        0xb CMakeFiles/LogicAnalyzer.dir/F_/PicoSDK/Pico/pico-sdk/src/common/pico_sync/mutex.c.obj
 *fill*         0x10009c73        0x1 
 .rodata.__func__.3
                0x10009c74       0x18 CMakeFiles/LogicAnalyzer.dir/F_/PicoSDK/Pico/pico-sdk/src/common/pico_sync/mutex.c.obj
 .rodata.__func__.4
                0x10009c8c       0x15 CMakeFiles/LogicAnalyzer.dir/F_/PicoSDK/Pico/pico-sdk/src/common/pico_sync/mutex.c.obj
 .rodata.ph_add_child_node.str1.4
                0x10009ca1       0x92 CMakeFiles/LogicAnalyzer.dir/F_/PicoSDK/Pico/pico-sdk/src/common/pico_util/pheap.c.obj
 *fill*         0x10009ca1        0x3 
 .rodata.ph_remove_any_head.str1.4
                0x10009ca4       0x8c CMakeFiles/LogicAnalyzer.dir/F_/PicoSDK/Pico/pico-sdk/src/common/pico_util/pheap.c.obj
 .rodata.ph_remove_and_free_node.str1.4
                0x10009d30       0x26 CMakeFiles/LogicAnalyzer.dir/F_/PicoSDK/Pico/pico-sdk/src/common/pico_util/pheap.c.obj
 *fill*         0x10009d56        0x2 
 .rodata.__func__.0
                0x10009d58       0x18 CMakeFiles/LogicAnalyzer.dir/F_/PicoSDK/Pico/pico-sdk/src/common/pico_util/pheap.c.obj
 .rodata.__func__.1
                0x10009d70       0x13 CMakeFiles/LogicAnalyzer.dir/F_/PicoSDK/Pico/pico-sdk/src/common/pico_util/pheap.c.obj
 *fill*         0x10009d83        0x1 
 .rodata.__func__.2
                0x10009d84       0x12 CMakeFiles/LogicAnalyzer.dir/F_/PicoSDK/Pico/pico-sdk/src/common/pico_util/pheap.c.obj
 *fill*         0x10009d96        0x2 
 .rodata.__func__.3
                0x10009d98        0xc CMakeFiles/LogicAnalyzer.dir/F_/PicoSDK/Pico/pico-sdk/src/common/pico_util/pheap.c.obj
 .rodata.__assert_func.str1.4
                0x10009da4       0x3f CMakeFiles/LogicAnalyzer.dir/F_/PicoSDK/Pico/pico-sdk/src/rp2_common/pico_runtime/runtime.c.obj
                                 0x43 (size before relaxing)
 *fill*         0x10009de3        0x1 
 .rodata.runtime_init.str1.4
                0x10009de4       0x5f CMakeFiles/LogicAnalyzer.dir/F_/PicoSDK/Pico/pico-sdk/src/rp2_common/pico_runtime/runtime.c.obj
 *fill*         0x10009e43        0x1 
 .rodata.panic.str1.4
                0x10009e44       0x12 CMakeFiles/LogicAnalyzer.dir/F_/PicoSDK/Pico/pico-sdk/src/rp2_common/pico_runtime/runtime.c.obj
 *fill*         0x10009e56        0x2 
 .rodata.__func__.1
                0x10009e58        0xd CMakeFiles/LogicAnalyzer.dir/F_/PicoSDK/Pico/pico-sdk/src/rp2_common/pico_runtime/runtime.c.obj
 *fill*         0x10009e65        0x3 
 .rodata.clock_configure.str1.4
                0x10009e68       0x55 CMakeFiles/LogicAnalyzer.dir/F_/PicoSDK/Pico/pico-sdk/src/rp2_common/hardware_clocks/clocks.c.obj
 *fill*         0x10009ebd        0x3 
 .rodata.__func__.1
                0x10009ec0       0x10 CMakeFiles/LogicAnalyzer.dir/F_/PicoSDK/Pico/pico-sdk/src/rp2_common/hardware_clocks/clocks.c.obj
 .rodata.make_branch.str1.4
                0x10009ed0       0x6b CMakeFiles/LogicAnalyzer.dir/F_/PicoSDK/Pico/pico-sdk/src/rp2_common/hardware_irq/irq.c.obj
 *fill*         0x10009f3b        0x1 
 .rodata.insert_branch_and_link.str1.4
                0x10009f3c       0x10 CMakeFiles/LogicAnalyzer.dir/F_/PicoSDK/Pico/pico-sdk/src/rp2_common/hardware_irq/irq.c.obj
 .rodata.irq_set_exclusive_handler.str1.4
                0x10009f4c       0x36 CMakeFiles/LogicAnalyzer.dir/F_/PicoSDK/Pico/pico-sdk/src/rp2_common/hardware_irq/irq.c.obj
 *fill*         0x10009f82        0x2 
 .rodata.irq_add_shared_handler.str1.4
                0x10009f84       0xd9 CMakeFiles/LogicAnalyzer.dir/F_/PicoSDK/Pico/pico-sdk/src/rp2_common/hardware_irq/irq.c.obj
 *fill*         0x1000a05d        0x3 
 .rodata.irq_remove_handler.str1.4
                0x1000a060       0x2a CMakeFiles/LogicAnalyzer.dir/F_/PicoSDK/Pico/pico-sdk/src/rp2_common/hardware_irq/irq.c.obj
 *fill*         0x1000a08a        0x2 
 .rodata.irq_add_tail_to_free_list.str1.4
                0x1000a08c       0x32 CMakeFiles/LogicAnalyzer.dir/F_/PicoSDK/Pico/pico-sdk/src/rp2_common/hardware_irq/irq.c.obj
                                 0x3a (size before relaxing)
 *fill*         0x1000a0be        0x2 
 .rodata.__func__.0
                0x1000a0c0       0x1a CMakeFiles/LogicAnalyzer.dir/F_/PicoSDK/Pico/pico-sdk/src/rp2_common/hardware_irq/irq.c.obj
 *fill*         0x1000a0da        0x2 
 .rodata.__func__.1
                0x1000a0dc       0x17 CMakeFiles/LogicAnalyzer.dir/F_/PicoSDK/Pico/pico-sdk/src/rp2_common/hardware_irq/irq.c.obj
 *fill*         0x1000a0f3        0x1 
 .rodata.__func__.2
                0x1000a0f4       0x13 CMakeFiles/LogicAnalyzer.dir/F_/PicoSDK/Pico/pico-sdk/src/rp2_common/hardware_irq/irq.c.obj
 *fill*         0x1000a107        0x1 
 .rodata.__func__.3
                0x1000a108        0xc CMakeFiles/LogicAnalyzer.dir/F_/PicoSDK/Pico/pico-sdk/src/rp2_common/hardware_irq/irq.c.obj
 .rodata.__func__.4
                0x1000a114        0xf CMakeFiles/LogicAnalyzer.dir/F_/PicoSDK/Pico/pico-sdk/src/rp2_common/hardware_irq/irq.c.obj
 *fill*         0x1000a123        0x1 
 .rodata.__func__.6
                0x1000a124       0x1a CMakeFiles/LogicAnalyzer.dir/F_/PicoSDK/Pico/pico-sdk/src/rp2_common/hardware_irq/irq.c.obj
 *fill*         0x1000a13e        0x2 
 .rodata.pll_init.str1.4
                0x1000a140       0xd7 CMakeFiles/LogicAnalyzer.dir/F_/PicoSDK/Pico/pico-sdk/src/rp2_common/hardware_pll/pll.c.obj
 *fill*         0x1000a217        0x1 
 .rodata.__func__.0
                0x1000a218        0x9 CMakeFiles/LogicAnalyzer.dir/F_/PicoSDK/Pico/pico-sdk/src/rp2_common/hardware_pll/pll.c.obj
 *fill*         0x1000a221        0x3 
 .rodata._ftoa.str1.4
                0x1000a224       0x15 CMakeFiles/LogicAnalyzer.dir/F_/PicoSDK/Pico/pico-sdk/src/rp2_common/pico_printf/printf.c.obj
 *fill*         0x1000a239        0x3 
 .rodata._vsnprintf
                0x1000a23c      0x1e0 CMakeFiles/LogicAnalyzer.dir/F_/PicoSDK/Pico/pico-sdk/src/rp2_common/pico_printf/printf.c.obj
 *fill*         0x1000a41c        0x4 
 .rodata.pow10.0
                0x1000a420       0x50 CMakeFiles/LogicAnalyzer.dir/F_/PicoSDK/Pico/pico-sdk/src/rp2_common/pico_printf/printf.c.obj
 .rodata.__aeabi_double_init.str1.4
                0x1000a470       0xa6 CMakeFiles/LogicAnalyzer.dir/F_/PicoSDK/Pico/pico-sdk/src/rp2_common/pico_double/double_init_rom.c.obj
 *fill*         0x1000a516        0x2 
 .rodata.__func__.0
                0x1000a518       0x14 CMakeFiles/LogicAnalyzer.dir/F_/PicoSDK/Pico/pico-sdk/src/rp2_common/pico_double/double_init_rom.c.obj
 .rodata.__aeabi_float_init.str1.4
                0x1000a52c       0x78 CMakeFiles/LogicAnalyzer.dir/F_/PicoSDK/Pico/pico-sdk/src/rp2_common/pico_float/float_init_rom.c.obj
                                 0x7c (size before relaxing)
 .rodata.__func__.0
                0x1000a5a4       0x13 CMakeFiles/LogicAnalyzer.dir/F_/PicoSDK/Pico/pico-sdk/src/rp2_common/pico_float/float_init_rom.c.obj
 *fill*         0x1000a5b7        0x1 
 .rodata.str1.4
                0x1000a5b8       0x48 CMakeFiles/LogicAnalyzer.dir/F_/PicoSDK/Pico/pico-sdk/src/rp2_common/pico_standard_link/binary_info.c.obj
 .rodata.__bi_44
                0x1000a600        0xc CMakeFiles/LogicAnalyzer.dir/F_/PicoSDK/Pico/pico-sdk/src/rp2_common/pico_standard_link/binary_info.c.obj
 .rodata.__bi_56
                0x1000a60c        0xc CMakeFiles/LogicAnalyzer.dir/F_/PicoSDK/Pico/pico-sdk/src/rp2_common/pico_standard_link/binary_info.c.obj
 .rodata.__bi_75
                0x1000a618        0xc CMakeFiles/LogicAnalyzer.dir/F_/PicoSDK/Pico/pico-sdk/src/rp2_common/pico_standard_link/binary_info.c.obj
 .rodata.__bi_81
                0x1000a624        0xc CMakeFiles/LogicAnalyzer.dir/F_/PicoSDK/Pico/pico-sdk/src/rp2_common/pico_standard_link/binary_info.c.obj
 .rodata.__wrap_getchar.str1.4
                0x1000a630       0x47 CMakeFiles/LogicAnalyzer.dir/F_/PicoSDK/Pico/pico-sdk/src/rp2_common/pico_stdio/stdio.c.obj
 .rodata.getchar_timeout_us.str1.4
                0x1000a677       0x63 CMakeFiles/LogicAnalyzer.dir/F_/PicoSDK/Pico/pico-sdk/src/rp2_common/pico_stdio/stdio.c.obj
 *fill*         0x1000a677        0x1 
 .rodata.__func__.0
                0x1000a678       0x15 CMakeFiles/LogicAnalyzer.dir/F_/PicoSDK/Pico/pico-sdk/src/rp2_common/pico_stdio/stdio.c.obj
 *fill*         0x1000a68d        0x3 
 .rodata.__func__.1
                0x1000a690       0x13 CMakeFiles/LogicAnalyzer.dir/F_/PicoSDK/Pico/pico-sdk/src/rp2_common/pico_stdio/stdio.c.obj
 *fill*         0x1000a6a3        0x1 
 .rodata.crlf_str.3
                0x1000a6a4        0x2 CMakeFiles/LogicAnalyzer.dir/F_/PicoSDK/Pico/pico-sdk/src/rp2_common/pico_stdio/stdio.c.obj
 *fill*         0x1000a6a6        0x2 
 .rodata._resetd_driver
                0x1000a6a8       0x18 CMakeFiles/LogicAnalyzer.dir/F_/PicoSDK/Pico/pico-sdk/src/rp2_common/pico_stdio_usb/reset_interface.c.obj
 .rodata.stdio_usb_init.str1.4
                0x1000a6c0       0x5f CMakeFiles/LogicAnalyzer.dir/F_/PicoSDK/Pico/pico-sdk/src/rp2_common/pico_stdio_usb/stdio_usb.c.obj
 .rodata.str1.4
                0x1000a6c0       0x13 CMakeFiles/LogicAnalyzer.dir/F_/PicoSDK/Pico/pico-sdk/src/rp2_common/pico_stdio_usb/stdio_usb.c.obj
 *fill*         0x1000a6d3        0x1 
 .rodata.__bi_93.1
                0x1000a6d4        0xc CMakeFiles/LogicAnalyzer.dir/F_/PicoSDK/Pico/pico-sdk/src/rp2_common/pico_stdio_usb/stdio_usb.c.obj
 .rodata.__func__.0
                0x1000a6e0       0x15 CMakeFiles/LogicAnalyzer.dir/F_/PicoSDK/Pico/pico-sdk/src/rp2_common/pico_stdio_usb/stdio_usb.c.obj
 *fill*         0x1000a6f5        0x3 
 .rodata.str1.4
                0x1000a6f8       0x2a CMakeFiles/LogicAnalyzer.dir/F_/PicoSDK/Pico/pico-sdk/src/rp2_common/pico_stdio_usb/stdio_usb_descriptors.c.obj
 *fill*         0x1000a722        0x2 
 .rodata.usbd_desc_cfg
                0x1000a724       0x54 CMakeFiles/LogicAnalyzer.dir/F_/PicoSDK/Pico/pico-sdk/src/rp2_common/pico_stdio_usb/stdio_usb_descriptors.c.obj
 .rodata.usbd_desc_device
                0x1000a778       0x12 CMakeFiles/LogicAnalyzer.dir/F_/PicoSDK/Pico/pico-sdk/src/rp2_common/pico_stdio_usb/stdio_usb_descriptors.c.obj
 *fill*         0x1000a78a        0x2 
 .rodata.usbd_desc_str
                0x1000a78c       0x18 CMakeFiles/LogicAnalyzer.dir/F_/PicoSDK/Pico/pico-sdk/src/rp2_common/pico_stdio_usb/stdio_usb_descriptors.c.obj
 .rodata._hw_endpoint_alloc.str1.4
                0x1000a7a4       0xb5 CMakeFiles/LogicAnalyzer.dir/F_/PicoSDK/Pico/pico-sdk/lib/tinyusb/src/portable/raspberrypi/rp2040/dcd_rp2040.c.obj
 *fill*         0x1000a859        0x3 
 .rodata.dcd_rp2040_irq.str1.4
                0x1000a85c       0x14 CMakeFiles/LogicAnalyzer.dir/F_/PicoSDK/Pico/pico-sdk/lib/tinyusb/src/portable/raspberrypi/rp2040/dcd_rp2040.c.obj
 .rodata.dcd_int_enable.str1.4
                0x1000a870        0xc CMakeFiles/LogicAnalyzer.dir/F_/PicoSDK/Pico/pico-sdk/lib/tinyusb/src/portable/raspberrypi/rp2040/dcd_rp2040.c.obj
 .rodata.__func__.0
                0x1000a87c        0xe CMakeFiles/LogicAnalyzer.dir/F_/PicoSDK/Pico/pico-sdk/lib/tinyusb/src/portable/raspberrypi/rp2040/dcd_rp2040.c.obj
 *fill*         0x1000a88a        0x2 
 .rodata.__func__.1
                0x1000a88c        0xe CMakeFiles/LogicAnalyzer.dir/F_/PicoSDK/Pico/pico-sdk/lib/tinyusb/src/portable/raspberrypi/rp2040/dcd_rp2040.c.obj
 *fill*         0x1000a89a        0x2 
 .rodata.__func__.3
                0x1000a89c       0x10 CMakeFiles/LogicAnalyzer.dir/F_/PicoSDK/Pico/pico-sdk/lib/tinyusb/src/portable/raspberrypi/rp2040/dcd_rp2040.c.obj
 .rodata.__func__.5
                0x1000a8ac        0xf CMakeFiles/LogicAnalyzer.dir/F_/PicoSDK/Pico/pico-sdk/lib/tinyusb/src/portable/raspberrypi/rp2040/dcd_rp2040.c.obj
 *fill*         0x1000a8bb        0x1 
 .rodata.__func__.6
                0x1000a8bc       0x13 CMakeFiles/LogicAnalyzer.dir/F_/PicoSDK/Pico/pico-sdk/lib/tinyusb/src/portable/raspberrypi/rp2040/dcd_rp2040.c.obj
 *fill*         0x1000a8cf        0x1 
 .rodata.__func__.7
                0x1000a8d0        0x9 CMakeFiles/LogicAnalyzer.dir/F_/PicoSDK/Pico/pico-sdk/lib/tinyusb/src/portable/raspberrypi/rp2040/dcd_rp2040.c.obj
 *fill*         0x1000a8d9        0x3 
 .rodata.sync_ep_buffer.str1.4
                0x1000a8dc       0x91 CMakeFiles/LogicAnalyzer.dir/F_/PicoSDK/Pico/pico-sdk/lib/tinyusb/src/portable/raspberrypi/rp2040/rp2040_usb.c.obj
 *fill*         0x1000a96d        0x3 
 .rodata._hw_endpoint_buffer_control_update32.str1.4
                0x1000a970       0x1f CMakeFiles/LogicAnalyzer.dir/F_/PicoSDK/Pico/pico-sdk/lib/tinyusb/src/portable/raspberrypi/rp2040/rp2040_usb.c.obj
 *fill*         0x1000a98f        0x1 
 .rodata.hw_endpoint_xfer_start.str1.4
                0x1000a990       0x38 CMakeFiles/LogicAnalyzer.dir/F_/PicoSDK/Pico/pico-sdk/lib/tinyusb/src/portable/raspberrypi/rp2040/rp2040_usb.c.obj
 .rodata.hw_endpoint_xfer_continue.str1.4
                0x1000a9c8       0x29 CMakeFiles/LogicAnalyzer.dir/F_/PicoSDK/Pico/pico-sdk/lib/tinyusb/src/portable/raspberrypi/rp2040/rp2040_usb.c.obj
 *fill*         0x1000a9f1        0x3 
 .rodata.str1.4
                0x1000a9f4        0x7 CMakeFiles/LogicAnalyzer.dir/F_/PicoSDK/Pico/pico-sdk/lib/tinyusb/src/portable/raspberrypi/rp2040/rp2040_usb.c.obj
 *fill*         0x1000a9fb        0x1 
 .rodata.__func__.0
                0x1000a9fc        0xf CMakeFiles/LogicAnalyzer.dir/F_/PicoSDK/Pico/pico-sdk/lib/tinyusb/src/portable/raspberrypi/rp2040/rp2040_usb.c.obj
 *fill*         0x1000aa0b        0x1 
 .rodata.process_set_config.str1.4
                0x1000aa0c       0x17 CMakeFiles/LogicAnalyzer.dir/F_/PicoSDK/Pico/pico-sdk/lib/tinyusb/src/device/usbd.c.obj
 *fill*         0x1000aa23        0x1 
 .rodata.process_get_descriptor
                0x1000aa24       0x40 CMakeFiles/LogicAnalyzer.dir/F_/PicoSDK/Pico/pico-sdk/lib/tinyusb/src/device/usbd.c.obj
 .rodata.process_control_request
                0x1000aa64       0x28 CMakeFiles/LogicAnalyzer.dir/F_/PicoSDK/Pico/pico-sdk/lib/tinyusb/src/device/usbd.c.obj
 .rodata.tud_task
                0x1000aa8c       0x24 CMakeFiles/LogicAnalyzer.dir/F_/PicoSDK/Pico/pico-sdk/lib/tinyusb/src/device/usbd.c.obj
 .rodata.__func__.2
                0x1000aab0        0xf CMakeFiles/LogicAnalyzer.dir/F_/PicoSDK/Pico/pico-sdk/lib/tinyusb/src/device/usbd.c.obj
 *fill*         0x1000aabf        0x1 
 .rodata.__func__.3
                0x1000aac0        0xf CMakeFiles/LogicAnalyzer.dir/F_/PicoSDK/Pico/pico-sdk/lib/tinyusb/src/device/usbd.c.obj
 *fill*         0x1000aacf        0x1 
 .rodata.__func__.4
                0x1000aad0       0x14 CMakeFiles/LogicAnalyzer.dir/F_/PicoSDK/Pico/pico-sdk/lib/tinyusb/src/device/usbd.c.obj
 .rodata.__func__.5
                0x1000aae4       0x10 CMakeFiles/LogicAnalyzer.dir/F_/PicoSDK/Pico/pico-sdk/lib/tinyusb/src/device/usbd.c.obj
 .rodata.__func__.6
                0x1000aaf4       0x17 CMakeFiles/LogicAnalyzer.dir/F_/PicoSDK/Pico/pico-sdk/lib/tinyusb/src/device/usbd.c.obj
 *fill*         0x1000ab0b        0x1 
 .rodata.__func__.7
                0x1000ab0c       0x13 CMakeFiles/LogicAnalyzer.dir/F_/PicoSDK/Pico/pico-sdk/lib/tinyusb/src/device/usbd.c.obj
 *fill*         0x1000ab1f        0x1 
 .rodata.__func__.8
                0x1000ab20       0x18 CMakeFiles/LogicAnalyzer.dir/F_/PicoSDK/Pico/pico-sdk/lib/tinyusb/src/device/usbd.c.obj
 .rodata.__func__.9
                0x1000ab38        0x9 CMakeFiles/LogicAnalyzer.dir/F_/PicoSDK/Pico/pico-sdk/lib/tinyusb/src/device/usbd.c.obj
 *fill*         0x1000ab41        0x3 
 .rodata._usbd_driver
                0x1000ab44       0x18 CMakeFiles/LogicAnalyzer.dir/F_/PicoSDK/Pico/pico-sdk/lib/tinyusb/src/device/usbd.c.obj
 .rodata.tud_control_xfer.str1.4
                0x1000ab5c       0x17 CMakeFiles/LogicAnalyzer.dir/F_/PicoSDK/Pico/pico-sdk/lib/tinyusb/src/device/usbd_control.c.obj
 .rodata.__func__.0
                0x1000ab5c       0x15 CMakeFiles/LogicAnalyzer.dir/F_/PicoSDK/Pico/pico-sdk/lib/tinyusb/src/device/usbd_control.c.obj
 *fill*         0x1000ab71        0x3 
 .rodata.__func__.1
                0x1000ab74       0x11 CMakeFiles/LogicAnalyzer.dir/F_/PicoSDK/Pico/pico-sdk/lib/tinyusb/src/device/usbd_control.c.obj
 .rodata.tud_cdc_n_write_flush.str1.4
                0x1000ab85       0x17 CMakeFiles/LogicAnalyzer.dir/F_/PicoSDK/Pico/pico-sdk/lib/tinyusb/src/class/cdc/cdc_device.c.obj
 *fill*         0x1000ab85        0x3 
 .rodata.__func__.0
                0x1000ab88        0xd CMakeFiles/LogicAnalyzer.dir/F_/PicoSDK/Pico/pico-sdk/lib/tinyusb/src/class/cdc/cdc_device.c.obj
 *fill*         0x1000ab95        0x3 
 .rodata.__func__.1
                0x1000ab98        0xa CMakeFiles/LogicAnalyzer.dir/F_/PicoSDK/Pico/pico-sdk/lib/tinyusb/src/class/cdc/cdc_device.c.obj
 *fill*         0x1000aba2        0x2 
 .rodata.__func__.2
                0x1000aba4       0x16 CMakeFiles/LogicAnalyzer.dir/F_/PicoSDK/Pico/pico-sdk/lib/tinyusb/src/class/cdc/cdc_device.c.obj
 .rodata.tusb_init.str1.4
                0x1000abba       0x17 CMakeFiles/LogicAnalyzer.dir/F_/PicoSDK/Pico/pico-sdk/lib/tinyusb/src/tusb.c.obj
 *fill*         0x1000abba        0x2 
 .rodata.__func__.0
                0x1000abbc       0x11 CMakeFiles/LogicAnalyzer.dir/F_/PicoSDK/Pico/pico-sdk/lib/tinyusb/src/tusb.c.obj
 *fill*         0x1000abcd        0x3 
 .rodata.__func__.1
                0x1000abd0        0xa CMakeFiles/LogicAnalyzer.dir/F_/PicoSDK/Pico/pico-sdk/lib/tinyusb/src/tusb.c.obj
 *fill*         0x1000abda        0x2 
 .rodata.pico_get_unique_board_id_string.str1.4
                0x1000abdc       0x4b CMakeFiles/LogicAnalyzer.dir/F_/PicoSDK/Pico/pico-sdk/src/rp2_common/pico_unique_id/unique_id.c.obj
 *fill*         0x1000ac27        0x1 
 .rodata.__func__.0
                0x1000ac28       0x20 CMakeFiles/LogicAnalyzer.dir/F_/PicoSDK/Pico/pico-sdk/src/rp2_common/pico_unique_id/unique_id.c.obj
 .rodata.str1.4
                0x1000ac48      0x156 CMakeFiles/LogicAnalyzer.dir/F_/PicoSDK/Pico/pico-sdk/src/rp2_common/hardware_flash/flash.c.obj
 *fill*         0x1000ad9e        0x2 
 .rodata.__func__.0
                0x1000ada0        0xd CMakeFiles/LogicAnalyzer.dir/F_/PicoSDK/Pico/pico-sdk/src/rp2_common/hardware_flash/flash.c.obj
 *fill*         0x1000adad        0x3 
 .rodata.dma_claim_unused_channel.str1.4
                0x1000adb0       0x1e CMakeFiles/LogicAnalyzer.dir/F_/PicoSDK/Pico/pico-sdk/src/rp2_common/hardware_dma/dma.c.obj
 *fill*         0x1000adce        0x2 
 .rodata._pio_find_offset_for_program.str1.4
                0x1000add0       0x67 CMakeFiles/LogicAnalyzer.dir/F_/PicoSDK/Pico/pico-sdk/src/rp2_common/hardware_pio/pio.c.obj
 *fill*         0x1000ae37        0x1 
 .rodata._pio_add_program_at_offset.str1.4
                0x1000ae38       0x11 CMakeFiles/LogicAnalyzer.dir/F_/PicoSDK/Pico/pico-sdk/src/rp2_common/hardware_pio/pio.c.obj
 *fill*         0x1000ae49        0x3 
 .rodata.pio_claim_unused_sm.str1.4
                0x1000ae4c       0x24 CMakeFiles/LogicAnalyzer.dir/F_/PicoSDK/Pico/pico-sdk/src/rp2_common/hardware_pio/pio.c.obj
 .rodata.pio_remove_program.str1.4
                0x1000ae70       0x4d CMakeFiles/LogicAnalyzer.dir/F_/PicoSDK/Pico/pico-sdk/src/rp2_common/hardware_pio/pio.c.obj
 *fill*         0x1000aebd        0x3 
 .rodata.__func__.0
                0x1000aec0       0x13 CMakeFiles/LogicAnalyzer.dir/F_/PicoSDK/Pico/pico-sdk/src/rp2_common/hardware_pio/pio.c.obj
 *fill*         0x1000aed3        0x1 
 .rodata.__func__.1
                0x1000aed4       0x1d CMakeFiles/LogicAnalyzer.dir/F_/PicoSDK/Pico/pico-sdk/src/rp2_common/hardware_pio/pio.c.obj
                0x1000aef4                . = ALIGN (0x4)
 *fill*         0x1000aef1        0x3 
 *(SORT_BY_ALIGNMENT(SORT_BY_NAME(.flashdata*)))
                0x1000aef4                . = ALIGN (0x4)

.rel.dyn        0x1000aef4        0x0
 .rel.iplt      0x1000aef4        0x0 c:/progra~2/gnuarm~1/102021~1.10/bin/../lib/gcc/arm-none-eabi/10.3.1/thumb/v6-m/nofp/crtbegin.o

.ARM.extab
 *(.ARM.extab* .gnu.linkonce.armextab.*)
                0x1000aef4                __exidx_start = .

.ARM.exidx
 *(.ARM.exidx* .gnu.linkonce.armexidx.*)
                0x1000aef4                __exidx_end = .
                0x1000aef4                . = ALIGN (0x4)
                0x1000aef4                __binary_info_start = .

.binary_info    0x1000aef4       0x24
 *(.binary_info.keep.*)
 .binary_info.keep.__bi_ptr22
                0x1000aef4        0x4 CMakeFiles/LogicAnalyzer.dir/F_/PicoSDK/Pico/pico-sdk/src/rp2_common/pico_standard_link/binary_info.c.obj
 .binary_info.keep.__bi_ptr30