Archive member included to satisfy reference by file (symbol)

c:/progra~2/gnuarm~1/102021~1.10/bin/../lib/gcc/arm-none-eabi/10.3.1/thumb/v6-m/nofp\libgcc.a(_dvmd_tls.o)
                              CMakeFiles/LogicAnalyzer.dir/F_/PicoSDK/Pico/pico-sdk/src/rp2_common/pico_divider/divider.S.obj (__aeabi_idiv0)
c:/progra~2/gnuarm~1/102021~1.10/bin/../lib/gcc/arm-none-eabi/10.3.1/../../../../arm-none-eabi/lib/thumb/v6-m/nofp\libg.a(lib_a-atoi.o)
                              CMakeFiles/LogicAnalyzer.dir/F_/PicoSDK/Pico/pico-sdk/lib/lwip/src/core/netif.c.obj (atoi)
c:/progra~2/gnuarm~1/102021~1.10/bin/../lib/gcc/arm-none-eabi/10.3.1/../../../../arm-none-eabi/lib/thumb/v6-m/nofp\libg.a(lib_a-calloc.o)
                              CMakeFiles/LogicAnalyzer.dir/F_/PicoSDK/Pico/pico-sdk/src/rp2_common/pico_malloc/pico_malloc.c.obj (calloc)
c:/progra~2/gnuarm~1/102021~1.10/bin/../lib/gcc/arm-none-eabi/10.3.1/../../../../arm-none-eabi/lib/thumb/v6-m/nofp\libg.a(lib_a-callocr.o)
                              c:/progra~2/gnuarm~1/102021~1.10/bin/../lib/gcc/arm-none-eabi/10.3.1/../../../../arm-none-eabi/lib/thumb/v6-m/nofp\libg.a(lib_a-calloc.o) (_calloc_r)
c:/progra~2/gnuarm~1/102021~1.10/bin/../lib/gcc/arm-none-eabi/10.3.1/../../../../arm-none-eabi/lib/thumb/v6-m/nofp\libg.a(lib_a-ctype_.o)
                              CMakeFiles/LogicAnalyzer.dir/F_/PicoSDK/Pico/pico-sdk/lib/tinyusb/src/tusb.c.obj (_ctype_)
c:/progra~2/gnuarm~1/102021~1.10/bin/../lib/gcc/arm-none-eabi/10.3.1/../../../../arm-none-eabi/lib/thumb/v6-m/nofp\libg.a(lib_a-errno.o)
                              c:/progra~2/gnuarm~1/102021~1.10/bin/../lib/gcc/arm-none-eabi/10.3.1/../../../../arm-none-eabi/lib/thumb/v6-m/nofp\libg.a(lib_a-callocr.o) (__errno)
c:/progra~2/gnuarm~1/102021~1.10/bin/../lib/gcc/arm-none-eabi/10.3.1/../../../../arm-none-eabi/lib/thumb/v6-m/nofp\libg.a(lib_a-impure.o)
                              c:/progra~2/gnuarm~1/102021~1.10/bin/../lib/gcc/arm-none-eabi/10.3.1/../../../../arm-none-eabi/lib/thumb/v6-m/nofp\libg.a(lib_a-calloc.o) (_impure_ptr)
c:/progra~2/gnuarm~1/102021~1.10/bin/../lib/gcc/arm-none-eabi/10.3.1/../../../../arm-none-eabi/lib/thumb/v6-m/nofp\libg.a(lib_a-init.o)
                              c:/progra~2/gnuarm~1/102021~1.10/bin/../lib/gcc/arm-none-eabi/10.3.1/../../../../arm-none-eabi/lib/thumb/v6-m/nofp/crt0.o (__libc_init_array)
c:/progra~2/gnuarm~1/102021~1.10/bin/../lib/gcc/arm-none-eabi/10.3.1/../../../../arm-none-eabi/lib/thumb/v6-m/nofp\libg.a(lib_a-malloc.o)
                              CMakeFiles/LogicAnalyzer.dir/F_/PicoSDK/Pico/pico-sdk/src/rp2_common/pico_malloc/pico_malloc.c.obj (malloc)
c:/progra~2/gnuarm~1/102021~1.10/bin/../lib/gcc/arm-none-eabi/10.3.1/../../../../arm-none-eabi/lib/thumb/v6-m/nofp\libg.a(lib_a-mallocr.o)
                              c:/progra~2/gnuarm~1/102021~1.10/bin/../lib/gcc/arm-none-eabi/10.3.1/../../../../arm-none-eabi/lib/thumb/v6-m/nofp\libg.a(lib_a-callocr.o) (_malloc_r)
c:/progra~2/gnuarm~1/102021~1.10/bin/../lib/gcc/arm-none-eabi/10.3.1/../../../../arm-none-eabi/lib/thumb/v6-m/nofp\libg.a(lib_a-memcmp.o)
                              CMakeFiles/LogicAnalyzer.dir/F_/PicoSDK/Pico/pico-sdk/lib/cyw43-driver/src/cyw43_ll.c.obj (memcmp)
c:/progra~2/gnuarm~1/102021~1.10/bin/../lib/gcc/arm-none-eabi/10.3.1/../../../../arm-none-eabi/lib/thumb/v6-m/nofp\libg.a(lib_a-memmove.o)
                              CMakeFiles/LogicAnalyzer.dir/F_/PicoSDK/Pico/pico-sdk/lib/cyw43-driver/src/cyw43_ll.c.obj (memmove)
c:/progra~2/gnuarm~1/102021~1.10/bin/../lib/gcc/arm-none-eabi/10.3.1/../../../../arm-none-eabi/lib/thumb/v6-m/nofp\libg.a(lib_a-mlock.o)
                              c:/progra~2/gnuarm~1/102021~1.10/bin/../lib/gcc/arm-none-eabi/10.3.1/../../../../arm-none-eabi/lib/thumb/v6-m/nofp\libg.a(lib_a-mallocr.o) (__malloc_lock)
c:/progra~2/gnuarm~1/102021~1.10/bin/../lib/gcc/arm-none-eabi/10.3.1/../../../../arm-none-eabi/lib/thumb/v6-m/nofp\libg.a(lib_a-realloc.o)
                              CMakeFiles/LogicAnalyzer.dir/F_/PicoSDK/Pico/pico-sdk/src/rp2_common/pico_malloc/pico_malloc.c.obj (realloc)
c:/progra~2/gnuarm~1/102021~1.10/bin/../lib/gcc/arm-none-eabi/10.3.1/../../../../arm-none-eabi/lib/thumb/v6-m/nofp\libg.a(lib_a-reallocr.o)
                              c:/progra~2/gnuarm~1/102021~1.10/bin/../lib/gcc/arm-none-eabi/10.3.1/../../../../arm-none-eabi/lib/thumb/v6-m/nofp\libg.a(lib_a-realloc.o) (_realloc_r)
c:/progra~2/gnuarm~1/102021~1.10/bin/../lib/gcc/arm-none-eabi/10.3.1/../../../../arm-none-eabi/lib/thumb/v6-m/nofp\libg.a(lib_a-sbrkr.o)
                              c:/progra~2/gnuarm~1/102021~1.10/bin/../lib/gcc/arm-none-eabi/10.3.1/../../../../arm-none-eabi/lib/thumb/v6-m/nofp\libg.a(lib_a-mallocr.o) (_sbrk_r)
c:/progra~2/gnuarm~1/102021~1.10/bin/../lib/gcc/arm-none-eabi/10.3.1/../../../../arm-none-eabi/lib/thumb/v6-m/nofp\libg.a(lib_a-strlen-stub.o)
[...]
Memory Configuration

Name             Origin             Length             Attributes
FLASH            0x10000000         0x00200000         xr
RAM              0x20000000         0x00040000         xrw
SCRATCH_X        0x20040000         0x00001000         xrw
SCRATCH_Y        0x20041000         0x00001000         xrw
*default*        0x00000000         0xffffffff

Linker script and memory map

LOAD c:/progra~2/gnuarm~1/102021~1.10/bin/../lib/gcc/arm-none-eabi/10.3.1/thumb/v6-m/nofp/crti.o
LOAD c:/progra~2/gnuarm~1/102021~1.10/bin/../lib/gcc/arm-none-eabi/10.3.1/thumb/v6-m/nofp/crtbegin.o
LOAD c:/progra~2/gnuarm~1/102021~1.10/bin/../lib/gcc/arm-none-eabi/10.3.1/../../../../arm-none-eabi/lib/thumb/v6-m/nofp/crt0.o

.flash_begin    0x10000000        0x0
                0x10000000                __flash_binary_start = .

.boot2          0x10000000      0x100
                0x10000000                __boot2_start__ = .
 *(.boot2)
 .boot2         0x10000000      0x100 C:\Users\geniw\AppData\Local\Temp\ccqjcK5j.o
                0x10000100                __boot2_end__ = .
                0x00000001                ASSERT (((__boot2_end__ - __boot2_start__) == 0x100), ERROR: Pico second stage bootloader must be 256 bytes in size)

.text           0x10000100    0x16288
                0x10000100                __logical_binary_start = .
 *(.vectors)
 .vectors       0x10000100       0xd4 CMakeFiles/LogicAnalyzer.dir/F_/PicoSDK/Pico/pico-sdk/src/rp2_common/pico_standard_link/crt0.S.obj
                0x10000100                __VECTOR_TABLE
                0x10000100                __vectors
                0x100001c0                isr_invalid
                0x100001c0                __default_isrs_start
                0x100001c2                isr_nmi
                0x100001c4                isr_hardfault
                0x100001c6                isr_svcall
                0x100001c8                isr_pendsv
                0x100001ca                isr_systick
                0x100001cc                isr_irq23
                0x100001cc                isr_irq18
                0x100001cc                isr_irq11
                0x100001cc                isr_irq28
                0x100001cc                isr_irq19
                0x100001cc                isr_irq0
                0x100001cc                isr_irq6
                0x100001cc                isr_irq5
                0x100001cc                isr_irq12
                0x100001cc                isr_irq22
                0x100001cc                isr_irq31
                0x100001cc                isr_irq17
                0x100001cc                isr_irq27
                0x100001cc                isr_irq30
                0x100001cc                isr_irq2
                0x100001cc                isr_irq10
                0x100001cc                isr_irq8
                0x100001cc                isr_irq24
                0x100001cc                isr_irq1
                0x100001cc                isr_irq7
                0x100001cc                isr_irq21
                0x100001cc                isr_irq20
                0x100001cc                isr_irq15
                0x100001cc                isr_irq25
                0x100001cc                isr_irq13
                0x100001cc                __unhandled_user_irq
                0x100001cc                isr_irq4
                0x100001cc                isr_irq16
                0x100001cc                isr_irq29
                0x100001cc                isr_irq26
                0x100001cc                __default_isrs_end
                0x100001cc                isr_irq3
                0x100001cc                isr_irq14
                0x100001cc                isr_irq9
                0x100001d2                unhandled_user_irq_num_in_r0
 *(.binary_info_header)
 .binary_info_header
                0x100001d4       0x14 CMakeFiles/LogicAnalyzer.dir/F_/PicoSDK/Pico/pico-sdk/src/rp2_common/pico_standard_link/crt0.S.obj
                0x100001e8                __binary_info_header_end = .
 *(.reset)
 .reset         0x100001e8       0xa8 CMakeFiles/LogicAnalyzer.dir/F_/PicoSDK/Pico/pico-sdk/src/rp2_common/pico_standard_link/crt0.S.obj
                0x100001e8                _entry_point
                0x10000266                __get_current_exception
 .reset         0x10000290       0x30 CMakeFiles/LogicAnalyzer.dir/F_/PicoSDK/Pico/pico-sdk/src/rp2_common/pico_standard_link/binary_info.c.obj
 *(.init)
 .init          0x100002c0        0x4 c:/progra~2/gnuarm~1/102021~1.10/bin/../lib/gcc/arm-none-eabi/10.3.1/thumb/v6-m/nofp/crti.o
                0x100002c0                _init
 *(EXCLUDE_FILE(*libm.a: *libc.a:*lib_a-mem*.o *libgcc.a:) .text*)
 .text          0x100002c4       0x48 c:/progra~2/gnuarm~1/102021~1.10/bin/../lib/gcc/arm-none-eabi/10.3.1/thumb/v6-m/nofp/crtbegin.o
 .text.event_machine_init
                0x1000030c       0x1e CMakeFiles/LogicAnalyzer.dir/Event_Machine.c.obj
                0x1000030c                event_machine_init
 .text.event_has_events
                0x1000032a        0x4 CMakeFiles/LogicAnalyzer.dir/Event_Machine.c.obj
                0x1000032a                event_has_events
 .text.event_push
                0x1000032e        0x8 CMakeFiles/LogicAnalyzer.dir/Event_Machine.c.obj
                0x1000032e                event_push
 .text.event_process_queue
                0x10000336       0x5a CMakeFiles/LogicAnalyzer.dir/Event_Machine.c.obj
                0x10000336                event_process_queue
 .text.create_fast_trigger_program
                0x10000390       0x48 CMakeFiles/LogicAnalyzer.dir/LogicAnalyzer.c.obj
                0x10000390                create_fast_trigger_program
 .text.find_capture_tail
                0x100003d8       0xc8 CMakeFiles/LogicAnalyzer.dir/LogicAnalyzer.c.obj
                0x100003d8                find_capture_tail
 .text.disable_gpios
                0x100004a0       0x30 CMakeFiles/LogicAnalyzer.dir/LogicAnalyzer.c.obj
                0x100004a0                disable_gpios
 .text.complex_capture_completed
                0x100004d0      0x17c CMakeFiles/LogicAnalyzer.dir/LogicAnalyzer.c.obj
                0x100004d0                complex_capture_completed
 .text.simple_capture_completed
                0x1000064c      0x168 CMakeFiles/LogicAnalyzer.dir/LogicAnalyzer.c.obj
                0x1000064c                simple_capture_completed
 .text.fast_capture_completed
                0x100007b4      0x170 CMakeFiles/LogicAnalyzer.dir/LogicAnalyzer.c.obj
                0x100007b4                fast_capture_completed
 .text.check_fast_interrupt
                0x10000924       0x24 CMakeFiles/LogicAnalyzer.dir/LogicAnalyzer.c.obj
                0x10000924                check_fast_interrupt
 .text.configureCaptureDMAs
                0x10000948      0x414 CMakeFiles/LogicAnalyzer.dir/LogicAnalyzer.c.obj
                0x10000948                configureCaptureDMAs
 .text.stopCapture
                0x10000d5c       0x40 CMakeFiles/LogicAnalyzer.dir/LogicAnalyzer.c.obj
                0x10000d5c                stopCapture
 .text.startCaptureFast
                0x10000d9c      0x4cc CMakeFiles/LogicAnalyzer.dir/LogicAnalyzer.c.obj
                0x10000d9c                startCaptureFast
 .text.startCaptureComplex
                0x10001268      0x4f0 CMakeFiles/LogicAnalyzer.dir/LogicAnalyzer.c.obj
                0x10001268                startCaptureComplex
 .text.startCaptureSimple
                0x10001758      0x3f8 CMakeFiles/LogicAnalyzer.dir/LogicAnalyzer.c.obj
                0x10001758                startCaptureSimple
 .text.IsCapturing
                0x10001b50       0x10 CMakeFiles/LogicAnalyzer.dir/LogicAnalyzer.c.obj
                0x10001b50                IsCapturing
 .text.GetBuffer
                0x10001b60      0x1a4 CMakeFiles/LogicAnalyzer.dir/LogicAnalyzer.c.obj
                0x10001b60                GetBuffer
 .text.storeSettings
                0x10001d04       0x8c CMakeFiles/LogicAnalyzer.dir/LogicAnalyzer.c.obj
                0x10001d04                storeSettings
 .text.sendResponse
                0x10001d90       0x4c CMakeFiles/LogicAnalyzer.dir/LogicAnalyzer.c.obj
                0x10001d90                sendResponse
 .text.processData
                0x10001ddc      0x320 CMakeFiles/LogicAnalyzer.dir/LogicAnalyzer.c.obj
                0x10001ddc                processData
 .text.processUSBInput
                0x100020fc       0x32 CMakeFiles/LogicAnalyzer.dir/LogicAnalyzer.c.obj
                0x100020fc                processUSBInput
 .text.purgeUSBData
                0x1000212e        0xe CMakeFiles/LogicAnalyzer.dir/LogicAnalyzer.c.obj
                0x1000212e                purgeUSBData
 .text.wifiEvent
                0x1000213c       0x64 CMakeFiles/LogicAnalyzer.dir/LogicAnalyzer.c.obj
                0x1000213c                wifiEvent
 .text.processWiFiInput
                0x100021a0       0x40 CMakeFiles/LogicAnalyzer.dir/LogicAnalyzer.c.obj
                0x100021a0                processWiFiInput
 .text.processInput
                0x100021e0       0x20 CMakeFiles/LogicAnalyzer.dir/LogicAnalyzer.c.obj
                0x100021e0                processInput
 .text.processCancel
                0x10002200       0x20 CMakeFiles/LogicAnalyzer.dir/LogicAnalyzer.c.obj
                0x10002200                processCancel
 .text.main     0x10002220      0x208 CMakeFiles/LogicAnalyzer.dir/LogicAnalyzer.c.obj
                0x10002220                main
 .text.acceptConnection
                0x10002428       0x74 CMakeFiles/LogicAnalyzer.dir/LogicAnalyzer_WiFi.c.obj
                0x10002428                acceptConnection
 .text.readSettings
                0x1000249c       0x18 CMakeFiles/LogicAnalyzer.dir/LogicAnalyzer_WiFi.c.obj
                0x1000249c                readSettings
 .text.stopServer
                0x100024b4       0x1c CMakeFiles/LogicAnalyzer.dir/LogicAnalyzer_WiFi.c.obj
                0x100024b4                stopServer
 .text.killClient
                0x100024d0       0x34 CMakeFiles/LogicAnalyzer.dir/LogicAnalyzer_WiFi.c.obj
                0x100024d0                killClient
 .text.serverError
                0x10002504       0x1c CMakeFiles/LogicAnalyzer.dir/LogicAnalyzer_WiFi.c.obj
                0x10002504                serverError
 .text.serverReceiveData
                0x10002520       0x7c CMakeFiles/LogicAnalyzer.dir/LogicAnalyzer_WiFi.c.obj
                0x10002520                serverReceiveData
 .text.sendData
                0x1000259c       0x54 CMakeFiles/LogicAnalyzer.dir/LogicAnalyzer_WiFi.c.obj
                0x1000259c                sendData
 .text.tryStartServer
                0x100025f0       0x4c CMakeFiles/LogicAnalyzer.dir/LogicAnalyzer_WiFi.c.obj
                0x100025f0                tryStartServer
 .text.tryConnectAP
                0x1000263c       0x54 CMakeFiles/LogicAnalyzer.dir/LogicAnalyzer_WiFi.c.obj
                0x1000263c                tryConnectAP
 .text.disconnectAP
                0x10002690       0x24 CMakeFiles/LogicAnalyzer.dir/LogicAnalyzer_WiFi.c.obj
                0x10002690                disconnectAP
 .text.frontendEvent
                0x100026b4       0x50 CMakeFiles/LogicAnalyzer.dir/LogicAnalyzer_WiFi.c.obj
                0x100026b4                frontendEvent
 .text.processWifiMachine
                0x10002704       0xc4 CMakeFiles/LogicAnalyzer.dir/LogicAnalyzer_WiFi.c.obj
                0x10002704                processWifiMachine
 .text.runWiFiCore
                0x100027c8       0x58 CMakeFiles/LogicAnalyzer.dir/LogicAnalyzer_WiFi.c.obj
                0x100027c8                runWiFiCore
 .text.set_sys_clock_pll
                0x10002820       0x78 CMakeFiles/LogicAnalyzer.dir/F_/PicoSDK/Pico/pico-sdk/src/rp2_common/pico_stdlib/stdlib.c.obj
                0x10002820                set_sys_clock_pll
 .text.check_sys_clock_khz
                0x10002898       0xb0 CMakeFiles/LogicAnalyzer.dir/F_/PicoSDK/Pico/pico-sdk/src/rp2_common/pico_stdlib/stdlib.c.obj
                0x10002898                check_sys_clock_khz
 .text.gpio_set_function
                0x10002948       0x30 CMakeFiles/LogicAnalyzer.dir/F_/PicoSDK/Pico/pico-sdk/src/rp2_common/hardware_gpio/gpio.c.obj
                0x10002948                gpio_set_function
 .text.gpio_set_pulls
                0x10002978       0x34 CMakeFiles/LogicAnalyzer.dir/F_/PicoSDK/Pico/pico-sdk/src/rp2_common/hardware_gpio/gpio.c.obj
                0x10002978                gpio_set_pulls
 .text.gpio_set_input_hysteresis_enabled
                0x100029ac       0x30 CMakeFiles/LogicAnalyzer.dir/F_/PicoSDK/Pico/pico-sdk/src/rp2_common/hardware_gpio/gpio.c.obj
                0x100029ac                gpio_set_input_hysteresis_enabled
 .text.gpio_add_raw_irq_handler_with_order_priority_masked
                0x100029dc       0x40 CMakeFiles/LogicAnalyzer.dir/F_/PicoSDK/Pico/pico-sdk/src/rp2_common/hardware_gpio/gpio.c.obj
                0x100029dc                gpio_add_raw_irq_handler_with_order_priority_masked
 .text.gpio_acknowledge_irq
                0x10002a1c       0x18 CMakeFiles/LogicAnalyzer.dir/F_/PicoSDK/Pico/pico-sdk/src/rp2_common/hardware_gpio/gpio.c.obj
                0x10002a1c                gpio_acknowledge_irq
 .text._gpio_set_irq_enabled
                0x10002a34       0x34 CMakeFiles/LogicAnalyzer.dir/F_/PicoSDK/Pico/pico-sdk/src/rp2_common/hardware_gpio/gpio.c.obj
 .text.gpio_set_irq_enabled
                0x10002a68       0x20 CMakeFiles/LogicAnalyzer.dir/F_/PicoSDK/Pico/pico-sdk/src/rp2_common/hardware_gpio/gpio.c.obj
                0x10002a68                gpio_set_irq_enabled
 .text.gpio_init
                0x10002a88       0x16 CMakeFiles/LogicAnalyzer.dir/F_/PicoSDK/Pico/pico-sdk/src/rp2_common/hardware_gpio/gpio.c.obj
                0x10002a88                gpio_init
 .text.gpio_deinit
                0x10002a9e        0xa CMakeFiles/LogicAnalyzer.dir/F_/PicoSDK/Pico/pico-sdk/src/rp2_common/hardware_gpio/gpio.c.obj
                0x10002a9e                gpio_deinit
 .text.hw_claim_lock
                0x10002aa8       0x18 CMakeFiles/LogicAnalyzer.dir/F_/PicoSDK/Pico/pico-sdk/src/rp2_common/hardware_claim/claim.c.obj
                0x10002aa8                hw_claim_lock
 .text.hw_claim_unlock
                0x10002ac0       0x14 CMakeFiles/LogicAnalyzer.dir/F_/PicoSDK/Pico/pico-sdk/src/rp2_common/hardware_claim/claim.c.obj
                0x10002ac0                hw_claim_unlock
 .text.hw_claim_or_assert
                0x10002ad4       0x32 CMakeFiles/LogicAnalyzer.dir/F_/PicoSDK/Pico/pico-sdk/src/rp2_common/hardware_claim/claim.c.obj
                0x10002ad4                hw_claim_or_assert
 .text.hw_claim_unused_from_range
                0x10002b06       0x50 CMakeFiles/LogicAnalyzer.dir/F_/PicoSDK/Pico/pico-sdk/src/rp2_common/hardware_claim/claim.c.obj
                0x10002b06                hw_claim_unused_from_range
 *fill*         0x10002b56        0x2 
 .text.hw_claim_clear
                0x10002b58       0x40 CMakeFiles/LogicAnalyzer.dir/F_/PicoSDK/Pico/pico-sdk/src/rp2_common/hardware_claim/claim.c.obj
                0x10002b58                hw_claim_clear
 .text.running_on_fpga
                0x10002b98       0x14 CMakeFiles/LogicAnalyzer.dir/F_/PicoSDK/Pico/pico-sdk/src/rp2_common/pico_platform/platform.c.obj
                0x10002b98                running_on_fpga
 .text.spin_locks_reset
                0x10002bac       0x20 CMakeFiles/LogicAnalyzer.dir/F_/PicoSDK/Pico/pico-sdk/src/rp2_common/hardware_sync/sync.c.obj
                0x10002bac                spin_locks_reset
 .text.next_striped_spin_lock_num
                0x10002bcc       0x1c CMakeFiles/LogicAnalyzer.dir/F_/PicoSDK/Pico/pico-sdk/src/rp2_common/hardware_sync/sync.c.obj
                0x10002bcc                next_striped_spin_lock_num
 .text.spin_lock_claim_unused
                0x10002be8       0x20 CMakeFiles/LogicAnalyzer.dir/F_/PicoSDK/Pico/pico-sdk/src/rp2_common/hardware_sync/sync.c.obj
                0x10002be8                spin_lock_claim_unused
 .text.set_raw_irq_handler_and_unlock
                0x10002c08       0x28 CMakeFiles/LogicAnalyzer.dir/F_/PicoSDK/Pico/pico-sdk/src/rp2_common/hardware_irq/irq.c.obj
 .text.make_branch
                0x10002c30       0x48 CMakeFiles/LogicAnalyzer.dir/F_/PicoSDK/Pico/pico-sdk/src/rp2_common/hardware_irq/irq.c.obj
 .text.insert_branch_and_link
                0x10002c78       0x40 CMakeFiles/LogicAnalyzer.dir/F_/PicoSDK/Pico/pico-sdk/src/rp2_common/hardware_irq/irq.c.obj
 .text.irq_is_enabled
                0x10002cb8       0x18 CMakeFiles/LogicAnalyzer.dir/F_/PicoSDK/Pico/pico-sdk/src/rp2_common/hardware_irq/irq.c.obj
                0x10002cb8                irq_is_enabled
 .text.irq_set_mask_enabled
                0x10002cd0       0x20 CMakeFiles/LogicAnalyzer.dir/F_/PicoSDK/Pico/pico-sdk/src/rp2_common/hardware_irq/irq.c.obj
                0x10002cd0                irq_set_mask_enabled
 .text.irq_set_enabled
                0x10002cf0        0xe CMakeFiles/LogicAnalyzer.dir/F_/PicoSDK/Pico/pico-sdk/src/rp2_common/hardware_irq/irq.c.obj
                0x10002cf0                irq_set_enabled
 *fill*         0x10002cfe        0x2 
 .text.irq_set_pending
                0x10002d00       0x10 CMakeFiles/LogicAnalyzer.dir/F_/PicoSDK/Pico/pico-sdk/src/rp2_common/hardware_irq/irq.c.obj
                0x10002d00                irq_set_pending
 .text.irq_get_vtable_handler
                0x10002d10       0x10 CMakeFiles/LogicAnalyzer.dir/F_/PicoSDK/Pico/pico-sdk/src/rp2_common/hardware_irq/irq.c.obj
                0x10002d10                irq_get_vtable_handler
 .text.irq_has_shared_handler
                0x10002d20       0x24 CMakeFiles/LogicAnalyzer.dir/F_/PicoSDK/Pico/pico-sdk/src/rp2_common/hardware_irq/irq.c.obj
                0x10002d20                irq_has_shared_handler
 .text.irq_set_exclusive_handler
                0x10002d44       0x54 CMakeFiles/LogicAnalyzer.dir/F_/PicoSDK/Pico/pico-sdk/src/rp2_common/hardware_irq/irq.c.obj
                0x10002d44                irq_set_exclusive_handler
 .text.irq_add_shared_handler
                0x10002d98      0x230 CMakeFiles/LogicAnalyzer.dir/F_/PicoSDK/Pico/pico-sdk/src/rp2_common/hardware_irq/irq.c.obj
                0x10002d98                irq_add_shared_handler
 .text.irq_remove_handler
                0x10002fc8      0x1a8 CMakeFiles/LogicAnalyzer.dir/F_/PicoSDK/Pico/pico-sdk/src/rp2_common/hardware_irq/irq.c.obj
                0x10002fc8                irq_remove_handler
 .text.irq_add_tail_to_free_list
                0x10003170       0xf0 CMakeFiles/LogicAnalyzer.dir/F_/PicoSDK/Pico/pico-sdk/src/rp2_common/hardware_irq/irq.c.obj
                0x10003170                irq_add_tail_to_free_list
 .text.irq_init_priorities
                0x10003260       0x1c CMakeFiles/LogicAnalyzer.dir/F_/PicoSDK/Pico/pico-sdk/src/rp2_common/hardware_irq/irq.c.obj
                0x10003260                irq_init_priorities
 .text.user_irq_claim_unused
                0x1000327c       0x30 CMakeFiles/LogicAnalyzer.dir/F_/PicoSDK/Pico/pico-sdk/src/rp2_common/hardware_irq/irq.c.obj
                0x1000327c                user_irq_claim_unused
 .text.lock_init
                0x100032ac       0x10 CMakeFiles/LogicAnalyzer.dir/F_/PicoSDK/Pico/pico-sdk/src/common/pico_sync/lock_core.c.obj
                0x100032ac                lock_init
 .text.alarm_pool_post_alloc_init
                0x100032bc       0x40 CMakeFiles/LogicAnalyzer.dir/F_/PicoSDK/Pico/pico-sdk/src/common/pico_time/time.c.obj
 .text.sleep_until_callback
                0x100032fc       0x30 CMakeFiles/LogicAnalyzer.dir/F_/PicoSDK/Pico/pico-sdk/src/common/pico_time/time.c.obj
 .text.timer_pool_entry_comparator
                0x1000332c       0x7c CMakeFiles/LogicAnalyzer.dir/F_/PicoSDK/Pico/pico-sdk/src/common/pico_time/time.c.obj
                0x1000332c                timer_pool_entry_comparator
 .text.ph_add_child_node
                0x100033a8       0xa4 CMakeFiles/LogicAnalyzer.dir/F_/PicoSDK/Pico/pico-sdk/src/common/pico_time/time.c.obj
 .text.ph_merge_nodes
                0x1000344c       0x3e CMakeFiles/LogicAnalyzer.dir/F_/PicoSDK/Pico/pico-sdk/src/common/pico_time/time.c.obj
 *fill*         0x1000348a        0x2 
 .text.add_alarm_under_lock
                0x1000348c      0x174 CMakeFiles/LogicAnalyzer.dir/F_/PicoSDK/Pico/pico-sdk/src/common/pico_time/time.c.obj
 .text.alarm_pool_alarm_callback
                0x10003600      0x328 CMakeFiles/LogicAnalyzer.dir/F_/PicoSDK/Pico/pico-sdk/src/common/pico_time/time.c.obj
 .text.alarm_pool_init_default
                0x10003928       0x38 CMakeFiles/LogicAnalyzer.dir/F_/PicoSDK/Pico/pico-sdk/src/common/pico_time/time.c.obj
                0x10003928                alarm_pool_init_default
 .text.alarm_pool_get_default
                0x10003960       0x2c CMakeFiles/LogicAnalyzer.dir/F_/PicoSDK/Pico/pico-sdk/src/common/pico_time/time.c.obj
                0x10003960                alarm_pool_get_default
 .text.alarm_pool_add_alarm_at
                0x1000398c      0x170 CMakeFiles/LogicAnalyzer.dir/F_/PicoSDK/Pico/pico-sdk/src/common/pico_time/time.c.obj
                0x1000398c                alarm_pool_add_alarm_at
 .text.alarm_pool_cancel_alarm
                0x10003afc       0xf0 CMakeFiles/LogicAnalyzer.dir/F_/PicoSDK/Pico/pico-sdk/src/common/pico_time/time.c.obj
                0x10003afc                alarm_pool_cancel_alarm
 .text.sleep_until
                0x10003bec       0xfc CMakeFiles/LogicAnalyzer.dir/F_/PicoSDK/Pico/pico-sdk/src/common/pico_time/time.c.obj
                0x10003bec                sleep_until
 .text.sleep_us
                0x10003ce8       0x58 CMakeFiles/LogicAnalyzer.dir/F_/PicoSDK/Pico/pico-sdk/src/common/pico_time/time.c.obj
                0x10003ce8                sleep_us
 .text.sleep_ms
                0x10003d40       0x14 CMakeFiles/LogicAnalyzer.dir/F_/PicoSDK/Pico/pico-sdk/src/common/pico_time/time.c.obj
                0x10003d40                sleep_ms
 .text.best_effort_wfe_or_timeout
                0x10003d54       0x80 CMakeFiles/LogicAnalyzer.dir/F_/PicoSDK/Pico/pico-sdk/src/common/pico_time/time.c.obj
                0x10003d54                best_effort_wfe_or_timeout
 .text.hardware_alarm_irq_handler
                0x10003dd4       0x8c CMakeFiles/LogicAnalyzer.dir/F_/PicoSDK/Pico/pico-sdk/src/rp2_common/hardware_timer/timer.c.obj
 .text.hardware_alarm_claim
                0x10003e60       0x18 CMakeFiles/LogicAnalyzer.dir/F_/PicoSDK/Pico/pico-sdk/src/rp2_common/hardware_timer/timer.c.obj
                0x10003e60                hardware_alarm_claim
 .text.time_us_64
                0x10003e78       0x18 CMakeFiles/LogicAnalyzer.dir/F_/PicoSDK/Pico/pico-sdk/src/rp2_common/hardware_timer/timer.c.obj
                0x10003e78                time_us_64
 .text.busy_wait_until
                0x10003e90       0x28 CMakeFiles/LogicAnalyzer.dir/F_/PicoSDK/Pico/pico-sdk/src/rp2_common/hardware_timer/timer.c.obj
                0x10003e90                busy_wait_until
 .text.busy_wait_us
                0x10003eb8       0x48 CMakeFiles/LogicAnalyzer.dir/F_/PicoSDK/Pico/pico-sdk/src/rp2_common/hardware_timer/timer.c.obj
                0x10003eb8                busy_wait_us
 .text.busy_wait_us_32
                0x10003f00       0x24 CMakeFiles/LogicAnalyzer.dir/F_/PicoSDK/Pico/pico-sdk/src/rp2_common/hardware_timer/timer.c.obj
                0x10003f00                busy_wait_us_32
 .text.busy_wait_ms
                0x10003f24       0x30 CMakeFiles/LogicAnalyzer.dir/F_/PicoSDK/Pico/pico-sdk/src/rp2_common/hardware_timer/timer.c.obj
                0x10003f24                busy_wait_ms
 .text.hardware_alarm_set_callback
                0x10003f54       0x90 CMakeFiles/LogicAnalyzer.dir/F_/PicoSDK/Pico/pico-sdk/src/rp2_common/hardware_timer/timer.c.obj
                0x10003f54                hardware_alarm_set_callback
 .text.hardware_alarm_set_target
                0x10003fe4       0xe8 CMakeFiles/LogicAnalyzer.dir/F_/PicoSDK/Pico/pico-sdk/src/rp2_common/hardware_timer/timer.c.obj
                0x10003fe4                hardware_alarm_set_target
 .text.hardware_alarm_cancel
                0x100040cc       0x40 CMakeFiles/LogicAnalyzer.dir/F_/PicoSDK/Pico/pico-sdk/src/rp2_common/hardware_timer/timer.c.obj
                0x100040cc                hardware_alarm_cancel
 .text.ph_add_child_node
                0x1000410c       0xa4 CMakeFiles/LogicAnalyzer.dir/F_/PicoSDK/Pico/pico-sdk/src/common/pico_util/pheap.c.obj
 .text.ph_merge_nodes
                0x100041b0       0x3e CMakeFiles/LogicAnalyzer.dir/F_/PicoSDK/Pico/pico-sdk/src/common/pico_util/pheap.c.obj
 *fill*         0x100041ee        0x2 
 .text.ph_clear
                0x100041f0       0x70 CMakeFiles/LogicAnalyzer.dir/F_/PicoSDK/Pico/pico-sdk/src/common/pico_util/pheap.c.obj
                0x100041f0                ph_clear
 .text.ph_post_alloc_init
                0x10004260        0xe CMakeFiles/LogicAnalyzer.dir/F_/PicoSDK/Pico/pico-sdk/src/common/pico_util/pheap.c.obj
                0x10004260                ph_post_alloc_init
 *fill*         0x1000426e        0x2 
 .text.ph_merge_two_pass
                0x10004270       0xa8 CMakeFiles/LogicAnalyzer.dir/F_/PicoSDK/Pico/pico-sdk/src/common/pico_util/pheap.c.obj
                0x10004270                ph_merge_two_pass
 .text.ph_remove_any_head
                0x10004318      0x108 CMakeFiles/LogicAnalyzer.dir/F_/PicoSDK/Pico/pico-sdk/src/common/pico_util/pheap.c.obj
 .text.ph_remove_head
                0x10004420       0x14 CMakeFiles/LogicAnalyzer.dir/F_/PicoSDK/Pico/pico-sdk/src/common/pico_util/pheap.c.obj
                0x10004420                ph_remove_head
 .text.ph_remove_and_free_node
                0x10004434       0xf8 CMakeFiles/LogicAnalyzer.dir/F_/PicoSDK/Pico/pico-sdk/src/common/pico_util/pheap.c.obj
                0x10004434                ph_remove_and_free_node
 .text.queue_add_internal
                0x1000452c       0xa0 CMakeFiles/LogicAnalyzer.dir/F_/PicoSDK/Pico/pico-sdk/src/common/pico_util/queue.c.obj
 .text.queue_remove_internal
                0x100045cc       0xa4 CMakeFiles/LogicAnalyzer.dir/F_/PicoSDK/Pico/pico-sdk/src/common/pico_util/queue.c.obj
 .text.queue_init_with_spinlock
                0x10004670       0x24 CMakeFiles/LogicAnalyzer.dir/F_/PicoSDK/Pico/pico-sdk/src/common/pico_util/queue.c.obj
                0x10004670                queue_init_with_spinlock
 .text.queue_add_blocking
                0x10004694        0xa CMakeFiles/LogicAnalyzer.dir/F_/PicoSDK/Pico/pico-sdk/src/common/pico_util/queue.c.obj
                0x10004694                queue_add_blocking
 .text.queue_remove_blocking
                0x1000469e        0xa CMakeFiles/LogicAnalyzer.dir/F_/PicoSDK/Pico/pico-sdk/src/common/pico_util/queue.c.obj
                0x1000469e                queue_remove_blocking
 .text.mutex_init
                0x100046a8       0x1a CMakeFiles/LogicAnalyzer.dir/F_/PicoSDK/Pico/pico-sdk/src/common/pico_sync/mutex.c.obj
                0x100046a8                mutex_init
 .text.recursive_mutex_init
                0x100046c2       0x1e CMakeFiles/LogicAnalyzer.dir/F_/PicoSDK/Pico/pico-sdk/src/common/pico_sync/mutex.c.obj
                0x100046c2                recursive_mutex_init
 .text.critical_section_init_with_lock_num
                0x100046e0       0x14 CMakeFiles/LogicAnalyzer.dir/F_/PicoSDK/Pico/pico-sdk/src/common/pico_sync/critical_section.c.obj
                0x100046e0                critical_section_init_with_lock_num
 .text.critical_section_init
                0x100046f4       0x14 CMakeFiles/LogicAnalyzer.dir/F_/PicoSDK/Pico/pico-sdk/src/common/pico_sync/critical_section.c.obj
                0x100046f4                critical_section_init
 .text._exit    0x10004708        0x4 CMakeFiles/LogicAnalyzer.dir/F_/PicoSDK/Pico/pico-sdk/src/rp2_common/pico_runtime/runtime.c.obj
                0x10004708                _exit
 .text._sbrk    0x1000470c       0x38 CMakeFiles/LogicAnalyzer.dir/F_/PicoSDK/Pico/pico-sdk/src/rp2_common/pico_runtime/runtime.c.obj
                0x1000470c                _sbrk
 .text.exit     0x10004744        0x6 CMakeFiles/LogicAnalyzer.dir/F_/PicoSDK/Pico/pico-sdk/src/rp2_common/pico_runtime/runtime.c.obj
                0x10004744                exit
 *fill*         0x1000474a        0x2 
 .text.__assert_func
                0x1000474c       0x3c CMakeFiles/LogicAnalyzer.dir/F_/PicoSDK/Pico/pico-sdk/src/rp2_common/pico_runtime/runtime.c.obj
                0x1000474c                __assert_func
 .text.runtime_init
                0x10004788       0xf8 CMakeFiles/LogicAnalyzer.dir/F_/PicoSDK/Pico/pico-sdk/src/rp2_common/pico_runtime/runtime.c.obj
                0x10004788                runtime_init
 .text.panic    0x10004880       0x30 CMakeFiles/LogicAnalyzer.dir/F_/PicoSDK/Pico/pico-sdk/src/rp2_common/pico_runtime/runtime.c.obj
                0x10004880                panic
 .text.panic_unsupported
                0x100048b0        0xc CMakeFiles/LogicAnalyzer.dir/F_/PicoSDK/Pico/pico-sdk/src/rp2_common/pico_runtime/runtime.c.obj
                0x100048b0                panic_unsupported
 .text.clock_configure
                0x100048bc      0x104 CMakeFiles/LogicAnalyzer.dir/F_/PicoSDK/Pico/pico-sdk/src/rp2_common/hardware_clocks/clocks.c.obj
                0x100048bc                clock_configure
 .text.clocks_init
                0x100049c0      0x100 CMakeFiles/LogicAnalyzer.dir/F_/PicoSDK/Pico/pico-sdk/src/rp2_common/hardware_clocks/clocks.c.obj
                0x100049c0                clocks_init
 .text.clock_get_hz
                0x10004ac0        0xc CMakeFiles/LogicAnalyzer.dir/F_/PicoSDK/Pico/pico-sdk/src/rp2_common/hardware_clocks/clocks.c.obj
                0x10004ac0                clock_get_hz
 .text.pll_init
                0x10004acc      0x140 CMakeFiles/LogicAnalyzer.dir/F_/PicoSDK/Pico/pico-sdk/src/rp2_common/hardware_pll/pll.c.obj
                0x10004acc                pll_init
 .text.watchdog_start_tick
                0x10004c0c       0x10 CMakeFiles/LogicAnalyzer.dir/F_/PicoSDK/Pico/pico-sdk/src/rp2_common/hardware_watchdog/watchdog.c.obj
                0x10004c0c                watchdog_start_tick
 .text.watchdog_update
                0x10004c1c       0x14 CMakeFiles/LogicAnalyzer.dir/F_/PicoSDK/Pico/pico-sdk/src/rp2_common/hardware_watchdog/watchdog.c.obj
                0x10004c1c                watchdog_update
 .text._watchdog_enable
                0x10004c30       0x78 CMakeFiles/LogicAnalyzer.dir/F_/PicoSDK/Pico/pico-sdk/src/rp2_common/hardware_watchdog/watchdog.c.obj
                0x10004c30                _watchdog_enable
 .text.watchdog_reboot
                0x10004ca8       0x48 CMakeFiles/LogicAnalyzer.dir/F_/PicoSDK/Pico/pico-sdk/src/rp2_common/hardware_watchdog/watchdog.c.obj
                0x10004ca8                watchdog_reboot
 .text.xosc_init
                0x10004cf0       0x28 CMakeFiles/LogicAnalyzer.dir/F_/PicoSDK/Pico/pico-sdk/src/rp2_common/hardware_xosc/xosc.c.obj
                0x10004cf0                xosc_init
 .text._out_null
                0x10004d18        0x2 CMakeFiles/LogicAnalyzer.dir/F_/PicoSDK/Pico/pico-sdk/src/rp2_common/pico_printf/printf.c.obj
 .text._out_fct
                0x10004d1a        0xe CMakeFiles/LogicAnalyzer.dir/F_/PicoSDK/Pico/pico-sdk/src/rp2_common/pico_printf/printf.c.obj
 .text._atoi    0x10004d28       0x24 CMakeFiles/LogicAnalyzer.dir/F_/PicoSDK/Pico/pico-sdk/src/rp2_common/pico_printf/printf.c.obj
 .text._out_rev
                0x10004d4c       0xae CMakeFiles/LogicAnalyzer.dir/F_/PicoSDK/Pico/pico-sdk/src/rp2_common/pico_printf/printf.c.obj
 .text._ntoa_format
                0x10004dfa      0x112 CMakeFiles/LogicAnalyzer.dir/F_/PicoSDK/Pico/pico-sdk/src/rp2_common/pico_printf/printf.c.obj
 .text._ntoa_long
                0x10004f0c       0xbc CMakeFiles/LogicAnalyzer.dir/F_/PicoSDK/Pico/pico-sdk/src/rp2_common/pico_printf/printf.c.obj
 .text._ntoa_long_long
                0x10004fc8       0xe2 CMakeFiles/LogicAnalyzer.dir/F_/PicoSDK/Pico/pico-sdk/src/rp2_common/pico_printf/printf.c.obj
 *fill*         0x100050aa        0x2 
 .text._etoa    0x100050ac      0x414 CMakeFiles/LogicAnalyzer.dir/F_/PicoSDK/Pico/pico-sdk/src/rp2_common/pico_printf/printf.c.obj
 .text._ftoa    0x100054c0      0x354 CMakeFiles/LogicAnalyzer.dir/F_/PicoSDK/Pico/pico-sdk/src/rp2_common/pico_printf/printf.c.obj
 .text._vsnprintf
                0x10005814      0x624 CMakeFiles/LogicAnalyzer.dir/F_/PicoSDK/Pico/pico-sdk/src/rp2_common/pico_printf/printf.c.obj
 .text.vfctprintf
                0x10005e38       0x20 CMakeFiles/LogicAnalyzer.dir/F_/PicoSDK/Pico/pico-sdk/src/rp2_common/pico_printf/printf.c.obj
                0x10005e38                vfctprintf
 .text          0x10005e58       0x10 CMakeFiles/LogicAnalyzer.dir/F_/PicoSDK/Pico/pico-sdk/src/rp2_common/pico_bit_ops/bit_ops_aeabi.S.obj
 .text.ctzsi    0x10005e68        0xc CMakeFiles/LogicAnalyzer.dir/F_/PicoSDK/Pico/pico-sdk/src/rp2_common/pico_bit_ops/bit_ops_aeabi.S.obj
                0x10005e68                __wrap___ctzsi2
 .text.rom_func_lookup
                0x10005e74       0x10 CMakeFiles/LogicAnalyzer.dir/F_/PicoSDK/Pico/pico-sdk/src/rp2_common/pico_bootrom/bootrom.c.obj
                0x10005e74                rom_func_lookup
 .text.rom_data_lookup
                0x10005e84       0x10 CMakeFiles/LogicAnalyzer.dir/F_/PicoSDK/Pico/pico-sdk/src/rp2_common/pico_bootrom/bootrom.c.obj
                0x10005e84                rom_data_lookup
 .text.rom_funcs_lookup
                0x10005e94       0x36 CMakeFiles/LogicAnalyzer.dir/F_/PicoSDK/Pico/pico-sdk/src/rp2_common/pico_bootrom/bootrom.c.obj
                0x10005e94                rom_funcs_lookup
 *fill*         0x10005eca        0x2 
 .text.__wrap___aeabi_idiv
                0x10005ecc       0x50 CMakeFiles/LogicAnalyzer.dir/F_/PicoSDK/Pico/pico-sdk/src/rp2_common/pico_divider/divider.S.obj
                0x10005ecc                __wrap___aeabi_idivmod
                0x10005ecc                divmod_s32s32
                0x10005ecc                div_s32s32
                0x10005ecc                __wrap___aeabi_idiv
                0x10005ed4                divmod_s32s32_unsafe
                0x10005f00                divmod_s32s32_savestate
 .text.__wrap___aeabi_uidiv
                0x10005f1c       0x4c CMakeFiles/LogicAnalyzer.dir/F_/PicoSDK/Pico/pico-sdk/src/rp2_common/pico_divider/divider.S.obj
                0x10005f1c                __wrap___aeabi_uidiv
                0x10005f1c                __wrap___aeabi_uidivmod
                0x10005f1c                div_u32u32
                0x10005f1c                divmod_u32u32
                0x10005f24                divmod_u32u32_unsafe
                0x10005f4c                divmod_u32u32_savestate
 .text.__wrap___aeabi_ldiv
                0x10005f68      0x434 CMakeFiles/LogicAnalyzer.dir/F_/PicoSDK/Pico/pico-sdk/src/rp2_common/pico_divider/divider.S.obj
                0x10005f68                div_s64s64
                0x10005f68                divmod_s64s64
                0x10005f68                __wrap___aeabi_ldivmod
                0x10005fa0                divmod_u64u64
                0x10005fa0                div_u64u64
                0x10005fa0                __wrap___aeabi_uldivmod
                0x10005fb0                divmod_u64u64_savestate
                0x10005fd8                divmod_s64s64_unsafe
                0x10006060                divmod_u64u64_unsafe
 .text.__wrap___aeabi_darithmetic
                0x1000639c       0x60 CMakeFiles/LogicAnalyzer.dir/F_/PicoSDK/Pico/pico-sdk/src/rp2_common/pico_double/double_aeabi.S.obj
                0x1000639c                __wrap___aeabi_drsub
                0x100063a2                __wrap___aeabi_dsub
                0x100063ac                __wrap___aeabi_dadd
                0x100063b6                __wrap___aeabi_ddiv
                0x100063ea                __wrap___aeabi_dmul
 .text.__wrap___aeabi_cdcmple
                0x100063fc       0x6c CMakeFiles/LogicAnalyzer.dir/F_/PicoSDK/Pico/pico-sdk/src/rp2_common/pico_double/double_aeabi.S.obj
                0x100063fc                __wrap___aeabi_cdrcmple
                0x1000640c                __wrap___aeabi_cdcmpeq
                0x1000640c                __wrap___aeabi_cdcmple
 .text.__wrap___aeabi_dcmplt
                0x10006468        0xc CMakeFiles/LogicAnalyzer.dir/F_/PicoSDK/Pico/pico-sdk/src/rp2_common/pico_double/double_aeabi.S.obj
                0x10006468                __wrap___aeabi_dcmplt
 .text.__wrap___aeabi_dcmple
                0x10006474       0x10 CMakeFiles/LogicAnalyzer.dir/F_/PicoSDK/Pico/pico-sdk/src/rp2_common/pico_double/double_aeabi.S.obj
                0x10006474                __wrap___aeabi_dcmple
 .text.__wrap___aeabi_dcmpge
                0x10006484       0x10 CMakeFiles/LogicAnalyzer.dir/F_/PicoSDK/Pico/pico-sdk/src/rp2_common/pico_double/double_aeabi.S.obj
                0x10006484                __wrap___aeabi_dcmpge
 .text.__wrap___aeabi_dcmpgt
                0x10006494        0xa CMakeFiles/LogicAnalyzer.dir/F_/PicoSDK/Pico/pico-sdk/src/rp2_common/pico_double/double_aeabi.S.obj
                0x10006494                __wrap___aeabi_dcmpgt
 .text.__wrap___aeabi_dcmpun
                0x1000649e       0x1c CMakeFiles/LogicAnalyzer.dir/F_/PicoSDK/Pico/pico-sdk/src/rp2_common/pico_double/double_aeabi.S.obj
                0x1000649e                __wrap___aeabi_dcmpun
 *fill*         0x100064ba        0x2 
 .text.__wrap___aeabi_i2d
                0x100064bc       0x38 CMakeFiles/LogicAnalyzer.dir/F_/PicoSDK/Pico/pico-sdk/src/rp2_common/pico_double/double_aeabi.S.obj
                0x100064bc                __wrap___aeabi_ui2d
                0x100064c4                __wrap___aeabi_i2d
 .text.__wrap___aeabi_d2iz
                0x100064f4       0x48 CMakeFiles/LogicAnalyzer.dir/F_/PicoSDK/Pico/pico-sdk/src/rp2_common/pico_double/double_aeabi.S.obj
                0x100064f4                double2int_z
                0x100064f4                __wrap___aeabi_d2iz
 .text.__wrap___aeabi_d2uiz
                0x1000653c       0x10 CMakeFiles/LogicAnalyzer.dir/F_/PicoSDK/Pico/pico-sdk/src/rp2_common/pico_double/double_aeabi.S.obj
                0x1000653c                __wrap___aeabi_d2uiz
                0x1000653c                double2uint
 .text.missing_double_func_shim
                0x1000654c        0xc CMakeFiles/LogicAnalyzer.dir/F_/PicoSDK/Pico/pico-sdk/src/rp2_common/pico_double/double_init_rom.c.obj
 .text.__aeabi_double_init
                0x10006558       0xcc CMakeFiles/LogicAnalyzer.dir/F_/PicoSDK/Pico/pico-sdk/src/rp2_common/pico_double/double_init_rom.c.obj
                0x10006558                __aeabi_double_init
 .text.double_table_shim_on_use_helper
                0x10006624       0x34 CMakeFiles/LogicAnalyzer.dir/F_/PicoSDK/Pico/pico-sdk/src/rp2_common/pico_double/double_v1_rom_shim.S.obj
                0x10006624                double_table_shim_on_use_helper
 .text.__aeabi_lmul
                0x10006658       0x32 CMakeFiles/LogicAnalyzer.dir/F_/PicoSDK/Pico/pico-sdk/src/rp2_common/pico_int64_ops/pico_int64_ops_aeabi.S.obj
                0x10006658                __wrap___aeabi_lmul
 *fill*         0x1000668a        0x2 
 .text.__wrap___aeabi_farithmetic
                0x1000668c       0x48 CMakeFiles/LogicAnalyzer.dir/F_/PicoSDK/Pico/pico-sdk/src/rp2_common/pico_float/float_aeabi.S.obj
                0x1000668c                __wrap___aeabi_frsub
                0x10006692                __wrap___aeabi_fsub
                0x10006698                __wrap___aeabi_fadd
                0x1000669e                __wrap___aeabi_fdiv
                0x100066c6                __wrap___aeabi_fmul
 .text.__wrap___aeabi_ui2f
                0x100066d4        0xa CMakeFiles/LogicAnalyzer.dir/F_/PicoSDK/Pico/pico-sdk/src/rp2_common/pico_float/float_aeabi.S.obj
                0x100066d4                __wrap___aeabi_ui2f
 *fill*         0x100066de        0x2 
 .text.__wrap___aeabi_i2f
                0x100066e0       0x44 CMakeFiles/LogicAnalyzer.dir/F_/PicoSDK/Pico/pico-sdk/src/rp2_common/pico_float/float_aeabi.S.obj
                0x100066e0                __wrap___aeabi_i2f
 .text.__wrap___aeabi_f2uiz
                0x10006724        0xc CMakeFiles/LogicAnalyzer.dir/F_/PicoSDK/Pico/pico-sdk/src/rp2_common/pico_float/float_aeabi.S.obj
                0x10006724                __wrap___aeabi_f2uiz
 .text.missing_float_func_shim
                0x10006730        0xc CMakeFiles/LogicAnalyzer.dir/F_/PicoSDK/Pico/pico-sdk/src/rp2_common/pico_float/float_init_rom.c.obj
 .text.__aeabi_float_init
                0x1000673c       0x88 CMakeFiles/LogicAnalyzer.dir/F_/PicoSDK/Pico/pico-sdk/src/rp2_common/pico_float/float_init_rom.c.obj
                0x1000673c                __aeabi_float_init
 .text.__wrap_malloc
                0x100067c4       0x3c CMakeFiles/LogicAnalyzer.dir/F_/PicoSDK/Pico/pico-sdk/src/rp2_common/pico_malloc/pico_malloc.c.obj
                0x100067c4                __wrap_malloc
 .text.__wrap_calloc
                0x10006800       0x40 CMakeFiles/LogicAnalyzer.dir/F_/PicoSDK/Pico/pico-sdk/src/rp2_common/pico_malloc/pico_malloc.c.obj
                0x10006800                __wrap_calloc
 .text.__wrap_free
                0x10006840       0x20 CMakeFiles/LogicAnalyzer.dir/F_/PicoSDK/Pico/pico-sdk/src/rp2_common/pico_malloc/pico_malloc.c.obj
                0x10006840                __wrap_free
 .text          0x10006860       0x10 CMakeFiles/LogicAnalyzer.dir/F_/PicoSDK/Pico/pico-sdk/src/rp2_common/pico_mem_ops/mem_ops_aeabi.S.obj
                0x10006860                __aeabi_mem_init
 .text.memset   0x10006870        0xc CMakeFiles/LogicAnalyzer.dir/F_/PicoSDK/Pico/pico-sdk/src/rp2_common/pico_mem_ops/mem_ops_aeabi.S.obj
                0x10006870                __wrap_memset
 .text.memcpy   0x1000687c        0xc CMakeFiles/LogicAnalyzer.dir/F_/PicoSDK/Pico/pico-sdk/src/rp2_common/pico_mem_ops/mem_ops_aeabi.S.obj
                0x1000687c                __wrap_memcpy
                0x1000687c                __wrap___aeabi_memcpy
 .text.stdio_out_chars_no_crlf
                0x10006888        0xe CMakeFiles/LogicAnalyzer.dir/F_/PicoSDK/Pico/pico-sdk/src/rp2_common/pico_stdio/stdio.c.obj
 *fill*         0x10006896        0x2 
 .text.stdio_out_chars_crlf
                0x10006898       0x80 CMakeFiles/LogicAnalyzer.dir/F_/PicoSDK/Pico/pico-sdk/src/rp2_common/pico_stdio/stdio.c.obj
 .text.stdio_stack_buffer_flush
                0x10006918       0x44 CMakeFiles/LogicAnalyzer.dir/F_/PicoSDK/Pico/pico-sdk/src/rp2_common/pico_stdio/stdio.c.obj
 .text.stdio_buffered_printer
                0x1000695c       0x20 CMakeFiles/LogicAnalyzer.dir/F_/PicoSDK/Pico/pico-sdk/src/rp2_common/pico_stdio/stdio.c.obj
 .text.stdio_get_until
                0x1000697c       0x80 CMakeFiles/LogicAnalyzer.dir/F_/PicoSDK/Pico/pico-sdk/src/rp2_common/pico_stdio/stdio.c.obj
 .text.stdout_serialize_begin
                0x100069fc       0x30 CMakeFiles/LogicAnalyzer.dir/F_/PicoSDK/Pico/pico-sdk/src/rp2_common/pico_stdio/stdio.c.obj
                0x100069fc                stdout_serialize_begin
 .text.stdout_serialize_end
                0x10006a2c       0x10 CMakeFiles/LogicAnalyzer.dir/F_/PicoSDK/Pico/pico-sdk/src/rp2_common/pico_stdio/stdio.c.obj
                0x10006a2c                stdout_serialize_end
 .text.stdio_put_string
                0x10006a3c       0x98 CMakeFiles/LogicAnalyzer.dir/F_/PicoSDK/Pico/pico-sdk/src/rp2_common/pico_stdio/stdio.c.obj
 .text.putchar_raw
                0x10006ad4       0x1c CMakeFiles/LogicAnalyzer.dir/F_/PicoSDK/Pico/pico-sdk/src/rp2_common/pico_stdio/stdio.c.obj
                0x10006ad4                putchar_raw
 .text.stdio_set_driver_enabled
                0x10006af0       0x2c CMakeFiles/LogicAnalyzer.dir/F_/PicoSDK/Pico/pico-sdk/src/rp2_common/pico_stdio/stdio.c.obj
                0x10006af0                stdio_set_driver_enabled
 .text.stdio_flush
                0x10006b1c       0x20 CMakeFiles/LogicAnalyzer.dir/F_/PicoSDK/Pico/pico-sdk/src/rp2_common/pico_stdio/stdio.c.obj
                0x10006b1c                stdio_flush
 .text.__wrap_puts
                0x10006b3c       0x1e CMakeFiles/LogicAnalyzer.dir/F_/PicoSDK/Pico/pico-sdk/src/rp2_common/pico_stdio/stdio.c.obj
                0x10006b3c                __wrap_puts
 *fill*         0x10006b5a        0x2 
 .text.__wrap_vprintf
                0x10006b5c       0x44 CMakeFiles/LogicAnalyzer.dir/F_/PicoSDK/Pico/pico-sdk/src/rp2_common/pico_stdio/stdio.c.obj
                0x10006b5c                __wrap_vprintf
 .text.__wrap_printf
                0x10006ba0       0x18 CMakeFiles/LogicAnalyzer.dir/F_/PicoSDK/Pico/pico-sdk/src/rp2_common/pico_stdio/stdio.c.obj
                0x10006ba0                __wrap_printf
 .text.stdio_init_all
                0x10006bb8        0x8 CMakeFiles/LogicAnalyzer.dir/F_/PicoSDK/Pico/pico-sdk/src/rp2_common/pico_stdio/stdio.c.obj
                0x10006bb8                stdio_init_all
 .text.getchar_timeout_us
                0x10006bc0       0x80 CMakeFiles/LogicAnalyzer.dir/F_/PicoSDK/Pico/pico-sdk/src/rp2_common/pico_stdio/stdio.c.obj
                0x10006bc0                getchar_timeout_us
 .text.resetd_init
                0x10006c40        0x2 CMakeFiles/LogicAnalyzer.dir/F_/PicoSDK/Pico/pico-sdk/src/rp2_common/pico_stdio_usb/reset_interface.c.obj
 *fill*         0x10006c42        0x2 
 .text.resetd_reset
                0x10006c44        0xc CMakeFiles/LogicAnalyzer.dir/F_/PicoSDK/Pico/pico-sdk/src/rp2_common/pico_stdio_usb/reset_interface.c.obj
 .text.resetd_open
                0x10006c50       0x34 CMakeFiles/LogicAnalyzer.dir/F_/PicoSDK/Pico/pico-sdk/src/rp2_common/pico_stdio_usb/reset_interface.c.obj
 .text.resetd_xfer_cb
                0x10006c84        0x4 CMakeFiles/LogicAnalyzer.dir/F_/PicoSDK/Pico/pico-sdk/src/rp2_common/pico_stdio_usb/reset_interface.c.obj
 .text.reset_usb_boot
                0x10006c88       0x18 CMakeFiles/LogicAnalyzer.dir/F_/PicoSDK/Pico/pico-sdk/src/rp2_common/pico_stdio_usb/reset_interface.c.obj
 .text.resetd_control_xfer_cb
                0x10006ca0       0x5c CMakeFiles/LogicAnalyzer.dir/F_/PicoSDK/Pico/pico-sdk/src/rp2_common/pico_stdio_usb/reset_interface.c.obj
 .text.usbd_app_driver_get_cb
                0x10006cfc        0xc CMakeFiles/LogicAnalyzer.dir/F_/PicoSDK/Pico/pico-sdk/src/rp2_common/pico_stdio_usb/reset_interface.c.obj
                0x10006cfc                usbd_app_driver_get_cb
 .text.tud_cdc_line_coding_cb
                0x10006d08       0x28 CMakeFiles/LogicAnalyzer.dir/F_/PicoSDK/Pico/pico-sdk/src/rp2_common/pico_stdio_usb/reset_interface.c.obj
                0x10006d08                tud_cdc_line_coding_cb
 .text.stdio_usb_in_chars
                0x10006d30       0x70 CMakeFiles/LogicAnalyzer.dir/F_/PicoSDK/Pico/pico-sdk/src/rp2_common/pico_stdio_usb/stdio_usb.c.obj
                0x10006d30                stdio_usb_in_chars
 .text.low_priority_worker_irq
                0x10006da0       0x20 CMakeFiles/LogicAnalyzer.dir/F_/PicoSDK/Pico/pico-sdk/src/rp2_common/pico_stdio_usb/stdio_usb.c.obj
 .text.stdio_usb_out_chars
                0x10006dc0       0xd4 CMakeFiles/LogicAnalyzer.dir/F_/PicoSDK/Pico/pico-sdk/src/rp2_common/pico_stdio_usb/stdio_usb.c.obj
 .text.timer_task
                0x10006e94       0x40 CMakeFiles/LogicAnalyzer.dir/F_/PicoSDK/Pico/pico-sdk/src/rp2_common/pico_stdio_usb/stdio_usb.c.obj
 .text.usb_irq  0x10006ed4       0x10 CMakeFiles/LogicAnalyzer.dir/F_/PicoSDK/Pico/pico-sdk/src/rp2_common/pico_stdio_usb/stdio_usb.c.obj
 .text.stdio_usb_init
                0x10006ee4       0xec CMakeFiles/LogicAnalyzer.dir/F_/PicoSDK/Pico/pico-sdk/src/rp2_common/pico_stdio_usb/stdio_usb.c.obj
                0x10006ee4                stdio_usb_init
 .text.tud_descriptor_device_cb
                0x10006fd0        0x8 CMakeFiles/LogicAnalyzer.dir/F_/PicoSDK/Pico/pico-sdk/src/rp2_common/pico_stdio_usb/stdio_usb_descriptors.c.obj
                0x10006fd0                tud_descriptor_device_cb
 .text.tud_descriptor_configuration_cb
                0x10006fd8        0x8 CMakeFiles/LogicAnalyzer.dir/F_/PicoSDK/Pico/pico-sdk/src/rp2_common/pico_stdio_usb/stdio_usb_descriptors.c.obj
                0x10006fd8                tud_descriptor_configuration_cb
 .text.tud_descriptor_string_cb
                0x10006fe0       0x6c CMakeFiles/LogicAnalyzer.dir/F_/PicoSDK/Pico/pico-sdk/src/rp2_common/pico_stdio_usb/stdio_usb_descriptors.c.obj
                0x10006fe0                tud_descriptor_string_cb
 .text.hw_endpoint_get_by_addr
                0x1000704c       0x18 CMakeFiles/LogicAnalyzer.dir/F_/PicoSDK/Pico/pico-sdk/lib/tinyusb/src/portable/raspberrypi/rp2040/dcd_rp2040.c.obj
 .text.reset_ep0_pid
                0x10007064       0x28 CMakeFiles/LogicAnalyzer.dir/F_/PicoSDK/Pico/pico-sdk/lib/tinyusb/src/portable/raspberrypi/rp2040/dcd_rp2040.c.obj
 .text._hw_endpoint_alloc
                0x1000708c       0x70 CMakeFiles/LogicAnalyzer.dir/F_/PicoSDK/Pico/pico-sdk/lib/tinyusb/src/portable/raspberrypi/rp2040/dcd_rp2040.c.obj
 .text.hw_endpoint_init
                0x100070fc       0x88 CMakeFiles/LogicAnalyzer.dir/F_/PicoSDK/Pico/pico-sdk/lib/tinyusb/src/portable/raspberrypi/rp2040/dcd_rp2040.c.obj
 .text.reset_non_control_endpoints
                0x10007184       0x40 CMakeFiles/LogicAnalyzer.dir/F_/PicoSDK/Pico/pico-sdk/lib/tinyusb/src/portable/raspberrypi/rp2040/dcd_rp2040.c.obj
 .text.hw_handle_buff_status
                0x100071c4       0x8c CMakeFiles/LogicAnalyzer.dir/F_/PicoSDK/Pico/pico-sdk/lib/tinyusb/src/portable/raspberrypi/rp2040/dcd_rp2040.c.obj
 .text.dcd_rp2040_irq
                0x10007250       0xc0 CMakeFiles/LogicAnalyzer.dir/F_/PicoSDK/Pico/pico-sdk/lib/tinyusb/src/portable/raspberrypi/rp2040/dcd_rp2040.c.obj
 .text.hw_endpoint_xfer
                0x10007310       0x14 CMakeFiles/LogicAnalyzer.dir/F_/PicoSDK/Pico/pico-sdk/lib/tinyusb/src/portable/raspberrypi/rp2040/dcd_rp2040.c.obj
 .text.dcd_int_enable
                0x10007324       0x2c CMakeFiles/LogicAnalyzer.dir/F_/PicoSDK/Pico/pico-sdk/lib/tinyusb/src/portable/raspberrypi/rp2040/dcd_rp2040.c.obj
                0x10007324                dcd_int_enable
 .text.dcd_set_address
                0x10007350       0x2c CMakeFiles/LogicAnalyzer.dir/F_/PicoSDK/Pico/pico-sdk/lib/tinyusb/src/portable/raspberrypi/rp2040/dcd_rp2040.c.obj
                0x10007350                dcd_set_address
 .text.dcd_connect
                0x1000737c       0x10 CMakeFiles/LogicAnalyzer.dir/F_/PicoSDK/Pico/pico-sdk/lib/tinyusb/src/portable/raspberrypi/rp2040/dcd_rp2040.c.obj
                0x1000737c                dcd_connect
 .text.dcd_init
                0x1000738c       0x7c CMakeFiles/LogicAnalyzer.dir/F_/PicoSDK/Pico/pico-sdk/lib/tinyusb/src/portable/raspberrypi/rp2040/dcd_rp2040.c.obj
                0x1000738c                dcd_init
 .text.dcd_edpt0_status_complete
                0x10007408       0x1c CMakeFiles/LogicAnalyzer.dir/F_/PicoSDK/Pico/pico-sdk/lib/tinyusb/src/portable/raspberrypi/rp2040/dcd_rp2040.c.obj
                0x10007408                dcd_edpt0_status_complete
 .text.dcd_edpt_open
                0x10007424       0x40 CMakeFiles/LogicAnalyzer.dir/F_/PicoSDK/Pico/pico-sdk/lib/tinyusb/src/portable/raspberrypi/rp2040/dcd_rp2040.c.obj
                0x10007424                dcd_edpt_open
 .text.dcd_edpt_close_all
                0x10007464        0x8 CMakeFiles/LogicAnalyzer.dir/F_/PicoSDK/Pico/pico-sdk/lib/tinyusb/src/portable/raspberrypi/rp2040/dcd_rp2040.c.obj
                0x10007464                dcd_edpt_close_all
 .text.dcd_edpt_xfer
                0x1000746c       0x30 CMakeFiles/LogicAnalyzer.dir/F_/PicoSDK/Pico/pico-sdk/lib/tinyusb/src/portable/raspberrypi/rp2040/dcd_rp2040.c.obj
                0x1000746c                dcd_edpt_xfer
 .text.dcd_edpt_stall
                0x1000749c       0x2c CMakeFiles/LogicAnalyzer.dir/F_/PicoSDK/Pico/pico-sdk/lib/tinyusb/src/portable/raspberrypi/rp2040/dcd_rp2040.c.obj
                0x1000749c                dcd_edpt_stall
 .text.dcd_edpt_clear_stall
                0x100074c8       0x20 CMakeFiles/LogicAnalyzer.dir/F_/PicoSDK/Pico/pico-sdk/lib/tinyusb/src/portable/raspberrypi/rp2040/dcd_rp2040.c.obj
                0x100074c8                dcd_edpt_clear_stall
 .text.prepare_ep_buffer
                0x100074e8       0x70 CMakeFiles/LogicAnalyzer.dir/F_/PicoSDK/Pico/pico-sdk/lib/tinyusb/src/portable/raspberrypi/rp2040/rp2040_usb.c.obj
 .text.sync_ep_buffer
                0x10007558       0x7c CMakeFiles/LogicAnalyzer.dir/F_/PicoSDK/Pico/pico-sdk/lib/tinyusb/src/portable/raspberrypi/rp2040/rp2040_usb.c.obj
 .text._hw_endpoint_xfer_sync
                0x100075d4       0x28 CMakeFiles/LogicAnalyzer.dir/F_/PicoSDK/Pico/pico-sdk/lib/tinyusb/src/portable/raspberrypi/rp2040/rp2040_usb.c.obj
 .text.rp2040_usb_init
                0x100075fc       0x4c CMakeFiles/LogicAnalyzer.dir/F_/PicoSDK/Pico/pico-sdk/lib/tinyusb/src/portable/raspberrypi/rp2040/rp2040_usb.c.obj
                0x100075fc                rp2040_usb_init
 .text.hw_endpoint_reset_transfer
                0x10007648        0xc CMakeFiles/LogicAnalyzer.dir/F_/PicoSDK/Pico/pico-sdk/lib/tinyusb/src/portable/raspberrypi/rp2040/rp2040_usb.c.obj
                0x10007648                hw_endpoint_reset_transfer
 .text._hw_endpoint_buffer_control_update32
                0x10007654       0x58 CMakeFiles/LogicAnalyzer.dir/F_/PicoSDK/Pico/pico-sdk/lib/tinyusb/src/portable/raspberrypi/rp2040/rp2040_usb.c.obj
                0x10007654                _hw_endpoint_buffer_control_update32
 .text._hw_endpoint_start_next_buffer
                0x100076ac       0x74 CMakeFiles/LogicAnalyzer.dir/F_/PicoSDK/Pico/pico-sdk/lib/tinyusb/src/portable/raspberrypi/rp2040/rp2040_usb.c.obj
 .text.hw_endpoint_xfer_start
                0x10007720       0x48 CMakeFiles/LogicAnalyzer.dir/F_/PicoSDK/Pico/pico-sdk/lib/tinyusb/src/portable/raspberrypi/rp2040/rp2040_usb.c.obj
                0x10007720                hw_endpoint_xfer_start
 .text.hw_endpoint_xfer_continue
                0x10007768       0x38 CMakeFiles/LogicAnalyzer.dir/F_/PicoSDK/Pico/pico-sdk/lib/tinyusb/src/portable/raspberrypi/rp2040/rp2040_usb.c.obj
                0x10007768                hw_endpoint_xfer_continue
 .text.configuration_reset
                0x100077a0       0x84 CMakeFiles/LogicAnalyzer.dir/F_/PicoSDK/Pico/pico-sdk/lib/tinyusb/src/device/usbd.c.obj
 .text.usbd_reset
                0x10007824        0xc CMakeFiles/LogicAnalyzer.dir/F_/PicoSDK/Pico/pico-sdk/lib/tinyusb/src/device/usbd.c.obj
 .text.invoke_class_control
                0x10007830       0x1a CMakeFiles/LogicAnalyzer.dir/F_/PicoSDK/Pico/pico-sdk/lib/tinyusb/src/device/usbd.c.obj
 *fill*         0x1000784a        0x2 
 .text.process_set_config
                0x1000784c      0x1b0 CMakeFiles/LogicAnalyzer.dir/F_/PicoSDK/Pico/pico-sdk/lib/tinyusb/src/device/usbd.c.obj
 .text.process_get_descriptor
                0x100079fc       0xec CMakeFiles/LogicAnalyzer.dir/F_/PicoSDK/Pico/pico-sdk/lib/tinyusb/src/device/usbd.c.obj
 .text.tud_mounted
                0x10007ae8       0x10 CMakeFiles/LogicAnalyzer.dir/F_/PicoSDK/Pico/pico-sdk/lib/tinyusb/src/device/usbd.c.obj
                0x10007ae8                tud_mounted
 .text.tud_suspended
                0x10007af8       0x10 CMakeFiles/LogicAnalyzer.dir/F_/PicoSDK/Pico/pico-sdk/lib/tinyusb/src/device/usbd.c.obj
                0x10007af8                tud_suspended
 .text.tud_inited
                0x10007b08        0xc CMakeFiles/LogicAnalyzer.dir/F_/PicoSDK/Pico/pico-sdk/lib/tinyusb/src/device/usbd.c.obj
                0x10007b08                tud_inited
 .text.tud_init
                0x10007b14       0xcc CMakeFiles/LogicAnalyzer.dir/F_/PicoSDK/Pico/pico-sdk/lib/tinyusb/src/device/usbd.c.obj
                0x10007b14                tud_init
 .text.dcd_event_handler
                0x10007be0      0x1e0 CMakeFiles/LogicAnalyzer.dir/F_/PicoSDK/Pico/pico-sdk/lib/tinyusb/src/device/usbd.c.obj
                0x10007be0                dcd_event_handler
 .text.dcd_event_bus_signal
                0x10007dc0       0x26 CMakeFiles/LogicAnalyzer.dir/F_/PicoSDK/Pico/pico-sdk/lib/tinyusb/src/device/usbd.c.obj
                0x10007dc0                dcd_event_bus_signal
 .text.dcd_event_bus_reset
                0x10007de6       0x2a CMakeFiles/LogicAnalyzer.dir/F_/PicoSDK/Pico/pico-sdk/lib/tinyusb/src/device/usbd.c.obj
                0x10007de6                dcd_event_bus_reset
 .text.dcd_event_setup_received
                0x10007e10       0x34 CMakeFiles/LogicAnalyzer.dir/F_/PicoSDK/Pico/pico-sdk/lib/tinyusb/src/device/usbd.c.obj
                0x10007e10                dcd_event_setup_received
 .text.dcd_event_xfer_complete
                0x10007e44       0x44 CMakeFiles/LogicAnalyzer.dir/F_/PicoSDK/Pico/pico-sdk/lib/tinyusb/src/device/usbd.c.obj
                0x10007e44                dcd_event_xfer_complete
 .text.usbd_edpt_open
                0x10007e88       0x58 CMakeFiles/LogicAnalyzer.dir/F_/PicoSDK/Pico/pico-sdk/lib/tinyusb/src/device/usbd.c.obj
                0x10007e88                usbd_edpt_open
 .text.usbd_open_edpt_pair
                0x10007ee0       0x8c CMakeFiles/LogicAnalyzer.dir/F_/PicoSDK/Pico/pico-sdk/lib/tinyusb/src/device/usbd.c.obj
                0x10007ee0                usbd_open_edpt_pair
 .text.usbd_edpt_claim
                0x10007f6c       0x8c CMakeFiles/LogicAnalyzer.dir/F_/PicoSDK/Pico/pico-sdk/lib/tinyusb/src/device/usbd.c.obj
                0x10007f6c                usbd_edpt_claim
 .text.usbd_edpt_release
                0x10007ff8       0x68 CMakeFiles/LogicAnalyzer.dir/F_/PicoSDK/Pico/pico-sdk/lib/tinyusb/src/device/usbd.c.obj
                0x10007ff8                usbd_edpt_release
 .text.usbd_edpt_xfer
                0x10008060       0x80 CMakeFiles/LogicAnalyzer.dir/F_/PicoSDK/Pico/pico-sdk/lib/tinyusb/src/device/usbd.c.obj
                0x10008060                usbd_edpt_xfer
 .text.usbd_edpt_stall
                0x100080e0       0x40 CMakeFiles/LogicAnalyzer.dir/F_/PicoSDK/Pico/pico-sdk/lib/tinyusb/src/device/usbd.c.obj
                0x100080e0                usbd_edpt_stall
 .text.usbd_edpt_clear_stall
                0x10008120       0x40 CMakeFiles/LogicAnalyzer.dir/F_/PicoSDK/Pico/pico-sdk/lib/tinyusb/src/device/usbd.c.obj
                0x10008120                usbd_edpt_clear_stall
 .text.usbd_edpt_stalled
                0x10008160       0x1c CMakeFiles/LogicAnalyzer.dir/F_/PicoSDK/Pico/pico-sdk/lib/tinyusb/src/device/usbd.c.obj
                0x10008160                usbd_edpt_stalled
 .text.process_control_request
                0x1000817c      0x3b8 CMakeFiles/LogicAnalyzer.dir/F_/PicoSDK/Pico/pico-sdk/lib/tinyusb/src/device/usbd.c.obj
 .text.tud_task
                0x10008534      0x218 CMakeFiles/LogicAnalyzer.dir/F_/PicoSDK/Pico/pico-sdk/lib/tinyusb/src/device/usbd.c.obj
                0x10008534                tud_task
 .text._data_stage_xact
                0x1000874c       0x58 CMakeFiles/LogicAnalyzer.dir/F_/PicoSDK/Pico/pico-sdk/lib/tinyusb/src/device/usbd_control.c.obj
 .text.tud_control_status
                0x100087a4       0x38 CMakeFiles/LogicAnalyzer.dir/F_/PicoSDK/Pico/pico-sdk/lib/tinyusb/src/device/usbd_control.c.obj
                0x100087a4                tud_control_status
 .text.tud_control_xfer
                0x100087dc       0xa8 CMakeFiles/LogicAnalyzer.dir/F_/PicoSDK/Pico/pico-sdk/lib/tinyusb/src/device/usbd_control.c.obj
                0x100087dc                tud_control_xfer
 .text.usbd_control_reset
                0x10008884       0x14 CMakeFiles/LogicAnalyzer.dir/F_/PicoSDK/Pico/pico-sdk/lib/tinyusb/src/device/usbd_control.c.obj
                0x10008884                usbd_control_reset
 .text.usbd_control_set_complete_callback
                0x10008898        0xc CMakeFiles/LogicAnalyzer.dir/F_/PicoSDK/Pico/pico-sdk/lib/tinyusb/src/device/usbd_control.c.obj
                0x10008898                usbd_control_set_complete_callback
 .text.usbd_control_set_request
                0x100088a4       0x1c CMakeFiles/LogicAnalyzer.dir/F_/PicoSDK/Pico/pico-sdk/lib/tinyusb/src/device/usbd_control.c.obj
                0x100088a4                usbd_control_set_request
 .text.usbd_control_xfer_cb
                0x100088c0       0xfc CMakeFiles/LogicAnalyzer.dir/F_/PicoSDK/Pico/pico-sdk/lib/tinyusb/src/device/usbd_control.c.obj
                0x100088c0                usbd_control_xfer_cb
 .text._prep_out_transaction
                0x100089bc       0x46 CMakeFiles/LogicAnalyzer.dir/F_/PicoSDK/Pico/pico-sdk/lib/tinyusb/src/class/cdc/cdc_device.c.obj
 *fill*         0x10008a02        0x2 
 .text.tud_cdc_n_connected
                0x10008a04       0x44 CMakeFiles/LogicAnalyzer.dir/F_/PicoSDK/Pico/pico-sdk/lib/tinyusb/src/class/cdc/cdc_device.c.obj
                0x10008a04                tud_cdc_n_connected
 .text.tud_cdc_n_available
                0x10008a48       0x18 CMakeFiles/LogicAnalyzer.dir/F_/PicoSDK/Pico/pico-sdk/lib/tinyusb/src/class/cdc/cdc_device.c.obj
                0x10008a48                tud_cdc_n_available
 .text.tud_cdc_n_read
                0x10008a60       0x28 CMakeFiles/LogicAnalyzer.dir/F_/PicoSDK/Pico/pico-sdk/lib/tinyusb/src/class/cdc/cdc_device.c.obj
                0x10008a60                tud_cdc_n_read
 .text.tud_cdc_n_write_flush
                0x10008a88       0xcc CMakeFiles/LogicAnalyzer.dir/F_/PicoSDK/Pico/pico-sdk/lib/tinyusb/src/class/cdc/cdc_device.c.obj
                0x10008a88                tud_cdc_n_write_flush
 .text.tud_cdc_n_write
                0x10008b54       0x38 CMakeFiles/LogicAnalyzer.dir/F_/PicoSDK/Pico/pico-sdk/lib/tinyusb/src/class/cdc/cdc_device.c.obj
                0x10008b54                tud_cdc_n_write
 .text.tud_cdc_n_write_available
                0x10008b8c       0x1c CMakeFiles/LogicAnalyzer.dir/F_/PicoSDK/Pico/pico-sdk/lib/tinyusb/src/class/cdc/cdc_device.c.obj
                0x10008b8c                tud_cdc_n_write_available
 .text.cdcd_init
                0x10008ba8       0xbc CMakeFiles/LogicAnalyzer.dir/F_/PicoSDK/Pico/pico-sdk/lib/tinyusb/src/class/cdc/cdc_device.c.obj
                0x10008ba8                cdcd_init
 .text.cdcd_reset
                0x10008c64       0x44 CMakeFiles/LogicAnalyzer.dir/F_/PicoSDK/Pico/pico-sdk/lib/tinyusb/src/class/cdc/cdc_device.c.obj
                0x10008c64                cdcd_reset
 .text.cdcd_open
                0x10008ca8       0xf8 CMakeFiles/LogicAnalyzer.dir/F_/PicoSDK/Pico/pico-sdk/lib/tinyusb/src/class/cdc/cdc_device.c.obj
                0x10008ca8                cdcd_open
 .text.cdcd_control_xfer_cb
                0x10008da0      0x134 CMakeFiles/LogicAnalyzer.dir/F_/PicoSDK/Pico/pico-sdk/lib/tinyusb/src/class/cdc/cdc_device.c.obj
                0x10008da0                cdcd_control_xfer_cb
 .text.cdcd_xfer_cb
                0x10008ed4      0x144 CMakeFiles/LogicAnalyzer.dir/F_/PicoSDK/Pico/pico-sdk/lib/tinyusb/src/class/cdc/cdc_device.c.obj
                0x10008ed4                cdcd_xfer_cb
 .text.tusb_init
                0x10009018       0x24 CMakeFiles/LogicAnalyzer.dir/F_/PicoSDK/Pico/pico-sdk/lib/tinyusb/src/tusb.c.obj
                0x10009018                tusb_init
 .text.tusb_inited
                0x1000903c        0xe CMakeFiles/LogicAnalyzer.dir/F_/PicoSDK/Pico/pico-sdk/lib/tinyusb/src/tusb.c.obj
                0x1000903c                tusb_inited
 *fill*         0x1000904a        0x2 
 .text.tu_edpt_validate
                0x1000904c       0xa8 CMakeFiles/LogicAnalyzer.dir/F_/PicoSDK/Pico/pico-sdk/lib/tinyusb/src/tusb.c.obj
                0x1000904c                tu_edpt_validate
 .text.tu_edpt_bind_driver
                0x100090f4       0x2a CMakeFiles/LogicAnalyzer.dir/F_/PicoSDK/Pico/pico-sdk/lib/tinyusb/src/tusb.c.obj
                0x100090f4                tu_edpt_bind_driver
 .text.advance_pointer
                0x1000911e       0x18 CMakeFiles/LogicAnalyzer.dir/F_/PicoSDK/Pico/pico-sdk/lib/tinyusb/src/common/tusb_fifo.c.obj
 .text.backward_pointer
                0x10009136       0x1e CMakeFiles/LogicAnalyzer.dir/F_/PicoSDK/Pico/pico-sdk/lib/tinyusb/src/common/tusb_fifo.c.obj
 .text.get_relative_pointer
                0x10009154       0x10 CMakeFiles/LogicAnalyzer.dir/F_/PicoSDK/Pico/pico-sdk/lib/tinyusb/src/common/tusb_fifo.c.obj
 .text._tu_fifo_peek
                0x10009164       0x50 CMakeFiles/LogicAnalyzer.dir/F_/PicoSDK/Pico/pico-sdk/lib/tinyusb/src/common/tusb_fifo.c.obj
 .text._ff_pull_const_addr
                0x100091b4       0x4c CMakeFiles/LogicAnalyzer.dir/F_/PicoSDK/Pico/pico-sdk/lib/tinyusb/src/common/tusb_fifo.c.obj
 .text._ff_pull_n
                0x10009200      0x10c CMakeFiles/LogicAnalyzer.dir/F_/PicoSDK/Pico/pico-sdk/lib/tinyusb/src/common/tusb_fifo.c.obj
 .text._tu_fifo_peek_n
                0x1000930c       0x5e CMakeFiles/LogicAnalyzer.dir/F_/PicoSDK/Pico/pico-sdk/lib/tinyusb/src/common/tusb_fifo.c.obj
 .text._tu_fifo_read_n
                0x1000936a       0x4e CMakeFiles/LogicAnalyzer.dir/F_/PicoSDK/Pico/pico-sdk/lib/tinyusb/src/common/tusb_fifo.c.obj
 .text._ff_push_const_addr
                0x100093b8       0x40 CMakeFiles/LogicAnalyzer.dir/F_/PicoSDK/Pico/pico-sdk/lib/tinyusb/src/common/tusb_fifo.c.obj
 .text._ff_push_n
                0x100093f8      0x108 CMakeFiles/LogicAnalyzer.dir/F_/PicoSDK/Pico/pico-sdk/lib/tinyusb/src/common/tusb_fifo.c.obj
 .text._tu_fifo_write_n
                0x10009500       0x9e CMakeFiles/LogicAnalyzer.dir/F_/PicoSDK/Pico/pico-sdk/lib/tinyusb/src/common/tusb_fifo.c.obj
 .text.tu_fifo_config
                0x1000959e       0x72 CMakeFiles/LogicAnalyzer.dir/F_/PicoSDK/Pico/pico-sdk/lib/tinyusb/src/common/tusb_fifo.c.obj
                0x1000959e                tu_fifo_config
 .text.tu_fifo_count
                0x10009610       0x26 CMakeFiles/LogicAnalyzer.dir/F_/PicoSDK/Pico/pico-sdk/lib/tinyusb/src/common/tusb_fifo.c.obj
                0x10009610                tu_fifo_count
 .text.tu_fifo_empty
                0x10009636       0x10 CMakeFiles/LogicAnalyzer.dir/F_/PicoSDK/Pico/pico-sdk/lib/tinyusb/src/common/tusb_fifo.c.obj
                0x10009636                tu_fifo_empty
 .text.tu_fifo_remaining
                0x10009646       0x20 CMakeFiles/LogicAnalyzer.dir/F_/PicoSDK/Pico/pico-sdk/lib/tinyusb/src/common/tusb_fifo.c.obj
                0x10009646                tu_fifo_remaining
 .text.tu_fifo_read
                0x10009666       0x42 CMakeFiles/LogicAnalyzer.dir/F_/PicoSDK/Pico/pico-sdk/lib/tinyusb/src/common/tusb_fifo.c.obj
                0x10009666                tu_fifo_read
 .text.tu_fifo_read_n
                0x100096a8        0xa CMakeFiles/LogicAnalyzer.dir/F_/PicoSDK/Pico/pico-sdk/lib/tinyusb/src/common/tusb_fifo.c.obj
                0x100096a8                tu_fifo_read_n
 .text.tu_fifo_write
                0x100096b2       0x6c CMakeFiles/LogicAnalyzer.dir/F_/PicoSDK/Pico/pico-sdk/lib/tinyusb/src/common/tusb_fifo.c.obj
                0x100096b2                tu_fifo_write
 .text.tu_fifo_write_n
                0x1000971e        0xa CMakeFiles/LogicAnalyzer.dir/F_/PicoSDK/Pico/pico-sdk/lib/tinyusb/src/common/tusb_fifo.c.obj
                0x1000971e                tu_fifo_write_n
 .text.tu_fifo_clear
                0x10009728       0x4c CMakeFiles/LogicAnalyzer.dir/F_/PicoSDK/Pico/pico-sdk/lib/tinyusb/src/common/tusb_fifo.c.obj
                0x10009728                tu_fifo_clear
 .text.tu_fifo_set_overwritable
                0x10009774       0x3c CMakeFiles/LogicAnalyzer.dir/F_/PicoSDK/Pico/pico-sdk/lib/tinyusb/src/common/tusb_fifo.c.obj
                0x10009774                tu_fifo_set_overwritable
 .text._retrieve_unique_id_on_boot
                0x100097b0       0x10 CMakeFiles/LogicAnalyzer.dir/F_/PicoSDK/Pico/pico-sdk/src/rp2_common/pico_unique_id/unique_id.c.obj
 .text.pico_get_unique_board_id
                0x100097c0       0x10 CMakeFiles/LogicAnalyzer.dir/F_/PicoSDK/Pico/pico-sdk/src/rp2_common/pico_unique_id/unique_id.c.obj
                0x100097c0                pico_get_unique_board_id
 .text.pico_get_unique_board_id_string
                0x100097d0       0x60 CMakeFiles/LogicAnalyzer.dir/F_/PicoSDK/Pico/pico-sdk/src/rp2_common/pico_unique_id/unique_id.c.obj
                0x100097d0                pico_get_unique_board_id_string
 .text.flash_get_unique_id
                0x10009830       0x46 CMakeFiles/LogicAnalyzer.dir/F_/PicoSDK/Pico/pico-sdk/src/rp2_common/hardware_flash/flash.c.obj
                0x10009830                flash_get_unique_id
 *fill*         0x10009876        0x2 
 .text.dma_channel_unclaim
                0x10009878       0x10 CMakeFiles/LogicAnalyzer.dir/F_/PicoSDK/Pico/pico-sdk/src/rp2_common/hardware_dma/dma.c.obj
                0x10009878                dma_channel_unclaim
 .text.dma_claim_unused_channel
                0x10009888       0x20 CMakeFiles/LogicAnalyzer.dir/F_/PicoSDK/Pico/pico-sdk/src/rp2_common/hardware_dma/dma.c.obj
                0x10009888                dma_claim_unused_channel
 .text._pio_can_add_program_at_offset
                0x100098a8       0x3c CMakeFiles/LogicAnalyzer.dir/F_/PicoSDK/Pico/pico-sdk/src/rp2_common/hardware_pio/pio.c.obj
 .text._pio_find_offset_for_program
                0x100098e4       0x7c CMakeFiles/LogicAnalyzer.dir/F_/PicoSDK/Pico/pico-sdk/src/rp2_common/hardware_pio/pio.c.obj
 .text._pio_add_program_at_offset
                0x10009960       0x78 CMakeFiles/LogicAnalyzer.dir/F_/PicoSDK/Pico/pico-sdk/src/rp2_common/hardware_pio/pio.c.obj
 .text.pio_sm_unclaim
                0x100099d8       0x20 CMakeFiles/LogicAnalyzer.dir/F_/PicoSDK/Pico/pico-sdk/src/rp2_common/hardware_pio/pio.c.obj
                0x100099d8                pio_sm_unclaim
 .text.pio_claim_unused_sm
                0x100099f8       0x3c CMakeFiles/LogicAnalyzer.dir/F_/PicoSDK/Pico/pico-sdk/src/rp2_common/hardware_pio/pio.c.obj
                0x100099f8                pio_claim_unused_sm
 .text.pio_can_add_program
                0x10009a34       0x26 CMakeFiles/LogicAnalyzer.dir/F_/PicoSDK/Pico/pico-sdk/src/rp2_common/hardware_pio/pio.c.obj
                0x10009a34                pio_can_add_program
 *fill*         0x10009a5a        0x2 
 .text.pio_add_program
                0x10009a5c       0x38 CMakeFiles/LogicAnalyzer.dir/F_/PicoSDK/Pico/pico-sdk/src/rp2_common/hardware_pio/pio.c.obj
                0x10009a5c                pio_add_program
 .text.pio_remove_program
                0x10009a94       0x58 CMakeFiles/LogicAnalyzer.dir/F_/PicoSDK/Pico/pico-sdk/src/rp2_common/hardware_pio/pio.c.obj
                0x10009a94                pio_remove_program
 .text.pio_clear_instruction_memory
                0x10009aec       0x3c CMakeFiles/LogicAnalyzer.dir/F_/PicoSDK/Pico/pico-sdk/src/rp2_common/hardware_pio/pio.c.obj
                0x10009aec                pio_clear_instruction_memory
 .text.pio_sm_set_pins
                0x10009b28       0x74 CMakeFiles/LogicAnalyzer.dir/F_/PicoSDK/Pico/pico-sdk/src/rp2_common/hardware_pio/pio.c.obj
                0x10009b28                pio_sm_set_pins
 .text.pio_sm_set_pindirs_with_mask
                0x10009b9c       0x70 CMakeFiles/LogicAnalyzer.dir/F_/PicoSDK/Pico/pico-sdk/src/rp2_common/hardware_pio/pio.c.obj
                0x10009b9c                pio_sm_set_pindirs_with_mask
 .text.pio_sm_set_consecutive_pindirs
                0x10009c0c       0x70 CMakeFiles/LogicAnalyzer.dir/F_/PicoSDK/Pico/pico-sdk/src/rp2_common/hardware_pio/pio.c.obj
                0x10009c0c                pio_sm_set_consecutive_pindirs
 .text.pio_sm_init
                0x10009c7c       0xe4 CMakeFiles/LogicAnalyzer.dir/F_/PicoSDK/Pico/pico-sdk/src/rp2_common/hardware_pio/pio.c.obj
                0x10009c7c                pio_sm_init
 .text.core1_trampoline
                0x10009d60        0x2 CMakeFiles/LogicAnalyzer.dir/F_/PicoSDK/Pico/pico-sdk/src/rp2_common/pico_multicore/multicore.c.obj
 .text.core1_wrapper
                0x10009d62        0xc CMakeFiles/LogicAnalyzer.dir/F_/PicoSDK/Pico/pico-sdk/src/rp2_common/pico_multicore/multicore.c.obj
                0x10009d62                core1_wrapper
 *fill*         0x10009d6e        0x2 
 .text.check_lockout_mutex_init
                0x10009d70       0x24 CMakeFiles/LogicAnalyzer.dir/F_/PicoSDK/Pico/pico-sdk/src/rp2_common/pico_multicore/multicore.c.obj
 .text.multicore_fifo_push_blocking
                0x10009d94       0x14 CMakeFiles/LogicAnalyzer.dir/F_/PicoSDK/Pico/pico-sdk/src/rp2_common/pico_multicore/multicore.c.obj
                0x10009d94                multicore_fifo_push_blocking
 .text.multicore_fifo_push_timeout_us
                0x10009da8       0x9c CMakeFiles/LogicAnalyzer.dir/F_/PicoSDK/Pico/pico-sdk/src/rp2_common/pico_multicore/multicore.c.obj
                0x10009da8                multicore_fifo_push_timeout_us
 .text.multicore_fifo_pop_blocking
                0x10009e44       0x16 CMakeFiles/LogicAnalyzer.dir/F_/PicoSDK/Pico/pico-sdk/src/rp2_common/pico_multicore/multicore.c.obj
                0x10009e44                multicore_fifo_pop_blocking
 *fill*         0x10009e5a        0x2 
 .text.multicore_fifo_pop_timeout_us
                0x10009e5c       0xa0 CMakeFiles/LogicAnalyzer.dir/F_/PicoSDK/Pico/pico-sdk/src/rp2_common/pico_multicore/multicore.c.obj
                0x10009e5c                multicore_fifo_pop_timeout_us
 .text.multicore_lockout_handshake
                0x10009efc       0xc0 CMakeFiles/LogicAnalyzer.dir/F_/PicoSDK/Pico/pico-sdk/src/rp2_common/pico_multicore/multicore.c.obj
 .text.multicore_lockout_start_block_until
                0x10009fbc       0x60 CMakeFiles/LogicAnalyzer.dir/F_/PicoSDK/Pico/pico-sdk/src/rp2_common/pico_multicore/multicore.c.obj
 .text.multicore_lockout_end_block_until
                0x1000a01c       0x78 CMakeFiles/LogicAnalyzer.dir/F_/PicoSDK/Pico/pico-sdk/src/rp2_common/pico_multicore/multicore.c.obj
 .text.multicore_launch_core1_raw
                0x1000a094       0x6e CMakeFiles/LogicAnalyzer.dir/F_/PicoSDK/Pico/pico-sdk/src/rp2_common/pico_multicore/multicore.c.obj
                0x1000a094                multicore_launch_core1_raw
 *fill*         0x1000a102        0x2 
 .text.multicore_launch_core1_with_stack
                0x1000a104       0x50 CMakeFiles/LogicAnalyzer.dir/F_/PicoSDK/Pico/pico-sdk/src/rp2_common/pico_multicore/multicore.c.obj
                0x1000a104                multicore_launch_core1_with_stack
 .text.multicore_launch_core1
                0x1000a154       0x24 CMakeFiles/LogicAnalyzer.dir/F_/PicoSDK/Pico/pico-sdk/src/rp2_common/pico_multicore/multicore.c.obj
                0x1000a154                multicore_launch_core1
 .text.multicore_lockout_victim_init
                0x1000a178       0x24 CMakeFiles/LogicAnalyzer.dir/F_/PicoSDK/Pico/pico-sdk/src/rp2_common/pico_multicore/multicore.c.obj
                0x1000a178                multicore_lockout_victim_init
 .text.multicore_lockout_start_timeout_us
                0x1000a19c       0x58 CMakeFiles/LogicAnalyzer.dir/F_/PicoSDK/Pico/pico-sdk/src/rp2_common/pico_multicore/multicore.c.obj
                0x1000a19c                multicore_lockout_start_timeout_us
 .text.multicore_lockout_end_timeout_us
                0x1000a1f4       0x58 CMakeFiles/LogicAnalyzer.dir/F_/PicoSDK/Pico/pico-sdk/src/rp2_common/pico_multicore/multicore.c.obj
                0x1000a1f4                multicore_lockout_end_timeout_us
 .text.status_name
                0x1000a24c       0x54 CMakeFiles/LogicAnalyzer.dir/F_/PicoSDK/Pico/pico-sdk/src/rp2_common/pico_cyw43_arch/cyw43_arch.c.obj
 .text.cyw43_arch_wifi_connect_async
                0x1000a2a0       0x48 CMakeFiles/LogicAnalyzer.dir/F_/PicoSDK/Pico/pico-sdk/src/rp2_common/pico_cyw43_arch/cyw43_arch.c.obj
                0x1000a2a0                cyw43_arch_wifi_connect_async
 .text.cyw43_arch_wifi_connect_until
                0x1000a2e8       0x90 CMakeFiles/LogicAnalyzer.dir/F_/PicoSDK/Pico/pico-sdk/src/rp2_common/pico_cyw43_arch/cyw43_arch.c.obj
                0x1000a2e8                cyw43_arch_wifi_connect_until
 .text.cyw43_arch_wifi_connect_timeout_ms
                0x1000a378       0x88 CMakeFiles/LogicAnalyzer.dir/F_/PicoSDK/Pico/pico-sdk/src/rp2_common/pico_cyw43_arch/cyw43_arch.c.obj
                0x1000a378                cyw43_arch_wifi_connect_timeout_ms
 .text.storage_read_blocks
                0x1000a400        0x6 CMakeFiles/LogicAnalyzer.dir/F_/PicoSDK/Pico/pico-sdk/src/rp2_common/pico_cyw43_arch/cyw43_arch.c.obj
                0x1000a400                storage_read_blocks
 *fill*         0x1000a406        0x2 
 .text.cyw43_hal_generate_laa_mac
                0x1000a408       0x34 CMakeFiles/LogicAnalyzer.dir/F_/PicoSDK/Pico/pico-sdk/src/rp2_common/pico_cyw43_arch/cyw43_arch.c.obj
                0x1000a408                cyw43_hal_generate_laa_mac
 .text.cyw43_hal_get_mac
                0x1000a43c       0x1c CMakeFiles/LogicAnalyzer.dir/F_/PicoSDK/Pico/pico-sdk/src/rp2_common/pico_cyw43_arch/cyw43_arch.c.obj
                0x1000a43c                cyw43_hal_get_mac
 .text.cyw43_arch_get_country_code
                0x1000a458        0xc CMakeFiles/LogicAnalyzer.dir/F_/PicoSDK/Pico/pico-sdk/src/rp2_common/pico_cyw43_arch/cyw43_arch.c.obj
                0x1000a458                cyw43_arch_get_country_code
 .text.cyw43_arch_enable_sta_mode
                0x1000a464       0x40 CMakeFiles/LogicAnalyzer.dir/F_/PicoSDK/Pico/pico-sdk/src/rp2_common/pico_cyw43_arch/cyw43_arch.c.obj
                0x1000a464                cyw43_arch_enable_sta_mode
 .text.cyw43_arch_gpio_put
                0x1000a4a4       0x14 CMakeFiles/LogicAnalyzer.dir/F_/PicoSDK/Pico/pico-sdk/src/rp2_common/pico_cyw43_arch/cyw43_arch.c.obj
                0x1000a4a4                cyw43_arch_gpio_put
 .text.cyw43_post_poll_hook
                0x1000a4b8        0xe CMakeFiles/LogicAnalyzer.dir/F_/PicoSDK/Pico/pico-sdk/src/rp2_common/pico_cyw43_arch/cyw43_arch_poll.c.obj
                0x1000a4b8                cyw43_post_poll_hook
 *fill*         0x1000a4c6        0x2 
 .text.cyw43_arch_init
                0x1000a4c8       0x58 CMakeFiles/LogicAnalyzer.dir/F_/PicoSDK/Pico/pico-sdk/src/rp2_common/pico_cyw43_arch/cyw43_arch_poll.c.obj
                0x1000a4c8                cyw43_arch_init
 .text.cyw43_schedule_internal_poll_dispatch
                0x1000a520        0xc CMakeFiles/LogicAnalyzer.dir/F_/PicoSDK/Pico/pico-sdk/src/rp2_common/pico_cyw43_arch/cyw43_arch_poll.c.obj
                0x1000a520                cyw43_schedule_internal_poll_dispatch
 .text.gpio_irq_handler
                0x1000a52c       0x58 CMakeFiles/LogicAnalyzer.dir/F_/PicoSDK/Pico/pico-sdk/src/rp2_common/pico_cyw43_arch/cyw43_arch_poll.c.obj
 .text.cyw43_arch_poll
                0x1000a584       0x88 CMakeFiles/LogicAnalyzer.dir/F_/PicoSDK/Pico/pico-sdk/src/rp2_common/pico_cyw43_arch/cyw43_arch_poll.c.obj
                0x1000a584                cyw43_arch_poll
 .text.cyw43_thread_check
                0x1000a60c       0x28 CMakeFiles/LogicAnalyzer.dir/F_/PicoSDK/Pico/pico-sdk/src/rp2_common/pico_cyw43_arch/cyw43_arch_poll.c.obj
                0x1000a60c                cyw43_thread_check
 .text.cs_set   0x1000a634       0x1c CMakeFiles/LogicAnalyzer.dir/F_/PicoSDK/Pico/pico-sdk/src/rp2_common/cyw43_driver/cyw43_bus_pio_spi.c.obj
 .text.start_spi_comms
                0x1000a650       0x18 CMakeFiles/LogicAnalyzer.dir/F_/PicoSDK/Pico/pico-sdk/src/rp2_common/cyw43_driver/cyw43_bus_pio_spi.c.obj
 .text.ns_delay
                0x1000a668       0x20 CMakeFiles/LogicAnalyzer.dir/F_/PicoSDK/Pico/pico-sdk/src/rp2_common/cyw43_driver/cyw43_bus_pio_spi.c.obj
 .text.stop_spi_comms
                0x1000a688       0x10 CMakeFiles/LogicAnalyzer.dir/F_/PicoSDK/Pico/pico-sdk/src/rp2_common/cyw43_driver/cyw43_bus_pio_spi.c.obj
 .text.cyw43_spi_deinit
                0x1000a698       0x64 CMakeFiles/LogicAnalyzer.dir/F_/PicoSDK/Pico/pico-sdk/src/rp2_common/cyw43_driver/cyw43_bus_pio_spi.c.obj
                0x1000a698                cyw43_spi_deinit
 .text.cyw43_spi_init
                0x1000a6fc      0x28c CMakeFiles/LogicAnalyzer.dir/F_/PicoSDK/Pico/pico-sdk/src/rp2_common/cyw43_driver/cyw43_bus_pio_spi.c.obj
                0x1000a6fc                cyw43_spi_init
 .text.cyw43_spi_transfer
                0x1000a988      0x660 CMakeFiles/LogicAnalyzer.dir/F_/PicoSDK/Pico/pico-sdk/src/rp2_common/cyw43_driver/cyw43_bus_pio_spi.c.obj
                0x1000a988                cyw43_spi_transfer
 .text.cyw43_spi_gpio_setup
                0x1000afe8       0x3a CMakeFiles/LogicAnalyzer.dir/F_/PicoSDK/Pico/pico-sdk/src/rp2_common/cyw43_driver/cyw43_bus_pio_spi.c.obj
                0x1000afe8                cyw43_spi_gpio_setup
 .text.cyw43_spi_reset
                0x1000b022       0x28 CMakeFiles/LogicAnalyzer.dir/F_/PicoSDK/Pico/pico-sdk/src/rp2_common/cyw43_driver/cyw43_bus_pio_spi.c.obj
                0x1000b022                cyw43_spi_reset
 *fill*         0x1000b04a        0x2 
 .text.read_reg_u32_swap
                0x1000b04c       0x68 CMakeFiles/LogicAnalyzer.dir/F_/PicoSDK/Pico/pico-sdk/src/rp2_common/cyw43_driver/cyw43_bus_pio_spi.c.obj
                0x1000b04c                read_reg_u32_swap
 .text.cyw43_read_reg_u32
                0x1000b0b4       0x50 CMakeFiles/LogicAnalyzer.dir/F_/PicoSDK/Pico/pico-sdk/src/rp2_common/cyw43_driver/cyw43_bus_pio_spi.c.obj
                0x1000b0b4                cyw43_read_reg_u32
 .text.cyw43_read_reg_u16
                0x1000b104       0x50 CMakeFiles/LogicAnalyzer.dir/F_/PicoSDK/Pico/pico-sdk/src/rp2_common/cyw43_driver/cyw43_bus_pio_spi.c.obj
                0x1000b104                cyw43_read_reg_u16
 .text.cyw43_read_reg_u8
                0x1000b154       0x50 CMakeFiles/LogicAnalyzer.dir/F_/PicoSDK/Pico/pico-sdk/src/rp2_common/cyw43_driver/cyw43_bus_pio_spi.c.obj
                0x1000b154                cyw43_read_reg_u8
 .text.write_reg_u32_swap
                0x1000b1a4       0x34 CMakeFiles/LogicAnalyzer.dir/F_/PicoSDK/Pico/pico-sdk/src/rp2_common/cyw43_driver/cyw43_bus_pio_spi.c.obj
                0x1000b1a4                write_reg_u32_swap
 .text.cyw43_write_reg_u32
                0x1000b1d8       0x58 CMakeFiles/LogicAnalyzer.dir/F_/PicoSDK/Pico/pico-sdk/src/rp2_common/cyw43_driver/cyw43_bus_pio_spi.c.obj
                0x1000b1d8                cyw43_write_reg_u32
 .text.cyw43_write_reg_u16
                0x1000b230       0x58 CMakeFiles/LogicAnalyzer.dir/F_/PicoSDK/Pico/pico-sdk/src/rp2_common/cyw43_driver/cyw43_bus_pio_spi.c.obj
                0x1000b230                cyw43_write_reg_u16
 .text.cyw43_write_reg_u8
                0x1000b288       0x58 CMakeFiles/LogicAnalyzer.dir/F_/PicoSDK/Pico/pico-sdk/src/rp2_common/cyw43_driver/cyw43_bus_pio_spi.c.obj
                0x1000b288                cyw43_write_reg_u8
 .text.cyw43_read_bytes
                0x1000b2e0       0xc4 CMakeFiles/LogicAnalyzer.dir/F_/PicoSDK/Pico/pico-sdk/src/rp2_common/cyw43_driver/cyw43_bus_pio_spi.c.obj
                0x1000b2e0                cyw43_read_bytes
 .text.cyw43_write_bytes
                0x1000b3a4      0x134 CMakeFiles/LogicAnalyzer.dir/F_/PicoSDK/Pico/pico-sdk/src/rp2_common/cyw43_driver/cyw43_bus_pio_spi.c.obj
                0x1000b3a4                cyw43_write_bytes
 .text.get_core_address
                0x1000b4d8       0x1c CMakeFiles/LogicAnalyzer.dir/F_/PicoSDK/Pico/pico-sdk/lib/cyw43-driver/src/cyw43_ll.c.obj
 .text.sdpcm_process_rx_packet
                0x1000b4f4      0x180 CMakeFiles/LogicAnalyzer.dir/F_/PicoSDK/Pico/pico-sdk/lib/cyw43-driver/src/cyw43_ll.c.obj
 .text.cyw43_ll_wifi_parse_scan_result
                0x1000b674       0x9c CMakeFiles/LogicAnalyzer.dir/F_/PicoSDK/Pico/pico-sdk/lib/cyw43-driver/src/cyw43_ll.c.obj
 .text.cyw43_ll_parse_async_event
                0x1000b710       0x8e CMakeFiles/LogicAnalyzer.dir/F_/PicoSDK/Pico/pico-sdk/lib/cyw43-driver/src/cyw43_ll.c.obj
 *fill*         0x1000b79e        0x2 
 .text.cyw43_read_reg
                0x1000b7a0       0x48 CMakeFiles/LogicAnalyzer.dir/F_/PicoSDK/Pico/pico-sdk/lib/cyw43-driver/src/cyw43_ll.c.obj
 .text.cyw43_kso_set
                0x1000b7e8       0x98 CMakeFiles/LogicAnalyzer.dir/F_/PicoSDK/Pico/pico-sdk/lib/cyw43-driver/src/cyw43_ll.c.obj
 .text.cyw43_ll_bus_sleep_helper
                0x1000b880        0xe CMakeFiles/LogicAnalyzer.dir/F_/PicoSDK/Pico/pico-sdk/lib/cyw43-driver/src/cyw43_ll.c.obj
 *fill*         0x1000b88e        0x2 
 .text.cyw43_write_reg
                0x1000b890       0x4c CMakeFiles/LogicAnalyzer.dir/F_/PicoSDK/Pico/pico-sdk/lib/cyw43-driver/src/cyw43_ll.c.obj
 .text.cyw43_set_backplane_window
                0x1000b8dc       0x74 CMakeFiles/LogicAnalyzer.dir/F_/PicoSDK/Pico/pico-sdk/lib/cyw43-driver/src/cyw43_ll.c.obj
 .text.cyw43_read_backplane
                0x1000b950       0x36 CMakeFiles/LogicAnalyzer.dir/F_/PicoSDK/Pico/pico-sdk/lib/cyw43-driver/src/cyw43_ll.c.obj
 *fill*         0x1000b986        0x2 
 .text.disable_device_core
                0x1000b988       0x3c CMakeFiles/LogicAnalyzer.dir/F_/PicoSDK/Pico/pico-sdk/lib/cyw43-driver/src/cyw43_ll.c.obj
 .text.device_core_is_up
                0x1000b9c4       0x4c CMakeFiles/LogicAnalyzer.dir/F_/PicoSDK/Pico/pico-sdk/lib/cyw43-driver/src/cyw43_ll.c.obj
 .text.cyw43_write_backplane
                0x1000ba10       0x3a CMakeFiles/LogicAnalyzer.dir/F_/PicoSDK/Pico/pico-sdk/lib/cyw43-driver/src/cyw43_ll.c.obj
 .text.reset_device_core
                0x1000ba4a       0x74 CMakeFiles/LogicAnalyzer.dir/F_/PicoSDK/Pico/pico-sdk/lib/cyw43-driver/src/cyw43_ll.c.obj
 *fill*         0x1000babe        0x2 
 .text.cyw43_download_resource
                0x1000bac0      0x178 CMakeFiles/LogicAnalyzer.dir/F_/PicoSDK/Pico/pico-sdk/lib/cyw43-driver/src/cyw43_ll.c.obj
 .text.cyw43_ll_init
                0x1000bc38       0x1e CMakeFiles/LogicAnalyzer.dir/F_/PicoSDK/Pico/pico-sdk/lib/cyw43-driver/src/cyw43_ll.c.obj
                0x1000bc38                cyw43_ll_init
 .text.cyw43_ll_bus_sleep
                0x1000bc56       0x34 CMakeFiles/LogicAnalyzer.dir/F_/PicoSDK/Pico/pico-sdk/lib/cyw43-driver/src/cyw43_ll.c.obj
                0x1000bc56                cyw43_ll_bus_sleep
 *fill*         0x1000bc8a        0x2 
 .text.cyw43_ll_sdpcm_poll_device
                0x1000bc8c      0x158 CMakeFiles/LogicAnalyzer.dir/F_/PicoSDK/Pico/pico-sdk/lib/cyw43-driver/src/cyw43_ll.c.obj
 .text.cyw43_ll_process_packets
                0x1000bde4       0x58 CMakeFiles/LogicAnalyzer.dir/F_/PicoSDK/Pico/pico-sdk/lib/cyw43-driver/src/cyw43_ll.c.obj
                0x1000bde4                cyw43_ll_process_packets
 .text.cyw43_sdpcm_send_common
                0x1000be3c      0x16c CMakeFiles/LogicAnalyzer.dir/F_/PicoSDK/Pico/pico-sdk/lib/cyw43-driver/src/cyw43_ll.c.obj
 .text.cyw43_ll_send_ethernet
                0x1000bfa8       0x5e CMakeFiles/LogicAnalyzer.dir/F_/PicoSDK/Pico/pico-sdk/lib/cyw43-driver/src/cyw43_ll.c.obj
                0x1000bfa8                cyw43_ll_send_ethernet
 .text.cyw43_send_ioctl
                0x1000c006       0x56 CMakeFiles/LogicAnalyzer.dir/F_/PicoSDK/Pico/pico-sdk/lib/cyw43-driver/src/cyw43_ll.c.obj
 .text.cyw43_do_ioctl
                0x1000c05c       0xc0 CMakeFiles/LogicAnalyzer.dir/F_/PicoSDK/Pico/pico-sdk/lib/cyw43-driver/src/cyw43_ll.c.obj
 .text.cyw43_ll_ioctl
                0x1000c11c       0x1e CMakeFiles/LogicAnalyzer.dir/F_/PicoSDK/Pico/pico-sdk/lib/cyw43-driver/src/cyw43_ll.c.obj
                0x1000c11c                cyw43_ll_ioctl
 *fill*         0x1000c13a        0x2 
 .text.cyw43_clm_load
                0x1000c13c       0xdc CMakeFiles/LogicAnalyzer.dir/F_/PicoSDK/Pico/pico-sdk/lib/cyw43-driver/src/cyw43_ll.c.obj
 .text.cyw43_write_iovar_u32
                0x1000c218       0x60 CMakeFiles/LogicAnalyzer.dir/F_/PicoSDK/Pico/pico-sdk/lib/cyw43-driver/src/cyw43_ll.c.obj
 .text.cyw43_write_iovar_n
                0x1000c278       0x50 CMakeFiles/LogicAnalyzer.dir/F_/PicoSDK/Pico/pico-sdk/lib/cyw43-driver/src/cyw43_ll.c.obj
 .text.cyw43_do_ioctl_u32
                0x1000c2c8       0x2e CMakeFiles/LogicAnalyzer.dir/F_/PicoSDK/Pico/pico-sdk/lib/cyw43-driver/src/cyw43_ll.c.obj
 .text.cyw43_write_iovar_u32_u32
                0x1000c2f6       0x74 CMakeFiles/LogicAnalyzer.dir/F_/PicoSDK/Pico/pico-sdk/lib/cyw43-driver/src/cyw43_ll.c.obj
 *fill*         0x1000c36a        0x2 
 .text.cyw43_ll_wifi_on
                0x1000c36c      0x220 CMakeFiles/LogicAnalyzer.dir/F_/PicoSDK/Pico/pico-sdk/lib/cyw43-driver/src/cyw43_ll.c.obj
                0x1000c36c                cyw43_ll_wifi_on
 .text.cyw43_ll_wifi_get_mac
                0x1000c58c       0x48 CMakeFiles/LogicAnalyzer.dir/F_/PicoSDK/Pico/pico-sdk/lib/cyw43-driver/src/cyw43_ll.c.obj
                0x1000c58c                cyw43_ll_wifi_get_mac
 .text.cyw43_ll_bus_init
                0x1000c5d4      0x360 CMakeFiles/LogicAnalyzer.dir/F_/PicoSDK/Pico/pico-sdk/lib/cyw43-driver/src/cyw43_ll.c.obj
                0x1000c5d4                cyw43_ll_bus_init
 .text.cyw43_ll_wifi_pm
                0x1000c934       0xd0 CMakeFiles/LogicAnalyzer.dir/F_/PicoSDK/Pico/pico-sdk/lib/cyw43-driver/src/cyw43_ll.c.obj
                0x1000c934                cyw43_ll_wifi_pm
 .text.cyw43_ll_wifi_join
                0x1000ca04      0x25c CMakeFiles/LogicAnalyzer.dir/F_/PicoSDK/Pico/pico-sdk/lib/cyw43-driver/src/cyw43_ll.c.obj
                0x1000ca04                cyw43_ll_wifi_join
 .text.cyw43_ll_wifi_set_wpa_auth
                0x1000cc60       0x16 CMakeFiles/LogicAnalyzer.dir/F_/PicoSDK/Pico/pico-sdk/lib/cyw43-driver/src/cyw43_ll.c.obj
                0x1000cc60                cyw43_ll_wifi_set_wpa_auth
 *fill*         0x1000cc76        0x2 
 .text.cyw43_ll_wifi_rejoin
                0x1000cc78       0x20 CMakeFiles/LogicAnalyzer.dir/F_/PicoSDK/Pico/pico-sdk/lib/cyw43-driver/src/cyw43_ll.c.obj
                0x1000cc78                cyw43_ll_wifi_rejoin
 .text.cyw43_ll_wifi_ap_init
                0x1000cc98      0x1a0 CMakeFiles/LogicAnalyzer.dir/F_/PicoSDK/Pico/pico-sdk/lib/cyw43-driver/src/cyw43_ll.c.obj
                0x1000cc98                cyw43_ll_wifi_ap_init
 .text.cyw43_ll_wifi_ap_set_up
                0x1000ce38       0x1c CMakeFiles/LogicAnalyzer.dir/F_/PicoSDK/Pico/pico-sdk/lib/cyw43-driver/src/cyw43_ll.c.obj
                0x1000ce38                cyw43_ll_wifi_ap_set_up
 .text.cyw43_ll_gpio_set
                0x1000ce54       0x30 CMakeFiles/LogicAnalyzer.dir/F_/PicoSDK/Pico/pico-sdk/lib/cyw43-driver/src/cyw43_ll.c.obj
                0x1000ce54                cyw43_ll_gpio_set
 .text.cyw43_ll_has_work
                0x1000ce84       0x12 CMakeFiles/LogicAnalyzer.dir/F_/PicoSDK/Pico/pico-sdk/lib/cyw43-driver/src/cyw43_ll.c.obj
                0x1000ce84                cyw43_ll_has_work
 *fill*         0x1000ce96        0x2 
 .text.cyw43_netif_init
                0x1000ce98       0x3c CMakeFiles/LogicAnalyzer.dir/F_/PicoSDK/Pico/pico-sdk/lib/cyw43-driver/src/cyw43_lwip.c.obj
 .text.cyw43_netif_output
                0x1000ced4       0x38 CMakeFiles/LogicAnalyzer.dir/F_/PicoSDK/Pico/pico-sdk/lib/cyw43-driver/src/cyw43_lwip.c.obj
 .text.cyw43_cb_tcpip_init
                0x1000cf0c       0xc4 CMakeFiles/LogicAnalyzer.dir/F_/PicoSDK/Pico/pico-sdk/lib/cyw43-driver/src/cyw43_lwip.c.obj
                0x1000cf0c                cyw43_cb_tcpip_init
 .text.cyw43_cb_tcpip_deinit
                0x1000cfd0       0x44 CMakeFiles/LogicAnalyzer.dir/F_/PicoSDK/Pico/pico-sdk/lib/cyw43-driver/src/cyw43_lwip.c.obj
                0x1000cfd0                cyw43_cb_tcpip_deinit
 .text.cyw43_cb_process_ethernet
                0x1000d014       0x74 CMakeFiles/LogicAnalyzer.dir/F_/PicoSDK/Pico/pico-sdk/lib/cyw43-driver/src/cyw43_lwip.c.obj
                0x1000d014                cyw43_cb_process_ethernet
 .text.cyw43_cb_tcpip_set_link_up
                0x1000d088       0x16 CMakeFiles/LogicAnalyzer.dir/F_/PicoSDK/Pico/pico-sdk/lib/cyw43-driver/src/cyw43_lwip.c.obj
                0x1000d088                cyw43_cb_tcpip_set_link_up
 .text.cyw43_cb_tcpip_set_link_down
                0x1000d09e       0x16 CMakeFiles/LogicAnalyzer.dir/F_/PicoSDK/Pico/pico-sdk/lib/cyw43-driver/src/cyw43_lwip.c.obj
                0x1000d09e                cyw43_cb_tcpip_set_link_down
 .text.cyw43_tcpip_link_status
                0x1000d0b4       0x3c CMakeFiles/LogicAnalyzer.dir/F_/PicoSDK/Pico/pico-sdk/lib/cyw43-driver/src/cyw43_lwip.c.obj
                0x1000d0b4                cyw43_tcpip_link_status
 .text.cyw43_poll_func
                0x1000d0f0       0xac CMakeFiles/LogicAnalyzer.dir/F_/PicoSDK/Pico/pico-sdk/lib/cyw43-driver/src/cyw43_ctrl.c.obj
 .text.cyw43_dump_async_event
                0x1000d19c       0x8c CMakeFiles/LogicAnalyzer.dir/F_/PicoSDK/Pico/pico-sdk/lib/cyw43-driver/src/cyw43_ctrl.c.obj
 .text.cyw43_ensure_up
                0x1000d228       0xec CMakeFiles/LogicAnalyzer.dir/F_/PicoSDK/Pico/pico-sdk/lib/cyw43-driver/src/cyw43_ctrl.c.obj